2026-10-09T22:32:30.8190371Z Current runner version: '2.337.0'
2026-10-09T22:32:30.8209976Z ##[group]Runner Image Provisioner
2026-10-09T22:32:30.8210536Z Hosted Compute Agent
2026-10-09T22:32:30.8210939Z Version: 20261002.596
2026-10-09T22:32:30.8211367Z Commit: c3d12f3313a95f25162a1503be624f3b0617f8c0
2026-10-09T22:32:30.8211805Z Build Date: 2026-10-02T22:28:27Z
2026-10-09T22:32:30.8212272Z Worker ID: {a8404e34-3407-45ce-a4ae-2aa2dc95245e}
2026-10-09T22:32:30.8212713Z Region: centralus
2026-10-09T22:32:30.8213086Z Cloud: Azure
2026-10-09T22:32:30.8213459Z ##[endgroup]
2026-10-09T22:32:30.8214266Z ##[group]Operating System
2026-10-09T22:32:30.8214672Z Ubuntu
2026-10-09T22:32:30.8215050Z 24.04.5
2026-10-09T22:32:30.8215416Z LTS
2026-10-09T22:32:30.8215760Z ##[endgroup]
2026-10-09T22:32:30.8216111Z ##[group]Runner Image
2026-10-09T22:32:30.8216504Z Image: ubuntu-24.04
2026-10-09T22:32:30.8216898Z Version: 20261004.327.1
2026-10-09T22:32:30.8217969Z Included Software: https://github.com/actions/runner-images/blob/ubuntu24/20261004.327/images/ubuntu/Ubuntu2404-Readme.md
2026-10-09T22:32:30.8218934Z Image Release: https://github.com/actions/runner-images/releases/tag/ubuntu24%2F20261004.327
2026-10-09T22:32:30.8219514Z ##[endgroup]
2026-10-09T22:32:30.8220248Z ##[group]GITHUB_TOKEN Permissions
2026-10-09T22:32:30.8221502Z Contents: read
2026-10-09T22:32:30.8221919Z Metadata: read
2026-10-09T22:32:30.8222279Z ##[endgroup]
2026-10-09T22:32:30.8223737Z Secret source: Actions
2026-10-09T22:32:30.8224348Z Cache mode: write
2026-10-09T22:32:30.8224819Z Prepare workflow directory
2026-10-09T22:32:30.8449252Z Prepare all required actions
2026-10-09T22:32:30.8484467Z Getting action download info
2026-10-09T22:32:31.0657007Z Download action repository 'actions/checkout@v4' (SHA:11d5960a326750d5838078e36cf38b85af677262)
2026-10-09T22:32:31.1623738Z Download action repository 'actions/setup-node@v4' (SHA:49933ea5288caeca8642d1e84afbd3f7d6820020)
2026-10-09T22:32:31.2778989Z Download action repository 'actions/upload-artifact@v4' (SHA:ea165f8d65b6e75b540449e92b4886f43607fa02)
2026-10-09T22:32:31.5072193Z Complete job name: domain
2026-10-09T22:32:31.5580752Z ##[group]Run actions/checkout@v4
2026-10-09T22:32:31.5581192Z with:
2026-10-09T22:32:31.5581461Z   ref: 34d98387b154108b4e59ec3af922965930107eee
2026-10-09T22:32:31.5581800Z   repository: big-dimple/dachoupai
2026-10-09T22:32:31.5584061Z   token: ***
2026-10-09T22:32:31.5584301Z   ssh-strict: true
2026-10-09T22:32:31.5584542Z   ssh-user: git
2026-10-09T22:32:31.5584788Z   persist-credentials: true
2026-10-09T22:32:31.5585058Z   clean: true
2026-10-09T22:32:31.5585310Z   sparse-checkout-cone-mode: true
2026-10-09T22:32:31.5585597Z   fetch-depth: 1
2026-10-09T22:32:31.5585839Z   fetch-tags: false
2026-10-09T22:32:31.5586083Z   show-progress: true
2026-10-09T22:32:31.5586333Z   lfs: false
2026-10-09T22:32:31.5586563Z   submodules: false
2026-10-09T22:32:31.5586813Z   set-safe-directory: true
2026-10-09T22:32:31.5587090Z   allow-unsafe-pr-checkout: false
2026-10-09T22:32:31.5587608Z ##[endgroup]
2026-10-09T22:32:31.6334822Z Syncing repository: big-dimple/dachoupai
2026-10-09T22:32:31.6336882Z ##[group]Getting Git version info
2026-10-09T22:32:31.6337721Z Working directory is '/home/runner/work/dachoupai/dachoupai'
2026-10-09T22:32:31.6338744Z [command]/usr/bin/git version
2026-10-09T22:32:31.6403922Z git version 2.55.0
2026-10-09T22:32:31.6419947Z ##[endgroup]
2026-10-09T22:32:31.6433223Z Temporarily overriding HOME='/home/runner/work/_temp/f5cb9070-cd82-4719-b73b-1565cefef5fe' before making global git config changes
2026-10-09T22:32:31.6434750Z Adding repository directory to the temporary git global config as a safe directory
2026-10-09T22:32:31.6437715Z [command]/usr/bin/git config --global --add safe.directory /home/runner/work/dachoupai/dachoupai
2026-10-09T22:32:31.6492944Z Deleting the contents of '/home/runner/work/dachoupai/dachoupai'
2026-10-09T22:32:31.6499776Z ##[group]Initializing the repository
2026-10-09T22:32:31.6506701Z [command]/usr/bin/git init /home/runner/work/dachoupai/dachoupai
2026-10-09T22:32:31.6598061Z hint: Using 'master' as the name for the initial branch. This default branch name
2026-10-09T22:32:31.6599600Z hint: will change to "main" in Git 3.0. To configure the initial branch name
2026-10-09T22:32:31.6600627Z hint: to use in all of your new repositories, which will suppress this warning,
2026-10-09T22:32:31.6602100Z hint: call:
2026-10-09T22:32:31.6602594Z hint:
2026-10-09T22:32:31.6603194Z hint: 	git config --global init.defaultBranch <name>
2026-10-09T22:32:31.6603875Z hint:
2026-10-09T22:32:31.6604473Z hint: Names commonly chosen instead of 'master' are 'main', 'trunk' and
2026-10-09T22:32:31.6605455Z hint: 'development'. The just-created branch can be renamed via this command:
2026-10-09T22:32:31.6606283Z hint:
2026-10-09T22:32:31.6606777Z hint: 	git branch -m <name>
2026-10-09T22:32:31.6608108Z hint:
2026-10-09T22:32:31.6608906Z hint: Disable this message with "git config set advice.defaultBranchName false"
2026-10-09T22:32:31.6610105Z Initialized empty Git repository in /home/runner/work/dachoupai/dachoupai/.git/
2026-10-09T22:32:31.6612850Z [command]/usr/bin/git remote add origin https://github.com/big-dimple/dachoupai
2026-10-09T22:32:31.6677105Z ##[endgroup]
2026-10-09T22:32:31.6677815Z ##[group]Disabling automatic garbage collection
2026-10-09T22:32:31.6681599Z [command]/usr/bin/git config --local gc.auto 0
2026-10-09T22:32:31.6725826Z ##[endgroup]
2026-10-09T22:32:31.6726293Z ##[group]Setting up auth
2026-10-09T22:32:31.6733717Z [command]/usr/bin/git config --local --name-only --get-regexp core\.sshCommand
2026-10-09T22:32:31.6772199Z [command]/usr/bin/git submodule foreach --recursive sh -c "git config --local --name-only --get-regexp 'core\.sshCommand' && git config --local --unset-all 'core.sshCommand' || :"
2026-10-09T22:32:31.7118807Z [command]/usr/bin/git config --local --name-only --get-regexp http\.https\:\/\/github\.com\/\.extraheader
2026-10-09T22:32:31.7149449Z [command]/usr/bin/git submodule foreach --recursive sh -c "git config --local --name-only --get-regexp 'http\.https\:\/\/github\.com\/\.extraheader' && git config --local --unset-all 'http.https://github.com/.extraheader' || :"
2026-10-09T22:32:31.7344446Z [command]/usr/bin/git config --local --name-only --get-regexp ^includeIf\.gitdir:
2026-10-09T22:32:31.7379564Z [command]/usr/bin/git submodule foreach --recursive git config --local --show-origin --name-only --get-regexp remote.origin.url
2026-10-09T22:32:31.7569708Z [command]/usr/bin/git config --local http.https://github.com/.extraheader AUTHORIZATION: basic ***
2026-10-09T22:32:31.8637520Z ##[endgroup]
2026-10-09T22:32:31.8638384Z ##[group]Fetching the repository
2026-10-09T22:32:31.8642999Z [command]/usr/bin/git -c protocol.version=2 fetch --no-tags --prune --no-recurse-submodules --depth=1 origin 34d98387b154108b4e59ec3af922965930107eee
2026-10-09T22:32:42.8505587Z From https://github.com/big-dimple/dachoupai
2026-10-09T22:32:42.8506940Z  * branch            34d98387b154108b4e59ec3af922965930107eee -> FETCH_HEAD
2026-10-09T22:32:42.8509623Z ##[endgroup]
2026-10-09T22:32:42.8510871Z ##[group]Determining the checkout info
2026-10-09T22:32:42.8511918Z ##[endgroup]
2026-10-09T22:32:42.8514906Z [command]/usr/bin/git sparse-checkout disable
2026-10-09T22:32:42.8602452Z [command]/usr/bin/git config --local --unset-all extensions.worktreeConfig
2026-10-09T22:32:42.8644970Z ##[group]Checking out the ref
2026-10-09T22:32:42.8647907Z [command]/usr/bin/git checkout --progress --force 34d98387b154108b4e59ec3af922965930107eee
2026-10-09T22:32:43.7810485Z Note: switching to '34d98387b154108b4e59ec3af922965930107eee'.
2026-10-09T22:32:43.7810948Z 
2026-10-09T22:32:43.7811166Z You are in 'detached HEAD' state. You can look around, make experimental
2026-10-09T22:32:43.7811590Z changes and commit them, and you can discard any commits you make in this
2026-10-09T22:32:43.7812091Z state without impacting any branches by switching back to a branch.
2026-10-09T22:32:43.7812350Z 
2026-10-09T22:32:43.7812583Z If you want to create a new branch to retain commits you create, you may
2026-10-09T22:32:43.7813379Z do so (now or later) by using -c with the switch command. Example:
2026-10-09T22:32:43.7813617Z 
2026-10-09T22:32:43.7813728Z   git switch -c <new-branch-name>
2026-10-09T22:32:43.7813898Z 
2026-10-09T22:32:43.7814017Z Or undo this operation with:
2026-10-09T22:32:43.7814180Z 
2026-10-09T22:32:43.7814270Z   git switch -
2026-10-09T22:32:43.7814392Z 
2026-10-09T22:32:43.7814577Z Turn off this advice by setting config variable advice.detachedHead to false
2026-10-09T22:32:43.7814836Z 
2026-10-09T22:32:43.7815521Z HEAD is now at 34d9838 Record bounded missing-core choices and preserved failures separately
2026-10-09T22:32:43.7889428Z ##[endgroup]
2026-10-09T22:32:43.7942010Z [command]/usr/bin/git log -1 --format=%H
2026-10-09T22:32:43.7976414Z 34d98387b154108b4e59ec3af922965930107eee
2026-10-09T22:32:43.8274572Z ##[group]Run actions/setup-node@v4
2026-10-09T22:32:43.8274796Z with:
2026-10-09T22:32:43.8274966Z   node-version: 22
2026-10-09T22:32:43.8275123Z   cache: npm
2026-10-09T22:32:43.8275288Z   always-auth: false
2026-10-09T22:32:43.8275454Z   check-latest: false
2026-10-09T22:32:43.8277038Z   token: ***
2026-10-09T22:32:43.8277410Z ##[endgroup]
2026-10-09T22:32:43.9267455Z Found in cache @ /opt/hostedtoolcache/node/22.23.3/x64
2026-10-09T22:32:43.9271312Z (node:2081) [DEP0040] DeprecationWarning: The `punycode` module is deprecated. Please use a userland alternative instead.
2026-10-09T22:32:43.9271920Z (Use `node --trace-deprecation ...` to show where the warning was created)
2026-10-09T22:32:43.9273039Z ##[group]Environment details
2026-10-09T22:32:44.2345326Z node: v22.23.3
2026-10-09T22:32:44.2345603Z npm: 10.9.9
2026-10-09T22:32:44.2345721Z yarn: 1.22.22
2026-10-09T22:32:44.2359921Z ##[endgroup]
2026-10-09T22:32:44.2360249Z [command]/opt/hostedtoolcache/node/22.23.3/x64/bin/npm config get cache
2026-10-09T22:32:44.3220631Z /home/runner/.npm
2026-10-09T22:32:44.4924970Z Cache hit for: node-cache-Linux-x64-npm-0f079ee01ade4a5835fe99686f334c01324694e20f2d9805b8cc57300ed7c392
2026-10-09T22:32:44.4999952Z (node:2081) [DEP0169] DeprecationWarning: `url.parse()` behavior is not standardized and prone to errors that have security implications. Use the WHATWG URL API instead. CVEs are not issued for `url.parse()` vulnerabilities.
2026-10-09T22:32:45.4425650Z Received 59051628 of 59051628 (100.0%), 72.5 MBs/sec
2026-10-09T22:32:45.4426129Z Cache Size: ~56 MB (59051628 B)
2026-10-09T22:32:45.4524360Z [command]/usr/bin/tar -xf /home/runner/work/_temp/fca89032-e50d-4532-95f8-4163f14e566b/cache.tzst -P -C /home/runner/work/dachoupai/dachoupai --use-compress-program unzstd
2026-10-09T22:32:45.5395794Z Cache restored successfully
2026-10-09T22:32:45.5426653Z Cache restored from key: node-cache-Linux-x64-npm-0f079ee01ade4a5835fe99686f334c01324694e20f2d9805b8cc57300ed7c392
2026-10-09T22:32:45.5610435Z ##[group]Run npm ci
2026-10-09T22:32:45.5610664Z [36;1mnpm ci[0m
2026-10-09T22:32:45.5843699Z shell: /usr/bin/bash -e {0}
2026-10-09T22:32:45.5843955Z ##[endgroup]
2026-10-09T22:32:47.2895748Z npm warn deprecated glob@10.5.0: Old versions of glob are not supported, and contain widely publicized security vulnerabilities, which have been fixed in the current version. Please update. Support for old versions may be purchased (at exorbitant rates) by contacting i@izs.me
2026-10-09T22:32:48.2955192Z 
2026-10-09T22:32:48.2955993Z added 226 packages, and audited 227 packages in 3s
2026-10-09T22:32:48.2956326Z 
2026-10-09T22:32:48.2956671Z 53 packages are looking for funding
2026-10-09T22:32:48.2956984Z   run `npm fund` for details
2026-10-09T22:32:48.2977879Z 
2026-10-09T22:32:48.2978722Z 4 high severity vulnerabilities
2026-10-09T22:32:48.2983182Z 
2026-10-09T22:32:48.2983905Z To address issues that do not require attention, run:
2026-10-09T22:32:48.2991309Z   npm audit fix
2026-10-09T22:32:48.2991833Z 
2026-10-09T22:32:48.3002522Z To address all issues (including breaking changes), run:
2026-10-09T22:32:48.3003188Z   npm audit fix --force
2026-10-09T22:32:48.3027853Z 
2026-10-09T22:32:48.3028411Z Run `npm audit` for details.
2026-10-09T22:32:48.3572613Z ##[group]Run npm run verify:ci -- --scope=domain
2026-10-09T22:32:48.3572850Z [36;1mnpm run verify:ci -- --scope=domain[0m
2026-10-09T22:32:48.3627571Z shell: /usr/bin/bash -e {0}
2026-10-09T22:32:48.3627743Z ##[endgroup]
2026-10-09T22:32:48.4312810Z 
2026-10-09T22:32:48.4313490Z > dachoupai@0.1.0 verify:ci
2026-10-09T22:32:48.4313909Z > node scripts/verify-ci.mjs --scope=domain
2026-10-09T22:32:48.4314107Z 
2026-10-09T22:32:48.8124580Z CHECK test: /opt/hostedtoolcache/node/22.23.3/x64/bin/node /opt/hostedtoolcache/node/22.23.3/x64/lib/node_modules/npm/bin/npm-cli.js run test
2026-10-09T22:32:48.8761794Z 
2026-10-09T22:32:48.8762471Z > dachoupai@0.1.0 test
2026-10-09T22:32:48.8762799Z > vitest run
2026-10-09T22:32:48.8762919Z 
2026-10-09T22:32:49.6579214Z 
2026-10-09T22:32:49.6580644Z [1m[30m[46m RUN [49m[39m[22m [36mv4.1.11 [39m[90m/home/runner/work/dachoupai/dachoupai[39m
2026-10-09T22:32:49.6580909Z 
2026-10-09T22:32:50.9079263Z  [32m✓[39m tests/c00-transactions.test.ts [2m([22m[2m26 tests[22m[2m)[22m[33m 543[2mms[22m[39m
2026-10-09T22:32:51.4005626Z  [32m✓[39m tests/c01-score.test.ts [2m([22m[2m40 tests[22m[2m)[22m[32m 257[2mms[22m[39m
2026-10-09T22:32:51.4134982Z  [32m✓[39m tests/c01-checkpoint.test.ts [2m([22m[2m164 tests[22m[2m)[22m[33m 1076[2mms[22m[39m
2026-10-09T22:32:51.9990366Z  [32m✓[39m tests/c04-mode-save.test.ts [2m([22m[2m40 tests[22m[2m)[22m[33m 1124[2mms[22m[39m
2026-10-09T22:32:52.0501597Z  [32m✓[39m tests/c02-economy.test.ts [2m([22m[2m29 tests[22m[2m)[22m[33m 384[2mms[22m[39m
2026-10-09T22:32:52.2597096Z  [32m✓[39m tests/c01-economy.test.ts [2m([22m[2m48 tests[22m[2m)[22m[33m 584[2mms[22m[39m
2026-10-09T22:32:52.4480886Z  [32m✓[39m tests/detail-dialog.test.ts [2m([22m[2m19 tests[22m[2m)[22m[32m 67[2mms[22m[39m
2026-10-09T22:32:52.6829807Z  [32m✓[39m tests/c01-spectral.test.ts [2m([22m[2m34 tests[22m[2m)[22m[32m 281[2mms[22m[39m
2026-10-09T22:32:52.7696699Z  [32m✓[39m tests/joker-art-loading.test.ts [2m([22m[2m97 tests[22m[2m)[22m[32m 83[2mms[22m[39m
2026-10-09T22:32:52.9222363Z  [32m✓[39m tests/c04-program-rewards.test.ts [2m([22m[2m17 tests[22m[2m)[22m[33m 423[2mms[22m[39m
2026-10-09T22:32:53.3099426Z  [32m✓[39m tests/c00-score.test.ts [2m([22m[2m30 tests[22m[2m)[22m[32m 167[2mms[22m[39m
2026-10-09T22:32:53.5279544Z  [32m✓[39m tests/amo-assist.test.ts [2m([22m[2m28 tests[22m[2m)[22m[33m 479[2mms[22m[39m
2026-10-09T22:32:53.6786883Z  [32m✓[39m tests/recovery-save.test.ts [2m([22m[2m24 tests[22m[2m)[22m[33m 620[2mms[22m[39m
2026-10-09T22:32:53.6958968Z  [32m✓[39m tests/c02-score.test.ts [2m([22m[2m45 tests[22m[2m)[22m[32m 119[2mms[22m[39m
2026-10-09T22:32:53.8969211Z  [32m✓[39m tests/layout.test.ts [2m([22m[2m53 tests[22m[2m)[22m[32m 109[2mms[22m[39m
2026-10-09T22:32:54.0064487Z  [32m✓[39m tests/c03-boss-score.test.ts [2m([22m[2m38 tests[22m[2m)[22m[32m 108[2mms[22m[39m
2026-10-09T22:32:54.6102526Z  [32m✓[39m tests/c03-boss-save.test.ts [2m([22m[2m28 tests[22m[2m)[22m[33m 449[2mms[22m[39m
2026-10-09T22:32:54.7660102Z  [32m✓[39m tests/group-upgrade.test.ts [2m([22m[2m30 tests[22m[2m)[22m[33m 761[2mms[22m[39m
2026-10-09T22:32:54.7959639Z  [32m✓[39m tests/c04-program-rules.test.ts [2m([22m[2m24 tests[22m[2m)[22m[32m 19[2mms[22m[39m
2026-10-09T22:32:55.2039185Z  [32m✓[39m tests/rules.test.ts [2m([22m[2m40 tests[22m[2m)[22m[32m 223[2mms[22m[39m
2026-10-09T22:32:55.5564275Z  [32m✓[39m tests/c04-mode-config.test.ts [2m([22m[2m29 tests[22m[2m)[22m[32m 154[2mms[22m[39m
2026-10-09T22:32:55.7029345Z  [32m✓[39m tests/combo-growth.test.ts [2m([22m[2m37 tests[22m[2m)[22m[33m 666[2mms[22m[39m
2026-10-09T22:32:56.2639266Z  [32m✓[39m tests/amo-assist-jokers.test.ts [2m([22m[2m24 tests[22m[2m)[22m[33m 377[2mms[22m[39m
2026-10-09T22:32:56.5848769Z  [32m✓[39m tests/erxiang-handoff.test.ts [2m([22m[2m13 tests[22m[2m)[22m[33m 640[2mms[22m[39m
2026-10-09T22:32:56.7755892Z  [32m✓[39m tests/handdrawn-art.test.ts [2m([22m[2m16 tests[22m[2m)[22m[33m 2595[2mms[22m[39m
2026-10-09T22:32:56.7790847Z    [33m[2m✓[22m[39m 'b9' consumes the exact approved receipt and same-ID on-demand derivatives [33m 925[2mms[22m[39m
2026-10-09T22:32:56.7791758Z    [33m[2m✓[22m[39m 'b10' consumes the exact approved receipt and same-ID on-demand derivatives [33m 933[2mms[22m[39m
2026-10-09T22:32:56.7792691Z    [33m[2m✓[22m[39m 'b11' consumes the exact approved receipt and same-ID on-demand derivatives [33m 565[2mms[22m[39m
2026-10-09T22:32:56.8798750Z  [32m✓[39m tests/c02-checkpoint.test.ts [2m([22m[2m35 tests[22m[2m)[22m[33m 310[2mms[22m[39m
2026-10-09T22:32:57.0150941Z  [32m✓[39m tests/c01-catalog.test.ts [2m([22m[2m52 tests[22m[2m)[22m[32m 77[2mms[22m[39m
2026-10-09T22:32:57.4219616Z  [32m✓[39m tests/all-growth-opportunities.test.ts [2m([22m[2m17 tests[22m[2m)[22m[32m 189[2mms[22m[39m
2026-10-09T22:32:58.0791688Z  [32m✓[39m tests/touye-wager.test.ts [2m([22m[2m14 tests[22m[2m)[22m[33m 1156[2mms[22m[39m
2026-10-09T22:32:58.1189240Z  [32m✓[39m tests/c03-endless-save.test.ts [2m([22m[2m22 tests[22m[2m)[22m[33m 474[2mms[22m[39m
2026-10-09T22:32:58.3319171Z  [32m✓[39m tests/score-flame.test.ts [2m([22m[2m17 tests[22m[2m)[22m[32m 40[2mms[22m[39m
2026-10-09T22:32:58.5265059Z  [32m✓[39m tests/c01-tools.test.ts [2m([22m[2m23 tests[22m[2m)[22m[32m 173[2mms[22m[39m
2026-10-09T22:32:58.8618996Z  [32m✓[39m tests/joker-plain-copy.test.ts [2m([22m[2m15 tests[22m[2m)[22m[32m 268[2mms[22m[39m
2026-10-09T22:32:59.3545625Z  [32m✓[39m tests/v00-run.test.ts [2m([22m[2m12 tests[22m[2m)[22m[33m 603[2mms[22m[39m
2026-10-09T22:32:59.3582573Z      [33m[2m✓[22m[39m locks and publicly exposes chapter Boss/skip reward before purchases or rerolls, with no repeats [33m 383[2mms[22m[39m
2026-10-09T22:32:59.6749484Z  [32m✓[39m tests/c01-tool-info.test.ts [2m([22m[2m12 tests[22m[2m)[22m[32m 41[2mms[22m[39m
2026-10-09T22:33:00.0393702Z  [32m✓[39m tests/laohuan-refill.test.ts [2m([22m[2m11 tests[22m[2m)[22m[33m 862[2mms[22m[39m
2026-10-09T22:33:00.1714656Z  [32m✓[39m tests/detail-art.test.ts [2m([22m[2m16 tests[22m[2m)[22m[33m 333[2mms[22m[39m
2026-10-09T22:33:00.5439227Z  [32m✓[39m tests/c03-boss-run.test.ts [2m([22m[2m19 tests[22m[2m)[22m[32m 234[2mms[22m[39m
2026-10-09T22:33:00.5821425Z  [32m✓[39m tests/reward-coin.test.ts [2m([22m[2m28 tests[22m[2m)[22m[32m 146[2mms[22m[39m
2026-10-09T22:33:00.8302208Z  [32m✓[39m tests/hand-selection-input.test.ts [2m([22m[2m20 tests[22m[2m)[22m[32m 41[2mms[22m[39m
2026-10-09T22:33:00.9389229Z  [32m✓[39m tests/domain.test.ts [2m([22m[2m22 tests[22m[2m)[22m[33m 3674[2mms[22m[39m
2026-10-09T22:33:00.9398253Z      [33m[2m✓[22m[39m keeps all active card instances in exactly one zone in 1000 fixed generated cases [33m 3444[2mms[22m[39m
2026-10-09T22:33:01.2182830Z  [32m✓[39m tests/goods-art.test.ts [2m([22m[2m4 tests[22m[2m)[22m[32m 45[2mms[22m[39m
2026-10-09T22:33:01.8818931Z  [32m✓[39m tests/c04-mode-progress.test.ts [2m([22m[2m21 tests[22m[2m)[22m[33m 332[2mms[22m[39m
2026-10-09T22:33:01.9038764Z  [32m✓[39m tests/xiemu-burn.test.ts [2m([22m[2m11 tests[22m[2m)[22m[33m 740[2mms[22m[39m
2026-10-09T22:33:02.1015505Z  [32m✓[39m tests/c02-catalog.test.ts [2m([22m[2m10 tests[22m[2m)[22m[32m 18[2mms[22m[39m
2026-10-09T22:33:02.4749054Z  [32m✓[39m tests/c03-endless-run.test.ts [2m([22m[2m16 tests[22m[2m)[22m[32m 269[2mms[22m[39m
2026-10-09T22:33:02.5002036Z  [32m✓[39m tests/r2-joker-memory.test.ts [2m([22m[2m9 tests[22m[2m)[22m[32m 66[2mms[22m[39m
2026-10-09T22:33:02.6626455Z  [32m✓[39m tests/hand-selection-gesture.test.ts [2m([22m[2m33 tests[22m[2m)[22m[32m 16[2mms[22m[39m
2026-10-09T22:33:02.7889408Z  [32m✓[39m tests/c03-boss-plan.test.ts [2m([22m[2m94 tests[22m[2m)[22m[32m 60[2mms[22m[39m
2026-10-09T22:33:03.2780290Z  [32m✓[39m tests/amo-rule-version.test.ts [2m([22m[2m23 tests[22m[2m)[22m[32m 234[2mms[22m[39m
2026-10-09T22:33:03.2919104Z  [32m✓[39m tests/c04-mode-resources.test.ts [2m([22m[2m24 tests[22m[2m)[22m[32m 187[2mms[22m[39m
2026-10-09T22:33:03.5729594Z  [32m✓[39m tests/shop-layout.test.ts [2m([22m[2m14 tests[22m[2m)[22m[32m 63[2mms[22m[39m
2026-10-09T22:33:03.6533676Z  [32m✓[39m tests/c03-boss-notice.test.ts [2m([22m[2m35 tests[22m[2m)[22m[32m 16[2mms[22m[39m
2026-10-09T22:33:03.8677390Z  [32m✓[39m tests/score-recorded-audio.test.ts [2m([22m[2m12 tests[22m[2m)[22m[32m 60[2mms[22m[39m
2026-10-09T22:33:04.5543942Z  [32m✓[39m tests/r2-run.test.ts [2m([22m[2m13 tests[22m[2m)[22m[33m 423[2mms[22m[39m
2026-10-09T22:33:04.5924358Z  [32m✓[39m tests/azao-charge.test.ts [2m([22m[2m10 tests[22m[2m)[22m[33m 638[2mms[22m[39m
2026-10-09T22:33:04.9738114Z  [32m✓[39m tests/c03-boss-tools.test.ts [2m([22m[2m16 tests[22m[2m)[22m[32m 138[2mms[22m[39m
2026-10-09T22:33:05.3886179Z  [32m✓[39m tests/joker-player-copy.test.ts [2m([22m[2m8 tests[22m[2m)[22m[32m 114[2mms[22m[39m
2026-10-09T22:33:05.8314034Z  [32m✓[39m tests/c04-mode-run.test.ts [2m([22m[2m21 tests[22m[2m)[22m[32m 130[2mms[22m[39m
2026-10-09T22:33:05.9699190Z  [32m✓[39m tests/route-starter.test.ts [2m([22m[2m25 tests[22m[2m)[22m[33m 1130[2mms[22m[39m
2026-10-09T22:33:06.3859163Z  [32m✓[39m tests/r2-starting-profile.test.ts [2m([22m[2m10 tests[22m[2m)[22m[32m 174[2mms[22m[39m
2026-10-09T22:33:06.4839212Z  [32m✓[39m tests/basic-tool-choice.test.ts [2m([22m[2m14 tests[22m[2m)[22m[33m 323[2mms[22m[39m
2026-10-09T22:33:06.9049593Z  [32m✓[39m tests/joker-copy-ambiguity.test.ts [2m([22m[2m10 tests[22m[2m)[22m[32m 120[2mms[22m[39m
2026-10-09T22:33:07.1629242Z  [32m✓[39m tests/c01-enhancement-tools.test.ts [2m([22m[2m47 tests[22m[2m)[22m[33m 481[2mms[22m[39m
2026-10-09T22:33:07.4405585Z  [32m✓[39m tests/card-copy.test.ts [2m([22m[2m18 tests[22m[2m)[22m[32m 56[2mms[22m[39m
2026-10-09T22:33:07.4872141Z  [32m✓[39m tests/c02-recovery.test.ts [2m([22m[2m5 tests[22m[2m)[22m[33m 310[2mms[22m[39m
2026-10-09T22:33:07.7425818Z  [32m✓[39m tests/r2-selection-facts.test.ts [2m([22m[2m13 tests[22m[2m)[22m[32m 29[2mms[22m[39m
2026-10-09T22:33:07.8746850Z  [32m✓[39m tests/r2-hand-candidates.test.ts [2m([22m[2m26 tests[22m[2m)[22m[32m 123[2mms[22m[39m
2026-10-09T22:33:08.0863300Z  [32m✓[39m tests/joker-compact.test.ts [2m([22m[2m6 tests[22m[2m)[22m[32m 82[2mms[22m[39m
2026-10-09T22:33:08.2493888Z  [32m✓[39m tests/score-presentation.test.ts [2m([22m[2m11 tests[22m[2m)[22m[32m 13[2mms[22m[39m
2026-10-09T22:33:08.2598922Z  [32m✓[39m tests/v00-score.test.ts [2m([22m[2m15 tests[22m[2m)[22m[32m 117[2mms[22m[39m
2026-10-09T22:33:08.3816168Z  [32m✓[39m tests/c02-chain.test.ts [2m([22m[2m9 tests[22m[2m)[22m[33m 7547[2mms[22m[39m
2026-10-09T22:33:08.3817362Z      [33m[2m✓[22m[39m adds one bounded program reward to the C03 envelope while retaining the independent conservative512 guard [33m 2807[2mms[22m[39m
2026-10-09T22:33:08.3824973Z      [33m[2m✓[22m[39m refuses a tight proof for unknown-id rather than silently carrying the old classification [33m 2266[2mms[22m[39m
2026-10-09T22:33:08.3826321Z      [33m[2m✓[22m[39m refuses a tight proof for changed-card-condition rather than silently carrying the old classification [33m 2270[2mms[22m[39m
2026-10-09T22:33:08.5099343Z  [32m✓[39m tests/c03-endless-target.test.ts [2m([22m[2m63 tests[22m[2m)[22m[32m 35[2mms[22m[39m
2026-10-09T22:33:08.7859340Z  [31m❯[39m tests/shop-current-decisions.test.ts [2m([22m[2m12 tests[22m[2m | [22m[31m1 failed[39m[2m)[22m[32m 58[2mms[22m[39m
2026-10-09T22:33:08.7864574Z    [32m✓[39m strong saved group build declines weak generic half multiplier and keeps actual cash[32m 12[2mms[22m[39m
2026-10-09T22:33:08.7865541Z    [32m✓[39m missing direct component is considered ahead of a generic card[32m 3[2mms[22m[39m
2026-10-09T22:33:08.7866106Z    [32m✓[39m full protected build refuses to sacrifice saved growth for a new function[32m 3[2mms[22m[39m
2026-10-09T22:33:08.7866732Z    [32m✓[39m full build can suggest an uninvested off-route slot but exposes the exact lost source[32m 4[2mms[22m[39m
2026-10-09T22:33:08.7867482Z    [32m✓[39m insufficient money and empty actual shelf give actionable no-buy advice[32m 5[2mms[22m[39m
2026-10-09T22:33:08.7868076Z    [32m✓[39m active route switch changes actual priorities without touching the run or hidden order[32m 4[2mms[22m[39m
2026-10-09T22:33:08.7868753Z [31m   [31m×[31m selected screen starts with no-buy conclusion, not repeated rules or interest table[39m[32m 12[2mms[22m[39m
2026-10-09T22:33:08.7869392Z    [32m✓[39m route upgrades and suit conversion use real discovered types and held suit support[32m 4[2mms[22m[39m
2026-10-09T22:33:08.7869991Z    [32m✓[39m spending cannot hide the current held gold-condition loss in a positive conclusion[32m 2[2mms[22m[39m
2026-10-09T22:33:08.7870568Z    [32m✓[39m threshold protection uses actual discounted price and replacement net cash[32m 2[2mms[22m[39m
2026-10-09T22:33:08.7871133Z    [32m✓[39m route tool spending also preserves the held gold gate and names the actual loss[32m 2[2mms[22m[39m
2026-10-09T22:33:08.7871723Z    [32m✓[39m flush-only retrigger is not ordinary-straight support without a public straight flush[32m 3[2mms[22m[39m
2026-10-09T22:33:08.8106114Z  [32m✓[39m tests/hand-route-transition.test.ts [2m([22m[2m10 tests[22m[2m)[22m[32m 33[2mms[22m[39m
2026-10-09T22:33:09.3312138Z  [32m✓[39m tests/result-stage.test.ts [2m([22m[2m16 tests[22m[2m)[22m[32m 218[2mms[22m[39m
2026-10-09T22:33:09.8064373Z  [32m✓[39m tests/hero-ability-cue.test.ts [2m([22m[2m6 tests[22m[2m)[22m[33m 694[2mms[22m[39m
2026-10-09T22:33:09.8102692Z    [33m[2m✓[22m[39m six public legal inputs only advertise the current valid operation, without mutation or guesses [33m 302[2mms[22m[39m
2026-10-09T22:33:09.8420767Z  [32m✓[39m tests/public-art-privacy.test.mjs [2m([22m[2m19 tests[22m[2m)[22m[33m 352[2mms[22m[39m
2026-10-09T22:33:10.0341678Z  [32m✓[39m tests/ai-hand-candidates.test.ts [2m([22m[2m12 tests[22m[2m)[22m[33m 1035[2mms[22m[39m
2026-10-09T22:33:10.1180847Z  [32m✓[39m tests/build-info.test.ts [2m([22m[2m12 tests[22m[2m)[22m[32m 132[2mms[22m[39m
2026-10-09T22:33:10.3019455Z  [32m✓[39m tests/amo-assist-consumption-save.test.ts [2m([22m[2m12 tests[22m[2m)[22m[32m 212[2mms[22m[39m
2026-10-09T22:33:10.4732009Z  [32m✓[39m tests/r2-command.test.ts [2m([22m[2m5 tests[22m[2m)[22m[32m 205[2mms[22m[39m
2026-10-09T22:33:10.6870111Z  [32m✓[39m tests/joker-experience.test.ts [2m([22m[2m7 tests[22m[2m)[22m[32m 78[2mms[22m[39m
2026-10-09T22:33:10.7309517Z  [32m✓[39m tests/build-fallback.test.ts [2m([22m[2m9 tests[22m[2m)[22m[32m 284[2mms[22m[39m
2026-10-09T22:33:10.8609319Z  [32m✓[39m tests/group-upgrade-ui-copy.test.ts [2m([22m[2m6 tests[22m[2m)[22m[32m 135[2mms[22m[39m
2026-10-09T22:33:10.9890251Z  [32m✓[39m tests/joker-reorder.test.ts [2m([22m[2m66 tests[22m[2m)[22m[32m 59[2mms[22m[39m
2026-10-09T22:33:11.0107743Z  [32m✓[39m tests/joker-rarity.test.ts [2m([22m[2m4 tests[22m[2m)[22m[32m 10[2mms[22m[39m
2026-10-09T22:33:11.0611874Z  [32m✓[39m tests/build-journey.test.ts [2m([22m[2m10 tests[22m[2m)[22m[32m 78[2mms[22m[39m
2026-10-09T22:33:11.3318709Z  [32m✓[39m tests/hero-climax.test.ts [2m([22m[2m7 tests[22m[2m)[22m[32m 85[2mms[22m[39m
2026-10-09T22:33:11.3577468Z  [32m✓[39m tests/opening-signature.test.ts [2m([22m[2m6 tests[22m[2m)[22m[32m 38[2mms[22m[39m
2026-10-09T22:33:11.3749706Z  [32m✓[39m tests/basic-tool-supply.test.ts [2m([22m[2m7 tests[22m[2m)[22m[32m 124[2mms[22m[39m
2026-10-09T22:33:11.5484059Z  [32m✓[39m tests/c04-difficulty-target.test.ts [2m([22m[2m22 tests[22m[2m)[22m[32m 25[2mms[22m[39m
2026-10-09T22:33:11.6579296Z  [32m✓[39m tests/c01-hand-resources.test.ts [2m([22m[2m5 tests[22m[2m)[22m[32m 97[2mms[22m[39m
2026-10-09T22:33:11.8179155Z  [32m✓[39m tests/amo-assist-edition-save.test.ts [2m([22m[2m19 tests[22m[2m)[22m[32m 259[2mms[22m[39m
2026-10-09T22:33:11.8547106Z  [32m✓[39m tests/hand-route-guidance.test.ts [2m([22m[2m7 tests[22m[2m)[22m[32m 18[2mms[22m[39m
2026-10-09T22:33:11.9169325Z  [32m✓[39m tests/amo-launch.test.ts [2m([22m[2m9 tests[22m[2m)[22m[32m 107[2mms[22m[39m
2026-10-09T22:33:12.2112567Z  [32m✓[39m tests/catalog.test.ts [2m([22m[2m8 tests[22m[2m)[22m[32m 106[2mms[22m[39m
2026-10-09T22:33:12.5039288Z  [32m✓[39m tests/build-direction-preferences.test.ts [2m([22m[2m7 tests[22m[2m)[22m[32m 38[2mms[22m[39m
2026-10-09T22:33:12.5833596Z  [32m✓[39m tests/assist-profile-ui-copy.test.ts [2m([22m[2m4 tests[22m[2m)[22m[33m 302[2mms[22m[39m
2026-10-09T22:33:12.7698295Z  [32m✓[39m tests/score-energy.test.ts [2m([22m[2m8 tests[22m[2m)[22m[32m 37[2mms[22m[39m
2026-10-09T22:33:13.0456142Z  [32m✓[39m tests/c02-resources.test.ts [2m([22m[2m10 tests[22m[2m)[22m[32m 53[2mms[22m[39m
2026-10-09T22:33:13.1019283Z  [32m✓[39m tests/group-upgrade-save.test.ts [2m([22m[2m12 tests[22m[2m)[22m[32m 258[2mms[22m[39m
2026-10-09T22:33:13.2038425Z  [32m✓[39m tests/hand-action-controls.test.ts [2m([22m[2m12 tests[22m[2m)[22m[32m 16[2mms[22m[39m
2026-10-09T22:33:13.4541147Z  [32m✓[39m tests/f09-presentation.test.ts [2m([22m[2m8 tests[22m[2m)[22m[32m 43[2mms[22m[39m
2026-10-09T22:33:13.6269337Z  [32m✓[39m tests/tool-inventory-entry.test.ts [2m([22m[2m18 tests[22m[2m)[22m[33m 1485[2mms[22m[39m
2026-10-09T22:33:13.6270836Z      [33m[2m✓[22m[39m keeps inventory, history, primary controls and nine seats usable around 500 and the full-sidebar budget [33m 1456[2mms[22m[39m
2026-10-09T22:33:13.7849168Z  [32m✓[39m tests/shop-route-relations.test.ts [2m([22m[2m8 tests[22m[2m)[22m[32m 66[2mms[22m[39m
2026-10-09T22:33:13.8915645Z [90mstdout[2m | tests/ci-gates.test.mjs[2m > [22m[2mexecutable CI and read-only gates[2m > [22m[2man ordinary successful child keeps source and index unchanged
2026-10-09T22:33:13.8925557Z [22m[39mCHECK read: /opt/hostedtoolcache/node/22.23.3/x64/bin/node -e require("node:fs").readFileSync("source.txt")
2026-10-09T22:33:13.8926280Z read: PASS
2026-10-09T22:33:13.8926677Z 
2026-10-09T22:33:13.9424330Z  [32m✓[39m tests/c01-planets.test.ts [2m([22m[2m48 tests[22m[2m)[22m[33m 629[2mms[22m[39m
2026-10-09T22:33:13.9551420Z [90mstdout[2m | tests/ci-gates.test.mjs[2m > [22m[2mexecutable CI and read-only gates[2m > [22m[2ma zero-exit checker which writes source is rejected without hiding its write
2026-10-09T22:33:13.9552795Z [22m[39mCHECK write: /opt/hostedtoolcache/node/22.23.3/x64/bin/node -e require("node:fs").writeFileSync("source.txt","changed")
2026-10-09T22:33:13.9553407Z write: FAIL
2026-10-09T22:33:13.9553638Z 
2026-10-09T22:33:14.0329954Z [90mstdout[2m | tests/ci-gates.test.mjs[2m > [22m[2mexecutable CI and read-only gates[2m > [22m[2ma failing child stops the gate and cannot run a later false-success step
2026-10-09T22:33:14.0330922Z [22m[39mCHECK fail: /opt/hostedtoolcache/node/22.23.3/x64/bin/node -e process.exit(9)
2026-10-09T22:33:14.0331284Z fail: FAIL
2026-10-09T22:33:14.0331387Z 
2026-10-09T22:33:14.1064719Z [90mstdout[2m | tests/ci-gates.test.mjs[2m > [22m[2mexecutable CI and read-only gates[2m > [22m[2ma zero-exit checker which changes only the index is also rejected
2026-10-09T22:33:14.1066120Z [22m[39mCHECK index-write: /opt/hostedtoolcache/node/22.23.3/x64/bin/node -e require("node:child_process").execFileSync("git",["rm","--cached","source.txt"])
2026-10-09T22:33:14.1077752Z index-write: FAIL
2026-10-09T22:33:14.1078190Z 
2026-10-09T22:33:14.1088694Z  [32m✓[39m tests/ci-gates.test.mjs [2m([22m[2m7 tests[22m[2m)[22m[33m 350[2mms[22m[39m
2026-10-09T22:33:14.1643317Z  [32m✓[39m tests/c03-result-transition.test.ts [2m([22m[2m4 tests[22m[2m)[22m[32m 26[2mms[22m[39m
2026-10-09T22:33:14.2659617Z  [32m✓[39m tests/shop-sale-continuation.test.ts [2m([22m[2m4 tests[22m[2m)[22m[32m 41[2mms[22m[39m
2026-10-09T22:33:14.4249747Z  [32m✓[39m tests/growth-opportunity.test.ts [2m([22m[2m7 tests[22m[2m)[22m[32m 82[2mms[22m[39m
2026-10-09T22:33:14.6242676Z  [32m✓[39m tests/hero-stage-continuity.test.ts [2m([22m[2m15 tests[22m[2m)[22m[32m 135[2mms[22m[39m
2026-10-09T22:33:14.6594392Z  [32m✓[39m tests/growth-payoff.test.ts [2m([22m[2m6 tests[22m[2m)[22m[32m 272[2mms[22m[39m
2026-10-09T22:33:14.7479302Z  [32m✓[39m tests/first-chapter-guide.test.ts [2m([22m[2m9 tests[22m[2m)[22m[32m 46[2mms[22m[39m
2026-10-09T22:33:14.8965816Z  [32m✓[39m tests/shop-purchase-receipt.test.ts [2m([22m[2m6 tests[22m[2m)[22m[32m 26[2mms[22m[39m
2026-10-09T22:33:14.9699093Z  [32m✓[39m tests/hand-hint-status.test.ts [2m([22m[2m9 tests[22m[2m)[22m[32m 14[2mms[22m[39m
2026-10-09T22:33:15.0229176Z  [32m✓[39m tests/c02-preview.test.ts [2m([22m[2m9 tests[22m[2m)[22m[32m 96[2mms[22m[39m
2026-10-09T22:33:15.1214801Z  [32m✓[39m tests/c02-source-copy.test.ts [2m([22m[2m8 tests[22m[2m)[22m[32m 11[2mms[22m[39m
2026-10-09T22:33:15.2300475Z  [32m✓[39m tests/joker-growth-causality.test.ts [2m([22m[2m8 tests[22m[2m)[22m[32m 21[2mms[22m[39m
2026-10-09T22:33:15.3301249Z  [32m✓[39m tests/v00-consumables.test.ts [2m([22m[2m9 tests[22m[2m)[22m[32m 91[2mms[22m[39m
2026-10-09T22:33:15.4084501Z  [32m✓[39m tests/deck-inspector.test.ts [2m([22m[2m5 tests[22m[2m)[22m[32m 6[2mms[22m[39m
2026-10-09T22:33:15.6278481Z  [32m✓[39m tests/v00-save.test.ts [2m([22m[2m5 tests[22m[2m)[22m[32m 101[2mms[22m[39m
2026-10-09T22:33:15.6462186Z  [32m✓[39m tests/stageNotice.test.ts [2m([22m[2m11 tests[22m[2m)[22m[32m 8[2mms[22m[39m
2026-10-09T22:33:15.8019220Z  [32m✓[39m tests/shop-result-feedback.test.ts [2m([22m[2m6 tests[22m[2m)[22m[32m 11[2mms[22m[39m
2026-10-09T22:33:15.9649080Z  [31m❯[39m tests/build-journey-dialog.test.ts [2m([22m[2m5 tests[22m[2m | [22m[31m1 failed[39m[2m)[22m[32m 49[2mms[22m[39m
2026-10-09T22:33:15.9669504Z    [32m✓[39m three unselected previews never pass the first unrelated stock off as a matching route example[32m 18[2mms[22m[39m
2026-10-09T22:33:15.9729191Z    [32m✓[39m a genuine all-route support can be shown but is explicitly labeled general support[32m 3[2mms[22m[39m
2026-10-09T22:33:15.9789356Z    [32m✓[39m carried growth is a held support example, never a matching zero-growth same-name offer[32m 6[2mms[22m[39m
2026-10-09T22:33:15.9802312Z    [32m✓[39m default shop puts a priced inspection in the fixed actions and requests an opt-in ledger[32m 13[2mms[22m[39m
2026-10-09T22:33:15.9839025Z [31m   [31m×[31m a no-buy decision keeps entry primary and an explicitly opened ledger retains the complete view[39m[32m 8[2mms[22m[39m
2026-10-09T22:33:16.0800637Z  [32m✓[39m tests/fallback-theme.test.ts [2m([22m[2m9 tests[22m[2m)[22m[32m 28[2mms[22m[39m
2026-10-09T22:33:16.1156479Z  [32m✓[39m tests/shop-investment.test.ts [2m([22m[2m7 tests[22m[2m)[22m[33m 733[2mms[22m[39m
2026-10-09T22:33:16.2496338Z  [32m✓[39m tests/fire-audio.test.ts [2m([22m[2m15 tests[22m[2m)[22m[32m 32[2mms[22m[39m
2026-10-09T22:33:16.2511022Z  [32m✓[39m tests/paper-flow.test.ts [2m([22m[2m9 tests[22m[2m)[22m[32m 13[2mms[22m[39m
2026-10-09T22:33:16.3932872Z  [32m✓[39m tests/joker-key-highlight.test.ts [2m([22m[2m5 tests[22m[2m)[22m[32m 100[2mms[22m[39m
2026-10-09T22:33:16.4879729Z  [32m✓[39m tests/c03-chapter-spec.test.ts [2m([22m[2m49 tests[22m[2m)[22m[32m 9[2mms[22m[39m
2026-10-09T22:33:16.4965928Z  [32m✓[39m tests/saved-boss-impact.test.ts [2m([22m[2m7 tests[22m[2m)[22m[32m 28[2mms[22m[39m
2026-10-09T22:33:16.5284417Z  [32m✓[39m tests/score-text-layout.test.ts [2m([22m[2m5 tests[22m[2m)[22m[32m 5[2mms[22m[39m
2026-10-09T22:33:16.7829811Z  [32m✓[39m tests/joker-detail-steps.test.ts [2m([22m[2m4 tests[22m[2m)[22m[32m 66[2mms[22m[39m
2026-10-09T22:33:16.8098225Z  [32m✓[39m tests/build-keepsake.test.ts [2m([22m[2m10 tests[22m[2m)[22m[32m 64[2mms[22m[39m
2026-10-09T22:33:16.8258395Z  [32m✓[39m tests/saved-tool-result.test.ts [2m([22m[2m4 tests[22m[2m)[22m[32m 52[2mms[22m[39m
2026-10-09T22:33:16.9548611Z  [32m✓[39m tests/content-schema.test.ts [2m([22m[2m30 tests[22m[2m)[22m[32m 6[2mms[22m[39m
2026-10-09T22:33:17.0716255Z  [32m✓[39m tests/purchase-payment-facts.test.ts [2m([22m[2m5 tests[22m[2m)[22m[32m 37[2mms[22m[39m
2026-10-09T22:33:17.1449821Z  [32m✓[39m tests/hand-sort-selection.test.ts [2m([22m[2m9 tests[22m[2m)[22m[32m 9[2mms[22m[39m
2026-10-09T22:33:17.1549298Z  [32m✓[39m tests/hand-rule-reference.test.ts [2m([22m[2m3 tests[22m[2m)[22m[32m 14[2mms[22m[39m
2026-10-09T22:33:17.2134425Z  [32m✓[39m tests/pointer-release-time.test.ts [2m([22m[2m18 tests[22m[2m)[22m[32m 8[2mms[22m[39m
2026-10-09T22:33:17.3619865Z  [32m✓[39m tests/goods-art-loading.test.ts [2m([22m[2m3 tests[22m[2m)[22m[32m 5[2mms[22m[39m
2026-10-09T22:33:17.4547863Z  [32m✓[39m tests/tool-change-preview.test.ts [2m([22m[2m8 tests[22m[2m)[22m[32m 48[2mms[22m[39m
2026-10-09T22:33:17.5099618Z  [32m✓[39m tests/source-impact.test.ts [2m([22m[2m6 tests[22m[2m)[22m[32m 8[2mms[22m[39m
2026-10-09T22:33:17.6038978Z  [32m✓[39m tests/shop.test.ts [2m([22m[2m8 tests[22m[2m)[22m[32m 8[2mms[22m[39m
2026-10-09T22:33:17.9106180Z  [32m✓[39m tests/ai-hand-action-cancellation.test.ts [2m([22m[2m6 tests[22m[2m)[22m[32m 29[2mms[22m[39m
2026-10-09T22:33:17.9259994Z  [32m✓[39m tests/c01-boundary.test.ts [2m([22m[2m9 tests[22m[2m)[22m[32m 71[2mms[22m[39m
2026-10-09T22:33:18.2489188Z  [32m✓[39m tests/failure-audio.test.ts [2m([22m[2m4 tests[22m[2m)[22m[32m 6[2mms[22m[39m
2026-10-09T22:33:18.2612966Z  [32m✓[39m tests/build-growth-progress.test.ts [2m([22m[2m7 tests[22m[2m)[22m[32m 73[2mms[22m[39m
2026-10-09T22:33:18.3829447Z  [32m✓[39m tests/resource-pulse.test.mjs [2m([22m[2m5 tests[22m[2m)[22m[32m 6[2mms[22m[39m
2026-10-09T22:33:18.5159028Z  [32m✓[39m tests/run.test.ts [2m([22m[2m7 tests[22m[2m)[22m[32m 7[2mms[22m[39m
2026-10-09T22:33:18.5259013Z  [32m✓[39m tests/hero-opening-intent.test.ts [2m([22m[2m3 tests[22m[2m)[22m[32m 24[2mms[22m[39m
2026-10-09T22:33:18.7839201Z  [32m✓[39m tests/c04-mode-notice.test.ts [2m([22m[2m3 tests[22m[2m)[22m[32m 19[2mms[22m[39m
2026-10-09T22:33:18.8269656Z  [32m✓[39m tests/scene-view-refresh.test.ts [2m([22m[2m3 tests[22m[2m)[22m[32m 7[2mms[22m[39m
2026-10-09T22:33:18.9393345Z  [32m✓[39m tests/joker-art.test.ts [2m([22m[2m2 tests[22m[2m)[22m[32m 13[2mms[22m[39m
2026-10-09T22:33:19.0879378Z  [32m✓[39m tests/assist-selection-ui.test.ts [2m([22m[2m3 tests[22m[2m)[22m[32m 28[2mms[22m[39m
2026-10-09T22:33:19.1456115Z  [32m✓[39m tests/recovery-queue.test.ts [2m([22m[2m5 tests[22m[2m)[22m[32m 8[2mms[22m[39m
2026-10-09T22:33:19.2561639Z  [32m✓[39m tests/r2-ui.test.ts [2m([22m[2m3 tests[22m[2m)[22m[32m 3[2mms[22m[39m
2026-10-09T22:33:19.3169617Z [90mstdout[2m | tests/c02-acquisition.test.ts[2m > [22m[2mC02 ordinary command acquisition and persistence[2m > [22m[2mcan buy, save, enter and score with every one of the 72 definitions from earned normal shops
2026-10-09T22:33:19.3190123Z [22m[39mC02 ordinary command branches {"f03":{"seed":"c02-acquire-0","shelf":"initial","price":4,"seq":2},"tiesuanpan":{"seed":"c02-acquire-0","shelf":"initial","price":6,"seq":2},"jiedongfeng":{"seed":"c02-acquire-0","shelf":"initial","price":6,"seq":2},"d02":{"seed":"c02-acquire-0","shelf":"earned","price":4,"seq":7},"a08":{"seed":"c02-acquire-0","shelf":"earned","price":4,"seq":7},"e01":{"seed":"c02-acquire-0","shelf":"earned","price":4,"seq":7},"b07":{"seed":"c02-acquire-1","shelf":"initial","price":4,"seq":2},"mantangcai":{"seed":"c02-acquire-1","shelf":"initial","price":4,"seq":2},"a06":{"seed":"c02-acquire-1","shelf":"earned","price":8,"seq":7},"c12":{"seed":"c02-acquire-1","shelf":"earned","price":6,"seq":7},"d10":{"seed":"c02-acquire-2","shelf":"initial","price":4,"seq":2},"a12":{"seed":"c02-acquire-2","shelf":"earned","price":6,"seq":7},"f04":{"seed":"c02-acquire-2","shelf":"earned","price":6,"seq":7},"e07":{"seed":"c02-acquire-2","shelf":"earned","price":6,"seq":7},"f02":{"seed":"c02-acquire-3","shelf":"initial","price":4,"seq":2},"a03":{"seed":"c02-acquire-3","shelf":"initial","price":4,"seq":2},"d03":{"seed":"c02-acquire-3","shelf":"earned","price":6,"seq":7},"f10":{"seed":"c02-acquire-3","shelf":"earned","price":8,"seq":7},"d07":{"seed":"c02-acquire-4","shelf":"initial","price":4,"seq":2},"b02":{"seed":"c02-acquire-4","shelf":"initial","price":4,"seq":2},"f08":{"seed":"c02-acquire-4","shelf":"initial","price":6,"seq":2},"f11":{"seed":"c02-acquire-4","shelf":"earned","price":6,"seq":7},"e09":{"seed":"c02-acquire-4","shelf":"earned","price":4,"seq":7},"a07":{"seed":"c02-acquire-5","shelf":"initial","price":4,"seq":2},"a09":{"seed":"c02-acquire-5","shelf":"earned","price":4,"seq":7},"b05":{"seed":"c02-acquire-5","shelf":"earned","price":8,"seq":7},"e04":{"seed":"c02-acquire-5","shelf":"earned","price":6,"seq":7},"c04":{"seed":"c02-acquire-6","shelf":"initial","price":4,"seq":2},"e08":{"seed":"c02-acquire-6","shelf":"earned","price":13,"seq":7},"c06":{"seed":"c02-acquire-6","shelf":"earned","price":9,"seq":7},"e05":{"seed":"c02-acquire-7","shelf":"initial","price":6,"seq":2},"d01":{"seed":"c02-acquire-7","shelf":"earned","price":4,"seq":7},"c02":{"seed":"c02-acquire-7","shelf":"earned","price":4,"seq":7},"d09":{"seed":"c02-acquire-7","shelf":"earned","price":9,"seq":7},"e11":{"seed":"c02-acquire-9","shelf":"earned","price":8,"seq":7},"b12":{"seed":"c02-acquire-9","shelf":"earned","price":8,"seq":7},"b11":{"seed":"c02-acquire-10","shelf":"initial","price":6,"seq":2},"f12":{"seed":"c02-acquire-11","shelf":"earned","price":8,"seq":7},"f09":{"seed":"c02-acquire-11","shelf":"earned","price":6,"seq":7},"e03":{"seed":"c02-acquire-12","shelf":"earned","price":6,"seq":7},"b04":{"seed":"c02-acquire-12","shelf":"earned","price":4,"seq":7},"b10":{"seed":"c02-acquire-13","shelf":"initial","price":6,"seq":2},"pengci":{"seed":"c02-acquire-13","shelf":"initial","price":4,"seq":2},"a04":{"seed":"c02-acquire-13","shelf":"earned","price":6,"seq":7},"f07":{"seed":"c02-acquire-14","shelf":"initial","price":6,"seq":2},"c11":{"seed":"c02-acquire-14","shelf":"initial","price":6,"seq":2},"c09":{"seed":"c02-acquire-14","shelf":"earned","price":11,"seq":7},"e10":{"seed":"c02-acquire-15","shelf":"initial","price":6,"seq":2},"a05":{"seed":"c02-acquire-16","shelf":"initial","price":6,"seq":2},"a10":{"seed":"c02-acquire-16","shelf":"earned","price":6,"seq":7},"b03":{"seed":"c02-acquire-17","shelf":"initial","price":6,"seq":2},"b08":{"seed":"c02-acquire-17","shelf":"earned","price":6,"seq":7},"b09":{"seed":"c02-acquire-19","shelf":"earned","price":8,"seq":7},"e02":{"seed":"c02-acquire-19","shelf":"earned","price":4,"seq":7},"d05":{"seed":"c02-acquire-20","shelf":"initial","price":6,"seq":2},"d12":{"seed":"c02-acquire-20","shelf":"initial","price":6,"seq":2},"e12":{"seed":"c02-acquire-21","shelf":"initial","price":6,"seq":2},"c10":{"seed":"c02-acquire-26","shelf":"earned","price":6,"seq":7},"c03":{"seed":"c02-acquire-27","shelf":"initial","price":4,"seq":2},"f06":{"seed":"c02-acquire-27","shelf":"earned","price":8,"seq":7},"d06":{"seed":"c02-acquire-28","shelf":"initial","price":6,"seq":2},"c05":{"seed":"c02-acquire-31","shelf":"initial","price":6,"seq":2},"huimaqiang":{"seed":"c02-acquire-33","shelf":"earned","price":8,"seq":7},"e06":{"seed":"c02-acquire-34","shelf":"initial","price":6,"seq":2},"c08":{"seed":"c02-acquire-43","shelf":"initial","price":6,"seq":2},"b06":{"seed":"c02-acquire-43","shelf":"earned","price":8,"seq":7},"d04":{"seed":"c02-acquire-44","shelf":"earned","price":8,"seq":7},"a11":{"seed":"c02-acquire-48","shelf":"earned","price":8,"seq":7},"f05":{"seed":"c02-acquire-50","shelf":"initial","price":6,"seq":2},"c07":{"seed":"c02-acquire-64","shelf":"earned","price":8,"seq":7},"d08":{"seed":"c02-acquire-113","shelf":"earned","price":8,"seq":7},"d11":{"seed":"c02-acquire-187","shelf":"earned","price":8,"seq":7}}
2026-10-09T22:33:19.3213304Z 
2026-10-09T22:33:19.3214145Z  [32m✓[39m tests/c02-acquisition.test.ts [2m([22m[2m1 test[22m[2m)[22m[33m 1959[2mms[22m[39m
2026-10-09T22:33:19.3215244Z      [33m[2m✓[22m[39m can buy, save, enter and score with every one of the 72 definitions from earned normal shops [33m 1958[2mms[22m[39m
2026-10-09T22:33:19.3796320Z  [32m✓[39m tests/failure-summary.test.ts [2m([22m[2m6 tests[22m[2m)[22m[32m 5[2mms[22m[39m
2026-10-09T22:33:19.3999113Z  [32m✓[39m tests/c02-formation-feedback.test.ts [2m([22m[2m3 tests[22m[2m)[22m[32m 18[2mms[22m[39m
2026-10-09T22:33:19.4390363Z  [32m✓[39m tests/stage-outcome.test.ts [2m([22m[2m6 tests[22m[2m)[22m[32m 4[2mms[22m[39m
2026-10-09T22:33:19.5090120Z  [32m✓[39m tests/hand-sweep-hint.test.ts [2m([22m[2m7 tests[22m[2m)[22m[32m 5[2mms[22m[39m
2026-10-09T22:33:19.5435098Z  [32m✓[39m tests/characters.test.ts [2m([22m[2m6 tests[22m[2m)[22m[32m 5[2mms[22m[39m
2026-10-09T22:33:19.7059092Z  [32m✓[39m tests/stage-table-art.test.ts [2m([22m[2m8 tests[22m[2m)[22m[32m 32[2mms[22m[39m
2026-10-09T22:33:19.7099296Z  [32m✓[39m tests/rational.test.ts [2m([22m[2m4 tests[22m[2m)[22m[32m 34[2mms[22m[39m
2026-10-09T22:33:19.8313532Z  [32m✓[39m tests/browslatro-reordering.test.ts [2m([22m[2m8 tests[22m[2m)[22m[32m 4[2mms[22m[39m
2026-10-09T22:33:19.9716062Z  [32m✓[39m tests/scoreHand.test.ts [2m([22m[2m3 tests[22m[2m)[22m[32m 5[2mms[22m[39m
2026-10-09T22:33:20.1336659Z  [32m✓[39m tests/jokers.test.ts [2m([22m[2m5 tests[22m[2m)[22m[32m 7[2mms[22m[39m
2026-10-09T22:33:20.5218835Z  [32m✓[39m tests/finale-keepsake.test.ts [2m([22m[2m2 tests[22m[2m)[22m[32m 79[2mms[22m[39m
2026-10-09T22:33:20.7349122Z  [32m✓[39m tests/c01-score-copy.test.ts [2m([22m[2m2 tests[22m[2m)[22m[32m 5[2mms[22m[39m
2026-10-09T22:33:20.7816548Z  [32m✓[39m tests/r2-shop.test.ts [2m([22m[2m2 tests[22m[2m)[22m[33m 791[2mms[22m[39m
2026-10-09T22:33:20.7818029Z      [33m[2m✓[22m[39m exposes only public information; policy previews never change the checkpoint [33m 780[2mms[22m[39m
2026-10-09T22:33:20.8707785Z  [32m✓[39m tests/status-summary.test.ts [2m([22m[2m3 tests[22m[2m)[22m[32m 4[2mms[22m[39m
2026-10-09T22:33:20.9395717Z  [32m✓[39m tests/selection-layout.test.ts [2m([22m[2m2 tests[22m[2m)[22m[32m 37[2mms[22m[39m
2026-10-09T22:33:21.1535594Z  [32m✓[39m tests/hero-opening-copy.test.ts [2m([22m[2m2 tests[22m[2m)[22m[32m 6[2mms[22m[39m
2026-10-09T22:33:21.2441453Z  [32m✓[39m tests/stage-gift-receipt.test.ts [2m([22m[2m4 tests[22m[2m)[22m[32m 69[2mms[22m[39m
2026-10-09T22:33:21.2839806Z  [32m✓[39m tests/card-pip-layout.test.ts [2m([22m[2m3 tests[22m[2m)[22m[32m 4[2mms[22m[39m
2026-10-09T22:33:21.3969931Z  [32m✓[39m tests/tool-target-directory.test.ts [2m([22m[2m3 tests[22m[2m)[22m[32m 7[2mms[22m[39m
2026-10-09T22:33:21.4112817Z  [32m✓[39m tests/audio-preferences.test.ts [2m([22m[2m6 tests[22m[2m)[22m[32m 5[2mms[22m[39m
2026-10-09T22:33:21.5154916Z  [32m✓[39m tests/suit-symbols.test.ts [2m([22m[2m2 tests[22m[2m)[22m[32m 5[2mms[22m[39m
2026-10-09T22:33:21.5326802Z  [32m✓[39m tests/score-celebration.test.ts [2m([22m[2m10 tests[22m[2m)[22m[32m 6[2mms[22m[39m
2026-10-09T22:33:21.7722111Z  [32m✓[39m tests/card-boundary.test.ts [2m([22m[2m1 test[22m[2m)[22m[32m 23[2mms[22m[39m
2026-10-09T22:33:21.9132223Z  [32m✓[39m tests/sample-body.test.ts [2m([22m[2m3 tests[22m[2m)[22m[32m 4[2mms[22m[39m
2026-10-09T22:33:22.0441460Z  [32m✓[39m tests/legacy-r1-balance.test.ts [2m([22m[2m2 tests[22m[2m)[22m[33m 308[2mms[22m[39m
2026-10-09T22:33:22.0557730Z  [32m✓[39m tests/handEvaluator.test.ts [2m([22m[2m5 tests[22m[2m)[22m[32m 7[2mms[22m[39m
2026-10-09T22:33:22.1614789Z  [32m✓[39m tests/SeededRng.test.ts [2m([22m[2m3 tests[22m[2m)[22m[32m 3[2mms[22m[39m
2026-10-09T22:33:22.2669959Z  [32m✓[39m tests/c01-preview-resource.test.ts [2m([22m[2m1 test[22m[2m)[22m[32m 12[2mms[22m[39m
2026-10-09T22:33:22.2809678Z  [32m✓[39m tests/portraitCrop.test.ts [2m([22m[2m2 tests[22m[2m)[22m[32m 3[2mms[22m[39m
2026-10-09T22:33:22.4199992Z  [32m✓[39m tests/inkwave-spring.test.ts [2m([22m[2m1 test[22m[2m)[22m[32m 12[2mms[22m[39m
2026-10-09T22:33:22.4528239Z  [32m✓[39m tests/score-geometry.test.ts [2m([22m[2m1 test[22m[2m)[22m[32m 62[2mms[22m[39m
2026-10-09T22:33:24.6570010Z  [32m✓[39m tests/v00-bot.test.ts [2m([22m[2m5 tests[22m[2m)[22m[33m 4978[2mms[22m[39m
2026-10-09T22:33:24.6570520Z      [33m[2m✓[22m[39m single-held emits only valid ordinary commands on a natural run [33m 1600[2mms[22m[39m
2026-10-09T22:33:24.6570968Z      [33m[2m✓[22m[39m groups emits only valid ordinary commands on a natural run [33m 2009[2mms[22m[39m
2026-10-09T22:33:24.6571378Z      [33m[2m✓[22m[39m suit emits only valid ordinary commands on a natural run [33m 1350[2mms[22m[39m
2026-10-09T22:33:24.6631143Z 
2026-10-09T22:33:24.6632075Z [31m⎯⎯⎯⎯⎯⎯⎯[39m[1m[41m Failed Tests 2 [49m[22m[31m⎯⎯⎯⎯⎯⎯⎯[39m
2026-10-09T22:33:24.6632345Z 
2026-10-09T22:33:24.6634089Z [41m[1m FAIL [22m[49m tests/build-journey-dialog.test.ts[2m > [22ma no-buy decision keeps entry primary and an explicitly opened ledger retains the complete view
2026-10-09T22:33:24.6638198Z [31m[1mAssertionError[22m: expected '先留0金，进入牌桌' to be '这轮不买，留金入场' // Object.is equality[39m
2026-10-09T22:33:24.6638856Z 
2026-10-09T22:33:24.6639197Z Expected: [32m"这轮不买，留金入场"[39m
2026-10-09T22:33:24.6639608Z Received: [31m"先留0金，进入牌桌"[39m
2026-10-09T22:33:24.6639871Z 
2026-10-09T22:33:24.6640310Z [36m [2m❯[22m tests/build-journey-dialog.test.ts:[2m31:155[22m[39m
2026-10-09T22:33:24.6661793Z 
2026-10-09T22:33:24.6663394Z 
2026-10-09T22:33:24.6664613Z [31m[2m⎯⎯⎯⎯⎯⎯⎯⎯⎯⎯⎯⎯⎯⎯⎯⎯⎯⎯⎯⎯⎯⎯⎯⎯[1/2]⎯[22m[39m
2026-10-09T22:33:24.6664899Z 
2026-10-09T22:33:24.6665624Z [41m[1m FAIL [22m[49m tests/shop-current-decisions.test.ts[2m > [22mselected screen starts with no-buy conclusion, not repeated rules or interest table
2026-10-09T22:33:24.6666366Z [31m[1mAssertionError[22m: expected undefined to be defined[39m
2026-10-09T22:33:24.6666900Z [36m [2m❯[22m tests/shop-current-decisions.test.ts:[2m17:684[22m[39m
2026-10-09T22:33:24.6695644Z 
2026-10-09T22:33:24.6697591Z 
2026-10-09T22:33:24.6697602Z 
2026-10-09T22:33:24.6698065Z [31m[2m⎯⎯⎯⎯⎯⎯⎯⎯⎯⎯⎯⎯⎯⎯⎯⎯⎯⎯⎯⎯⎯⎯⎯⎯[2/2]⎯[22m[39m
2026-10-09T22:33:24.6698286Z 
2026-10-09T22:33:24.6714098Z [2m Test Files [22m [1m[31m2 failed[39m[22m[2m | [22m[1m[32m189 passed[39m[22m[90m (191)[39m
2026-10-09T22:33:24.6748912Z [2m      Tests [22m [1m[31m2 failed[39m[22m[2m | [22m[1m[32m2912 passed[39m[22m[90m (2914)[39m
2026-10-09T22:33:24.6749411Z [2m   Start at [22m 22:32:49
2026-10-09T22:33:24.6751892Z [2m   Duration [22m 34.99s[2m (transform 5.70s, setup 0ms, import 24.09s, tests 53.85s, environment 17ms)[22m
2026-10-09T22:33:24.6753638Z 
2026-10-09T22:33:24.6784429Z 
2026-10-09T22:33:24.6801571Z ##[error]AssertionError: expected '先留0金，进入牌桌' to be '这轮不买，留金入场' // Object.is equality

Expected: "这轮不买，留金入场"
Received: "先留0金，进入牌桌"

 ❯ tests/build-journey-dialog.test.ts:31:155


2026-10-09T22:33:24.6808598Z 
2026-10-09T22:33:24.6810097Z ##[error]AssertionError: expected undefined to be defined
 ❯ tests/shop-current-decisions.test.ts:17:684


2026-10-09T22:33:25.0519080Z test: FAIL
2026-10-09T22:33:25.0520686Z {
2026-10-09T22:33:25.0520871Z   "scope": "domain",
2026-10-09T22:33:25.0521205Z   "testedCommit": "34d98387b154108b4e59ec3af922965930107eee",
2026-10-09T22:33:25.0521559Z   "status": "FAIL",
2026-10-09T22:33:25.0521748Z   "exitCode": 1,
2026-10-09T22:33:25.0521956Z   "before": {
2026-10-09T22:33:25.0522290Z     "source": "bae53e973e4577938aca948b2dffd763bae93ef2bb76ee1ec98e5850d6a88bf9",
2026-10-09T22:33:25.0522735Z     "index": "655414ba8cf2a3d35b1c9e2666f46f8f7049194b8e7bf2ea67168468063beca6",
2026-10-09T22:33:25.0522988Z     "head": "34d98387b154108b4e59ec3af922965930107eee",
2026-10-09T22:33:25.0523156Z     "branch": null
2026-10-09T22:33:25.0523274Z   },
2026-10-09T22:33:25.0523383Z   "after": {
2026-10-09T22:33:25.0523589Z     "source": "bae53e973e4577938aca948b2dffd763bae93ef2bb76ee1ec98e5850d6a88bf9",
2026-10-09T22:33:25.0523971Z     "index": "655414ba8cf2a3d35b1c9e2666f46f8f7049194b8e7bf2ea67168468063beca6",
2026-10-09T22:33:25.0524373Z     "head": "34d98387b154108b4e59ec3af922965930107eee",
2026-10-09T22:33:25.0524638Z     "branch": null
2026-10-09T22:33:25.0524807Z   },
2026-10-09T22:33:25.0524963Z   "steps": [
2026-10-09T22:33:25.0525133Z     {
2026-10-09T22:33:25.0525264Z       "name": "test",
2026-10-09T22:33:25.0525390Z       "status": "FAIL",
2026-10-09T22:33:25.0525527Z       "childExitCode": 1,
2026-10-09T22:33:25.0525661Z       "elapsedMs": 36239,
2026-10-09T22:33:25.0525805Z       "reason": "child exited 1"
2026-10-09T22:33:25.0525940Z     }
2026-10-09T22:33:25.0526042Z   ],
2026-10-09T22:33:25.0526145Z   "notIncluded": [
2026-10-09T22:33:25.0526256Z     {
2026-10-09T22:33:25.0526443Z       "name": "extended browser/recovery/fault/asset/simulation diagnostics",
2026-10-09T22:33:25.0526659Z       "status": "NOT_INCLUDED",
2026-10-09T22:33:25.0526976Z       "reason": "run the existing specific command only when its domain changes; P00 removes repeated default execution"
2026-10-09T22:33:25.0527933Z     },
2026-10-09T22:33:25.0528116Z     {
2026-10-09T22:33:25.0531742Z       "name": "balance/benchmark acceptance",
2026-10-09T22:33:25.0531920Z       "status": "NOT_INCLUDED",
2026-10-09T22:33:25.0532137Z       "reason": "later work packages; no gameplay approval inferred from checks"
2026-10-09T22:33:25.0532333Z     },
2026-10-09T22:33:25.0532435Z     {
2026-10-09T22:33:25.0532582Z       "name": "physical devices / human / art approval",
2026-10-09T22:33:25.0532750Z       "status": "NOT_RUN"
2026-10-09T22:33:25.0532871Z     }
2026-10-09T22:33:25.0532971Z   ]
2026-10-09T22:33:25.0533072Z }
2026-10-09T22:33:25.0666489Z ##[error]Process completed with exit code 1.
2026-10-09T22:33:25.0738975Z ##[group]Run actions/upload-artifact@v4
2026-10-09T22:33:25.0739146Z with:
2026-10-09T22:33:25.0739267Z   name: domain-37999771455
2026-10-09T22:33:25.0739398Z   path: shots/ci/
2026-10-09T22:33:25.0739515Z   retention-days: 14
2026-10-09T22:33:25.0739645Z   if-no-files-found: warn
2026-10-09T22:33:25.0739782Z   compression-level: 6
2026-10-09T22:33:25.0739906Z   overwrite: false
2026-10-09T22:33:25.0740040Z   include-hidden-files: false
2026-10-09T22:33:25.0740180Z ##[endgroup]
2026-10-09T22:33:25.1863114Z (node:3803) [DEP0040] DeprecationWarning: The `punycode` module is deprecated. Please use a userland alternative instead.
2026-10-09T22:33:25.1863664Z (Use `node --trace-deprecation ...` to show where the warning was created)
2026-10-09T22:33:25.1900526Z With the provided path, there will be 1 file uploaded
2026-10-09T22:33:25.1904180Z Artifact name is valid!
2026-10-09T22:33:25.1904716Z Root directory input is valid!
2026-10-09T22:33:25.4506818Z Beginning upload of artifact content to blob storage
2026-10-09T22:33:25.4618592Z (node:3803) [DEP0169] DeprecationWarning: `url.parse()` behavior is not standardized and prone to errors that have security implications. Use the WHATWG URL API instead. CVEs are not issued for `url.parse()` vulnerabilities.
2026-10-09T22:33:25.5878772Z Uploaded bytes 690
2026-10-09T22:33:25.6321388Z Finished uploading artifact content to blob storage!
2026-10-09T22:33:25.6322776Z SHA256 digest of uploaded artifact zip is 6207a91039287cb1d791a55fa11e265292e76883ed73d7dc7c49fe78cea10fca
2026-10-09T22:33:25.6323375Z Finalizing artifact upload
2026-10-09T22:33:25.8694047Z Artifact domain-37999771455.zip successfully finalized. Artifact ID 11648760897
2026-10-09T22:33:25.8695263Z Artifact domain-37999771455 has been successfully uploaded! Final size is 690 bytes. Artifact ID is 11648760897
2026-10-09T22:33:25.8700101Z Artifact download URL: https://github.com/big-dimple/dachoupai/actions/runs/37999771455/artifacts/11648760897
2026-10-09T22:33:25.8855472Z Post job cleanup.
2026-10-09T22:33:25.9443355Z [command]/usr/bin/git version
2026-10-09T22:33:25.9480569Z git version 2.55.0
2026-10-09T22:33:25.9511897Z Temporarily overriding HOME='/home/runner/work/_temp/10e90387-9a2e-4b0b-a915-00d984c7a019' before making global git config changes
2026-10-09T22:33:25.9512686Z Adding repository directory to the temporary git global config as a safe directory
2026-10-09T22:33:25.9516648Z [command]/usr/bin/git config --global --add safe.directory /home/runner/work/dachoupai/dachoupai
2026-10-09T22:33:25.9559754Z [command]/usr/bin/git config --local --name-only --get-regexp core\.sshCommand
2026-10-09T22:33:25.9606345Z [command]/usr/bin/git submodule foreach --recursive sh -c "git config --local --name-only --get-regexp 'core\.sshCommand' && git config --local --unset-all 'core.sshCommand' || :"
2026-10-09T22:33:25.9826172Z [command]/usr/bin/git config --local --name-only --get-regexp http\.https\:\/\/github\.com\/\.extraheader
2026-10-09T22:33:25.9857508Z http.https://github.com/.extraheader
2026-10-09T22:33:25.9876026Z [command]/usr/bin/git config --local --unset-all http.https://github.com/.extraheader
2026-10-09T22:33:25.9903523Z [command]/usr/bin/git submodule foreach --recursive sh -c "git config --local --name-only --get-regexp 'http\.https\:\/\/github\.com\/\.extraheader' && git config --local --unset-all 'http.https://github.com/.extraheader' || :"
2026-10-09T22:33:26.0122112Z [command]/usr/bin/git config --local --name-only --get-regexp ^includeIf\.gitdir:
2026-10-09T22:33:26.0154057Z [command]/usr/bin/git submodule foreach --recursive git config --local --show-origin --name-only --get-regexp remote.origin.url
2026-10-09T22:33:26.0516192Z Cleaning up orphan processes
2026-10-09T22:33:26.0790027Z ##[warning]Node.js 20 is deprecated. The following actions target Node.js 20 but are being forced to run on Node.js 24: actions/checkout@v4, actions/setup-node@v4, actions/upload-artifact@v4. For more information see: https://github.blog/changelog/2025-09-19-deprecation-of-node-20-on-github-actions-runners/
