
 RUN  v4.1.11 /workspace/dachoupai

 ❯ tests/touye-combo-cue.test.ts (1 test | 1 failed) 12ms
   × owned actual modulo source provides next successful-play timing without promising a win 11ms

⎯⎯⎯⎯⎯⎯⎯ Failed Tests 1 ⎯⎯⎯⎯⎯⎯⎯

 FAIL  tests/touye-combo-cue.test.ts > owned actual modulo source provides next successful-play timing without promising a win
TypeError: r2CreateJoker is not a function
 ❯ tests/touye-combo-cue.test.ts:7:67
      5| const start=()=>createRun({rulesVersion:'r2',characterId:'touye',runId…
      6| it('owned actual modulo source provides next successful-play timing wi…
      7|  let s=start();expect(touyeComboCue(s)).toBeUndefined();s.jokers=[r2Cr…
       |                                                                   ^
      8|  for(const type of ['LeaveShop','EnterStage'] as const){const r=applyC…
      9|  const before=structuredClone(s);expect(touyeComboCue(s)).toContain('第…

⎯⎯⎯⎯⎯⎯⎯⎯⎯⎯⎯⎯⎯⎯⎯⎯⎯⎯⎯⎯⎯⎯⎯⎯[1/1]⎯


 Test Files  1 failed | 4 passed (5)
      Tests  1 failed | 39 passed (40)
   Start at  01:35:07
   Duration  1.16s (transform 1.35s, setup 0ms, import 2.03s, tests 583ms, environment 1ms)

npm notice
npm notice New major version of npm available! 11.9.0 -> 12.2.0
npm notice Changelog: https://github.com/npm/cli/releases/tag/v12.2.0
npm notice To update run: npm install -g npm@12.2.0
npm notice
