
> dachoupai@0.1.0 build
> tsc --noEmit && vite build

vite v7.3.6 building client environment for production...
transforming...
✓ 225 modules transformed.
rendering chunks...
computing gzip size...
dist/index.html                     0.55 kB │ gzip:   0.36 kB
dist/build-info.json                0.71 kB │ gzip:   0.38 kB
dist/assets/index-DMlsqmq_.css     53.57 kB │ gzip:  10.90 kB
dist/assets/index-7bLjWIkY.js   2,470.78 kB │ gzip: 715.58 kB

(!) Some chunks are larger than 500 kB after minification. Consider:
- Using dynamic import() to code-split the application
- Use build.rollupOptions.output.manualChunks to improve chunking: https://rollupjs.org/configuration-options/#output-manualchunks
- Adjust chunk size limit for this warning via build.chunkSizeWarningLimit.
✓ built in 5.23s
npm notice
npm notice New major version of npm available! 11.9.0 -> 12.2.0
npm notice Changelog: https://github.com/npm/cli/releases/tag/v12.2.0
npm notice To update run: npm install -g npm@12.2.0
npm notice
