2026-10-10T01:58:21.4926949Z Current runner version: '2.337.0'
2026-10-10T01:58:21.4947355Z ##[group]Runner Image Provisioner
2026-10-10T01:58:21.4948065Z Hosted Compute Agent
2026-10-10T01:58:21.4948550Z Version: 20261002.596
2026-10-10T01:58:21.4949159Z Commit: c3d12f3313a95f25162a1503be624f3b0617f8c0
2026-10-10T01:58:21.4949758Z Build Date: 2026-10-02T22:28:27Z
2026-10-10T01:58:21.4950296Z Worker ID: {f905ddf7-7786-425f-8e8d-4d07091e2d0a}
2026-10-10T01:58:21.4950922Z Region: westus3
2026-10-10T01:58:21.4951375Z Cloud: Azure
2026-10-10T01:58:21.4951864Z ##[endgroup]
2026-10-10T01:58:21.4952981Z ##[group]Operating System
2026-10-10T01:58:21.4953468Z Ubuntu
2026-10-10T01:58:21.4953991Z 24.04.5
2026-10-10T01:58:21.4954434Z LTS
2026-10-10T01:58:21.4954929Z ##[endgroup]
2026-10-10T01:58:21.4955420Z ##[group]Runner Image
2026-10-10T01:58:21.4955923Z Image: ubuntu-24.04
2026-10-10T01:58:21.4956574Z Version: 20261004.327.1
2026-10-10T01:58:21.4957639Z Included Software: https://github.com/actions/runner-images/blob/ubuntu24/20261004.327/images/ubuntu/Ubuntu2404-Readme.md
2026-10-10T01:58:21.4958923Z Image Release: https://github.com/actions/runner-images/releases/tag/ubuntu24%2F20261004.327
2026-10-10T01:58:21.4959704Z ##[endgroup]
2026-10-10T01:58:21.4960660Z ##[group]GITHUB_TOKEN Permissions
2026-10-10T01:58:21.4962240Z Contents: read
2026-10-10T01:58:21.4962801Z Metadata: read
2026-10-10T01:58:21.4963262Z ##[endgroup]
2026-10-10T01:58:21.4964958Z Secret source: Actions
2026-10-10T01:58:21.4965705Z Cache mode: write
2026-10-10T01:58:21.4966422Z Prepare workflow directory
2026-10-10T01:58:21.5327049Z Prepare all required actions
2026-10-10T01:58:21.5364642Z Getting action download info
2026-10-10T01:58:21.8165642Z Download action repository 'actions/checkout@v4' (SHA:11d5960a326750d5838078e36cf38b85af677262)
2026-10-10T01:58:22.0368253Z Download action repository 'actions/setup-node@v4' (SHA:49933ea5288caeca8642d1e84afbd3f7d6820020)
2026-10-10T01:58:22.2930885Z Download action repository 'actions/upload-artifact@v4' (SHA:ea165f8d65b6e75b540449e92b4886f43607fa02)
2026-10-10T01:58:22.6020755Z Complete job name: browser
2026-10-10T01:58:22.6441379Z ##[group]Checking docker version
2026-10-10T01:58:22.6451932Z ##[command]/usr/bin/docker version --format '{{.Server.APIVersion}}'
2026-10-10T01:58:22.7261591Z '1.48'
2026-10-10T01:58:22.7272386Z Docker daemon API version: '1.48'
2026-10-10T01:58:22.7273076Z ##[command]/usr/bin/docker version --format '{{.Client.APIVersion}}'
2026-10-10T01:58:22.7402865Z '1.48'
2026-10-10T01:58:22.7413413Z Docker client API version: '1.48'
2026-10-10T01:58:22.7418666Z ##[endgroup]
2026-10-10T01:58:22.7420813Z ##[group]Clean up resources from previous jobs
2026-10-10T01:58:22.7424960Z ##[command]/usr/bin/docker ps --all --quiet --no-trunc --filter "label=05453d"
2026-10-10T01:58:22.7541807Z ##[command]/usr/bin/docker network prune --force --filter "label=05453d"
2026-10-10T01:58:22.7645711Z ##[endgroup]
2026-10-10T01:58:22.7646442Z ##[group]Create local container network
2026-10-10T01:58:22.7654542Z ##[command]/usr/bin/docker network create --label 05453d github_network_84e63f6bd1794f2181417ab0e018f335
2026-10-10T01:58:22.8079540Z ad44be85568a56ba2367064458a24b16cc2ba64fe3586f7c182fdd4dd6641fd1
2026-10-10T01:58:22.8096563Z ##[endgroup]
2026-10-10T01:58:22.8117272Z ##[group]Starting job container
2026-10-10T01:58:22.8135381Z ##[command]/usr/bin/docker pull mcr.microsoft.com/playwright:v1.63.0-noble@sha256:eff16c30e6f3f4af0a03fa4b706120d5e9b0891c344a27d64559aff5900a4a27
2026-10-10T01:58:23.0204974Z mcr.microsoft.com/playwright@sha256:eff16c30e6f3f4af0a03fa4b706120d5e9b0891c344a27d64559aff5900a4a27: Pulling from playwright
2026-10-10T01:58:23.0911393Z 0926a8eb0e60: Pulling fs layer
2026-10-10T01:58:23.0912178Z e2bfec3c8017: Pulling fs layer
2026-10-10T01:58:23.0912891Z 74c72610aa2d: Pulling fs layer
2026-10-10T01:58:23.0913688Z d8cf7dc1ff62: Pulling fs layer
2026-10-10T01:58:23.0914335Z b4dfe9b5d621: Pulling fs layer
2026-10-10T01:58:23.0914788Z a2ac83a9a562: Pulling fs layer
2026-10-10T01:58:23.0915314Z 1b189482e65c: Pulling fs layer
2026-10-10T01:58:23.0916396Z d8cf7dc1ff62: Waiting
2026-10-10T01:58:23.0916951Z b4dfe9b5d621: Waiting
2026-10-10T01:58:23.0917412Z a2ac83a9a562: Waiting
2026-10-10T01:58:23.0917854Z 1b189482e65c: Waiting
2026-10-10T01:58:23.4389600Z 0926a8eb0e60: Verifying Checksum
2026-10-10T01:58:23.4390926Z 0926a8eb0e60: Download complete
2026-10-10T01:58:23.7067531Z e2bfec3c8017: Verifying Checksum
2026-10-10T01:58:23.7068671Z e2bfec3c8017: Download complete
2026-10-10T01:58:23.7428974Z 74c72610aa2d: Download complete
2026-10-10T01:58:24.4181717Z a2ac83a9a562: Verifying Checksum
2026-10-10T01:58:24.4186351Z a2ac83a9a562: Download complete
2026-10-10T01:58:24.4623628Z 0926a8eb0e60: Pull complete
2026-10-10T01:58:24.8221037Z d8cf7dc1ff62: Verifying Checksum
2026-10-10T01:58:24.8228320Z d8cf7dc1ff62: Download complete
2026-10-10T01:58:25.0187061Z b4dfe9b5d621: Verifying Checksum
2026-10-10T01:58:25.0187471Z b4dfe9b5d621: Download complete
2026-10-10T01:58:25.0832292Z 1b189482e65c: Verifying Checksum
2026-10-10T01:58:25.0833292Z 1b189482e65c: Download complete
2026-10-10T01:58:34.8140992Z e2bfec3c8017: Pull complete
2026-10-10T01:58:34.8645672Z 74c72610aa2d: Pull complete
2026-10-10T01:58:44.9444742Z d8cf7dc1ff62: Pull complete
2026-10-10T01:58:50.8339891Z b4dfe9b5d621: Pull complete
2026-10-10T01:58:53.5013230Z a2ac83a9a562: Pull complete
2026-10-10T01:58:56.1408602Z 1b189482e65c: Pull complete
2026-10-10T01:58:56.1457387Z Digest: sha256:eff16c30e6f3f4af0a03fa4b706120d5e9b0891c344a27d64559aff5900a4a27
2026-10-10T01:58:56.1464451Z Status: Downloaded newer image for mcr.microsoft.com/playwright@sha256:eff16c30e6f3f4af0a03fa4b706120d5e9b0891c344a27d64559aff5900a4a27
2026-10-10T01:58:56.1471334Z mcr.microsoft.com/playwright:v1.63.0-noble@sha256:eff16c30e6f3f4af0a03fa4b706120d5e9b0891c344a27d64559aff5900a4a27
2026-10-10T01:58:56.1542428Z ##[command]/usr/bin/docker create --name 8b7ad734077b43b4b96af30ea8b5a80c_mcrmicrosoftcomplaywrightv1630noblesha256eff16c30e6f3f4af0a03fa4b706120d5e9b0891c344a27d64559aff5900a4a27_92efda --label 05453d --workdir /__w/dachoupai/dachoupai --network github_network_84e63f6bd1794f2181417ab0e018f335 --user 1001 --ipc=host -e "HOME=/github/home" -e GITHUB_ACTIONS=true -e CI=true -v "/var/run/docker.sock":"/var/run/docker.sock" -v "/home/runner/work":"/__w" -v "/home/runner/actions-runner/cached/2.337.0/externals":"/__e":ro -v "/home/runner/work/_temp":"/__w/_temp" -v "/home/runner/work/_actions":"/__w/_actions" -v "/opt/hostedtoolcache":"/__t" -v "/home/runner/work/_temp/_github_home":"/github/home" -v "/home/runner/work/_temp/_github_workflow":"/github/workflow" --entrypoint "tail" mcr.microsoft.com/playwright:v1.63.0-noble@sha256:eff16c30e6f3f4af0a03fa4b706120d5e9b0891c344a27d64559aff5900a4a27 "-f" "/dev/null"
2026-10-10T01:58:56.1788132Z 6226a35528752a5152d9bc3077d97f7644747dbcb42f0cef9e885c8cc854a751
2026-10-10T01:58:56.1809135Z ##[command]/usr/bin/docker start 6226a35528752a5152d9bc3077d97f7644747dbcb42f0cef9e885c8cc854a751
2026-10-10T01:58:56.3340113Z 6226a35528752a5152d9bc3077d97f7644747dbcb42f0cef9e885c8cc854a751
2026-10-10T01:58:56.3356052Z ##[command]/usr/bin/docker ps --all --filter id=6226a35528752a5152d9bc3077d97f7644747dbcb42f0cef9e885c8cc854a751 --filter status=running --no-trunc --format "{{.ID}} {{.Status}}"
2026-10-10T01:58:56.3452969Z 6226a35528752a5152d9bc3077d97f7644747dbcb42f0cef9e885c8cc854a751 Up Less than a second
2026-10-10T01:58:56.3469814Z ##[command]/usr/bin/docker inspect --format "{{range .Config.Env}}{{println .}}{{end}}" 6226a35528752a5152d9bc3077d97f7644747dbcb42f0cef9e885c8cc854a751
2026-10-10T01:58:56.3569911Z HOME=/github/home
2026-10-10T01:58:56.3570157Z GITHUB_ACTIONS=true
2026-10-10T01:58:56.3570338Z CI=true
2026-10-10T01:58:56.3570578Z PATH=/usr/local/sbin:/usr/local/bin:/usr/sbin:/usr/bin:/sbin:/bin
2026-10-10T01:58:56.3570876Z LANG=C.UTF-8
2026-10-10T01:58:56.3571052Z LC_ALL=C.UTF-8
2026-10-10T01:58:56.3571251Z PLAYWRIGHT_BROWSERS_PATH=/ms-playwright
2026-10-10T01:58:56.3588131Z ##[endgroup]
2026-10-10T01:58:56.3595830Z ##[group]Waiting for all services to be ready
2026-10-10T01:58:56.3597804Z ##[endgroup]
2026-10-10T01:58:56.3902676Z ##[group]Run actions/checkout@v4
2026-10-10T01:58:56.3903110Z with:
2026-10-10T01:58:56.3903321Z   ref: 2a9fec86f8d537247b05c18e40b879a60a79f44c
2026-10-10T01:58:56.3903592Z   repository: big-dimple/dachoupai
2026-10-10T01:58:56.3905656Z   token: ***
2026-10-10T01:58:56.3905834Z   ssh-strict: true
2026-10-10T01:58:56.3906013Z   ssh-user: git
2026-10-10T01:58:56.3906522Z   persist-credentials: true
2026-10-10T01:58:56.3906721Z   clean: true
2026-10-10T01:58:56.3906909Z   sparse-checkout-cone-mode: true
2026-10-10T01:58:56.3907118Z   fetch-depth: 1
2026-10-10T01:58:56.3907285Z   fetch-tags: false
2026-10-10T01:58:56.3907457Z   show-progress: true
2026-10-10T01:58:56.3907630Z   lfs: false
2026-10-10T01:58:56.3907788Z   submodules: false
2026-10-10T01:58:56.3907957Z   set-safe-directory: true
2026-10-10T01:58:56.3908160Z   allow-unsafe-pr-checkout: false
2026-10-10T01:58:56.3908513Z ##[endgroup]
2026-10-10T01:58:56.3959975Z ##[command]/usr/bin/docker exec  6226a35528752a5152d9bc3077d97f7644747dbcb42f0cef9e885c8cc854a751 sh -c "cat /etc/*release | grep ^ID"
2026-10-10T01:58:56.5525578Z Syncing repository: big-dimple/dachoupai
2026-10-10T01:58:56.5527063Z ##[group]Getting Git version info
2026-10-10T01:58:56.5527376Z Working directory is '/__w/dachoupai/dachoupai'
2026-10-10T01:58:56.5527826Z [command]/usr/bin/git version
2026-10-10T01:58:56.5530228Z git version 2.43.0
2026-10-10T01:58:56.5549739Z ##[endgroup]
2026-10-10T01:58:56.5563844Z Temporarily overriding HOME='/__w/_temp/0924ce81-ba76-42b2-8241-02ed30433dfe' before making global git config changes
2026-10-10T01:58:56.5564854Z Adding repository directory to the temporary git global config as a safe directory
2026-10-10T01:58:56.5569102Z [command]/usr/bin/git config --global --add safe.directory /__w/dachoupai/dachoupai
2026-10-10T01:58:56.5602306Z Deleting the contents of '/__w/dachoupai/dachoupai'
2026-10-10T01:58:56.5605879Z ##[group]Initializing the repository
2026-10-10T01:58:56.5609412Z [command]/usr/bin/git init /__w/dachoupai/dachoupai
2026-10-10T01:58:56.5659869Z Initialized empty Git repository in /__w/dachoupai/dachoupai/.git/
2026-10-10T01:58:56.5660794Z hint: Using 'master' as the name for the initial branch. This default branch name
2026-10-10T01:58:56.5661890Z hint: is subject to change. To configure the initial branch name to use in all
2026-10-10T01:58:56.5662517Z hint: of your new repositories, which will suppress this warning, call:
2026-10-10T01:58:56.5662957Z hint: 
2026-10-10T01:58:56.5663304Z hint: 	git config --global init.defaultBranch <name>
2026-10-10T01:58:56.5663700Z hint: 
2026-10-10T01:58:56.5664113Z hint: Names commonly chosen instead of 'master' are 'main', 'trunk' and
2026-10-10T01:58:56.5664750Z hint: 'development'. The just-created branch can be renamed via this command:
2026-10-10T01:58:56.5666685Z hint: 
2026-10-10T01:58:56.5666957Z hint: 	git branch -m <name>
2026-10-10T01:58:56.5671742Z [command]/usr/bin/git remote add origin https://github.com/big-dimple/dachoupai
2026-10-10T01:58:56.5702807Z ##[endgroup]
2026-10-10T01:58:56.5703497Z ##[group]Disabling automatic garbage collection
2026-10-10T01:58:56.5705737Z [command]/usr/bin/git config --local gc.auto 0
2026-10-10T01:58:56.5732170Z ##[endgroup]
2026-10-10T01:58:56.5732635Z ##[group]Setting up auth
2026-10-10T01:58:56.5738142Z [command]/usr/bin/git config --local --name-only --get-regexp core\.sshCommand
2026-10-10T01:58:56.5765039Z [command]/usr/bin/git submodule foreach --recursive sh -c "git config --local --name-only --get-regexp 'core\.sshCommand' && git config --local --unset-all 'core.sshCommand' || :"
2026-10-10T01:58:56.5991326Z [command]/usr/bin/git config --local --name-only --get-regexp http\.https\:\/\/github\.com\/\.extraheader
2026-10-10T01:58:56.6021552Z [command]/usr/bin/git submodule foreach --recursive sh -c "git config --local --name-only --get-regexp 'http\.https\:\/\/github\.com\/\.extraheader' && git config --local --unset-all 'http.https://github.com/.extraheader' || :"
2026-10-10T01:58:56.6245060Z [command]/usr/bin/git config --local --name-only --get-regexp ^includeIf\.gitdir:
2026-10-10T01:58:56.6307530Z [command]/usr/bin/git submodule foreach --recursive git config --local --show-origin --name-only --get-regexp remote.origin.url
2026-10-10T01:58:56.6501285Z [command]/usr/bin/git config --local http.https://github.com/.extraheader AUTHORIZATION: basic ***
2026-10-10T01:58:56.6537162Z ##[endgroup]
2026-10-10T01:58:56.6537519Z ##[group]Fetching the repository
2026-10-10T01:58:56.6544778Z [command]/usr/bin/git -c protocol.version=2 fetch --no-tags --prune --no-recurse-submodules --depth=1 origin 2a9fec86f8d537247b05c18e40b879a60a79f44c
2026-10-10T01:59:04.4581310Z From https://github.com/big-dimple/dachoupai
2026-10-10T01:59:04.4581900Z  * branch            2a9fec86f8d537247b05c18e40b879a60a79f44c -> FETCH_HEAD
2026-10-10T01:59:04.4605226Z ##[endgroup]
2026-10-10T01:59:04.4605923Z ##[group]Determining the checkout info
2026-10-10T01:59:04.4606765Z ##[endgroup]
2026-10-10T01:59:04.4607184Z [command]/usr/bin/git sparse-checkout disable
2026-10-10T01:59:04.5173428Z [command]/usr/bin/git config --local --unset-all extensions.worktreeConfig
2026-10-10T01:59:04.5202959Z ##[group]Checking out the ref
2026-10-10T01:59:04.5207032Z [command]/usr/bin/git checkout --progress --force 2a9fec86f8d537247b05c18e40b879a60a79f44c
2026-10-10T01:59:05.5375559Z Updating files:  80% (4476/5587)
2026-10-10T01:59:05.5409623Z Updating files:  81% (4526/5587)
2026-10-10T01:59:05.5448391Z Updating files:  82% (4582/5587)
2026-10-10T01:59:05.5488120Z Updating files:  83% (4638/5587)
2026-10-10T01:59:05.5656393Z Updating files:  84% (4694/5587)
2026-10-10T01:59:05.5678995Z Updating files:  85% (4749/5587)
2026-10-10T01:59:05.5706061Z Updating files:  86% (4805/5587)
2026-10-10T01:59:05.5731507Z Updating files:  87% (4861/5587)
2026-10-10T01:59:05.5755773Z Updating files:  88% (4917/5587)
2026-10-10T01:59:05.5791800Z Updating files:  89% (4973/5587)
2026-10-10T01:59:05.6118793Z Updating files:  90% (5029/5587)
2026-10-10T01:59:05.6192183Z Updating files:  91% (5085/5587)
2026-10-10T01:59:05.6225628Z Updating files:  92% (5141/5587)
2026-10-10T01:59:05.6259482Z Updating files:  93% (5196/5587)
2026-10-10T01:59:05.6288796Z Updating files:  94% (5252/5587)
2026-10-10T01:59:05.6320382Z Updating files:  95% (5308/5587)
2026-10-10T01:59:05.6354074Z Updating files:  96% (5364/5587)
2026-10-10T01:59:05.6385727Z Updating files:  97% (5420/5587)
2026-10-10T01:59:05.6415292Z Updating files:  98% (5476/5587)
2026-10-10T01:59:05.6444299Z Updating files:  99% (5532/5587)
2026-10-10T01:59:05.6444774Z Updating files: 100% (5587/5587)
2026-10-10T01:59:05.6445104Z Updating files: 100% (5587/5587), done.
2026-10-10T01:59:05.6494550Z Note: switching to '2a9fec86f8d537247b05c18e40b879a60a79f44c'.
2026-10-10T01:59:05.6495138Z 
2026-10-10T01:59:05.6495781Z You are in 'detached HEAD' state. You can look around, make experimental
2026-10-10T01:59:05.6496464Z changes and commit them, and you can discard any commits you make in this
2026-10-10T01:59:05.6497007Z state without impacting any branches by switching back to a branch.
2026-10-10T01:59:05.6497307Z 
2026-10-10T01:59:05.6497526Z If you want to create a new branch to retain commits you create, you may
2026-10-10T01:59:05.6498015Z do so (now or later) by using -c with the switch command. Example:
2026-10-10T01:59:05.6498314Z 
2026-10-10T01:59:05.6498453Z   git switch -c <new-branch-name>
2026-10-10T01:59:05.6498650Z 
2026-10-10T01:59:05.6498776Z Or undo this operation with:
2026-10-10T01:59:05.6498981Z 
2026-10-10T01:59:05.6499079Z   git switch -
2026-10-10T01:59:05.6499235Z 
2026-10-10T01:59:05.6499491Z Turn off this advice by setting config variable advice.detachedHead to false
2026-10-10T01:59:05.6499868Z 
2026-10-10T01:59:05.6500075Z HEAD is now at 2a9fec8 docs: correct focused copy test count
2026-10-10T01:59:05.6595891Z ##[endgroup]
2026-10-10T01:59:05.6636782Z [command]/usr/bin/git log -1 --format=%H
2026-10-10T01:59:05.6664271Z 2a9fec86f8d537247b05c18e40b879a60a79f44c
2026-10-10T01:59:05.6862880Z ##[group]Run git config --global --add safe.directory "$GITHUB_WORKSPACE"
2026-10-10T01:59:05.6863578Z [36;1mgit config --global --add safe.directory "$GITHUB_WORKSPACE"[0m
2026-10-10T01:59:05.6866112Z shell: sh -e {0}
2026-10-10T01:59:05.6866476Z ##[endgroup]
2026-10-10T01:59:05.7546810Z ##[group]Run actions/setup-node@v4
2026-10-10T01:59:05.7547060Z with:
2026-10-10T01:59:05.7547232Z   node-version: 22
2026-10-10T01:59:05.7547402Z   cache: npm
2026-10-10T01:59:05.7547562Z   always-auth: false
2026-10-10T01:59:05.7547737Z   check-latest: false
2026-10-10T01:59:05.7549667Z   token: ***
2026-10-10T01:59:05.7549840Z ##[endgroup]
2026-10-10T01:59:05.7555113Z ##[command]/usr/bin/docker exec  6226a35528752a5152d9bc3077d97f7644747dbcb42f0cef9e885c8cc854a751 sh -c "cat /etc/*release | grep ^ID"
2026-10-10T01:59:05.9591834Z Found in cache @ /__t/node/22.23.3/x64
2026-10-10T01:59:05.9595022Z (node:153) [DEP0040] DeprecationWarning: The `punycode` module is deprecated. Please use a userland alternative instead.
2026-10-10T01:59:05.9595605Z (Use `node --trace-deprecation ...` to show where the warning was created)
2026-10-10T01:59:05.9597921Z ##[group]Environment details
2026-10-10T01:59:06.4207917Z node: v22.23.3
2026-10-10T01:59:06.4208236Z npm: 10.9.9
2026-10-10T01:59:06.4208636Z yarn: 1.22.22
2026-10-10T01:59:06.4209959Z ##[endgroup]
2026-10-10T01:59:06.4220912Z [command]/__t/node/22.23.3/x64/bin/npm config get cache
2026-10-10T01:59:06.6079560Z /github/home/.npm
2026-10-10T01:59:06.8150843Z Cache hit for: node-cache-Linux-x64-npm-0f079ee01ade4a5835fe99686f334c01324694e20f2d9805b8cc57300ed7c392
2026-10-10T01:59:06.8237492Z (node:153) [DEP0169] DeprecationWarning: `url.parse()` behavior is not standardized and prone to errors that have security implications. Use the WHATWG URL API instead. CVEs are not issued for `url.parse()` vulnerabilities.
2026-10-10T01:59:08.0204520Z Received 42610497 of 59387713 (71.7%), 40.6 MBs/sec
2026-10-10T01:59:08.2520538Z Received 59387713 of 59387713 (100.0%), 46.0 MBs/sec
2026-10-10T01:59:08.2521395Z Cache Size: ~57 MB (59387713 B)
2026-10-10T01:59:08.2611542Z [command]/usr/bin/tar -xf /__w/_temp/1adb8b88-56b2-4cc1-9a18-6af2bed4d012/cache.tgz -P -C /__w/dachoupai/dachoupai -z
2026-10-10T01:59:08.5404375Z Cache restored successfully
2026-10-10T01:59:08.5434812Z Cache restored from key: node-cache-Linux-x64-npm-0f079ee01ade4a5835fe99686f334c01324694e20f2d9805b8cc57300ed7c392
2026-10-10T01:59:08.5611321Z ##[group]Run npm ci
2026-10-10T01:59:08.5611561Z [36;1mnpm ci[0m
2026-10-10T01:59:08.5612067Z shell: sh -e {0}
2026-10-10T01:59:08.5612245Z ##[endgroup]
2026-10-10T01:59:10.5130453Z npm warn deprecated glob@10.5.0: Old versions of glob are not supported, and contain widely publicized security vulnerabilities, which have been fixed in the current version. Please update. Support for old versions may be purchased (at exorbitant rates) by contacting i@izs.me
2026-10-10T01:59:11.6139743Z 
2026-10-10T01:59:11.6140673Z added 226 packages, and audited 227 packages in 3s
2026-10-10T01:59:11.6141045Z 
2026-10-10T01:59:11.6142130Z 53 packages are looking for funding
2026-10-10T01:59:11.6142770Z   run `npm fund` for details
2026-10-10T01:59:11.6169777Z 
2026-10-10T01:59:11.6170595Z 4 high severity vulnerabilities
2026-10-10T01:59:11.6171336Z 
2026-10-10T01:59:11.6172184Z To address issues that do not require attention, run:
2026-10-10T01:59:11.6172652Z   npm audit fix
2026-10-10T01:59:11.6172914Z 
2026-10-10T01:59:11.6173210Z To address all issues (including breaking changes), run:
2026-10-10T01:59:11.6173677Z   npm audit fix --force
2026-10-10T01:59:11.6173870Z 
2026-10-10T01:59:11.6174040Z Run `npm audit` for details.
2026-10-10T01:59:11.6497464Z ##[group]Run node <<'NODE'
2026-10-10T01:59:11.6497752Z [36;1mnode <<'NODE'[0m
2026-10-10T01:59:11.6497960Z [36;1mconst fs = require('node:fs');[0m
2026-10-10T01:59:11.6498271Z [36;1mconst {chromium, firefox, webkit} = require('playwright');[0m
2026-10-10T01:59:11.6498628Z [36;1mconst version = require('playwright/package.json').version;[0m
2026-10-10T01:59:11.6499293Z [36;1mif (version !== '1.63.0') throw new Error('Update the pinned Playwright image to match package-lock.json: ' + version);[0m
2026-10-10T01:59:11.6499781Z [36;1mfor (const browser of [chromium, firefox, webkit]) {[0m
2026-10-10T01:59:11.6500104Z [36;1m  const executable = browser.executablePath();[0m
2026-10-10T01:59:11.6500416Z [36;1m  fs.accessSync(executable, fs.constants.X_OK);[0m
2026-10-10T01:59:11.6500719Z [36;1m  console.log(browser.name() + ': ' + executable);[0m
2026-10-10T01:59:11.6500974Z [36;1m}[0m
2026-10-10T01:59:11.6501135Z [36;1mNODE[0m
2026-10-10T01:59:11.6501573Z shell: sh -e {0}
2026-10-10T01:59:11.6501747Z ##[endgroup]
2026-10-10T01:59:11.9412548Z chromium: /ms-playwright/chromium-1243/chrome-linux64/chrome
2026-10-10T01:59:11.9413351Z firefox: /ms-playwright/firefox-1543/firefox/firefox
2026-10-10T01:59:11.9427256Z webkit: /ms-playwright/webkit-2359/pw_run.sh
2026-10-10T01:59:11.9820207Z ##[group]Run npm run verify:ci -- --scope=browser
2026-10-10T01:59:11.9820736Z [36;1mnpm run verify:ci -- --scope=browser[0m
2026-10-10T01:59:11.9821647Z shell: sh -e {0}
2026-10-10T01:59:11.9821908Z env:
2026-10-10T01:59:11.9822184Z   SMOKE_BROWSERS: chromium,firefox,webkit
2026-10-10T01:59:11.9822538Z ##[endgroup]
2026-10-10T01:59:12.1121977Z 
2026-10-10T01:59:12.1122680Z > dachoupai@0.1.0 verify:ci
2026-10-10T01:59:12.1123270Z > node scripts/verify-ci.mjs --scope=browser
2026-10-10T01:59:12.1123558Z 
2026-10-10T01:59:12.5911757Z CHECK build: /__t/node/22.23.3/x64/bin/node /__t/node/22.23.3/x64/lib/node_modules/npm/bin/npm-cli.js run build
2026-10-10T01:59:12.6755096Z 
2026-10-10T01:59:12.6755666Z > dachoupai@0.1.0 build
2026-10-10T01:59:12.6756114Z > tsc --noEmit && vite build
2026-10-10T01:59:12.6756545Z 
2026-10-10T01:59:23.8763420Z [36mvite v7.3.6 [32mbuilding client environment for production...[36m[39m
2026-10-10T01:59:23.9229461Z transforming...
2026-10-10T01:59:28.5711541Z [32m✓[39m 225 modules transformed.
2026-10-10T01:59:29.6208653Z rendering chunks...
2026-10-10T01:59:29.6384897Z computing gzip size...
2026-10-10T01:59:29.6913974Z [2mdist/[22m[32mbuild-info.json            [39m[1m[2m    0.17 kB[22m[1m[22m[2m │ gzip:   0.15 kB[22m
2026-10-10T01:59:29.6915081Z [2mdist/[22m[32mindex.html                 [39m[1m[2m    0.55 kB[22m[1m[22m[2m │ gzip:   0.36 kB[22m
2026-10-10T01:59:29.6915917Z [33m
2026-10-10T01:59:29.6916844Z [2mdist/[22m[2massets/[22m[35mindex-DMlsqmq_.css  [39m[1m[2m   53.57 kB[22m[1m[22m[2m │ gzip:  10.90 kB[22m
2026-10-10T01:59:29.6917700Z (!) Some chunks are larger than 500 kB after minification. Consider:
2026-10-10T01:59:29.6918321Z - Using dynamic import() to code-split the application
2026-10-10T01:59:29.6919458Z - Use build.rollupOptions.output.manualChunks to improve chunking: https://rollupjs.org/configuration-options/#output-manualchunks
2026-10-10T01:59:29.6920689Z - Adjust chunk size limit for this warning via build.chunkSizeWarningLimit.[39m
2026-10-10T01:59:29.6921734Z [2mdist/[22m[2massets/[22m[36mindex-fvO812Zr.js   [39m[1m[33m2,469.76 kB[39m[22m[2m │ gzip: 715.08 kB[22m
2026-10-10T01:59:29.6922237Z [32m✓ built in 5.80s[39m
2026-10-10T01:59:30.1915143Z build: PASS
2026-10-10T01:59:30.1915754Z CHECK verify:smoke: /__t/node/22.23.3/x64/bin/node /__t/node/22.23.3/x64/lib/node_modules/npm/bin/npm-cli.js run verify:smoke
2026-10-10T01:59:30.2750842Z 
2026-10-10T01:59:30.2751510Z > dachoupai@0.1.0 verify:smoke
2026-10-10T01:59:30.2751913Z > node harness/screenshot.mjs --verify-smoke
2026-10-10T01:59:30.2752101Z 
2026-10-10T01:59:37.3255223Z [33m
2026-10-10T01:59:37.3255679Z (!) Some chunks are larger than 500 kB after minification. Consider:
2026-10-10T01:59:37.3256102Z - Using dynamic import() to code-split the application
2026-10-10T01:59:37.3256930Z - Use build.rollupOptions.output.manualChunks to improve chunking: https://rollupjs.org/configuration-options/#output-manualchunks
2026-10-10T01:59:37.3257675Z - Adjust chunk size limit for this warning via build.chunkSizeWarningLimit.[39m
2026-10-10T02:00:52.0817592Z {"phase":"await-input","commandSeq":4,"controller":"idle","playing":false,"presenting":false,"label":"高牌 · 已选1张","renderFps":6.0000002533724395,"hidden":false,"selectedIds":["clubs-3"],"discardEnabled":true,"status":"满足0 · 待检查0 · 未满足1 · 点所选条件","pointers":[{"id":0,"touch":false,"x":1171,"y":310},{"id":1,"touch":false,"x":0,"y":0}]}
2026-10-10T02:00:52.1152548Z node:internal/modules/run_main:123
2026-10-10T02:00:52.1155061Z     triggerUncaughtException(
2026-10-10T02:00:52.1155437Z     ^
2026-10-10T02:00:52.1155573Z 
2026-10-10T02:00:52.1155797Z locator.click: Timeout 30000ms exceeded.
2026-10-10T02:00:52.1156143Z Call log:
2026-10-10T02:00:52.1157259Z   - waiting for getByRole('button', { name: '关闭', exact: true })
2026-10-10T02:00:52.1157630Z 
2026-10-10T02:00:52.1157903Z     at dom (/__w/dachoupai/dachoupai/harness/screenshot.mjs:29:123)
2026-10-10T02:00:52.1160017Z     at /__w/dachoupai/dachoupai/harness/screenshot.mjs:115:67 {
2026-10-10T02:00:52.1160375Z   log: [
2026-10-10T02:00:52.1160748Z     "  - waiting for getByRole('button', { name: '关闭', exact: true })"
2026-10-10T02:00:52.1161026Z   ],
2026-10-10T02:00:52.1161193Z   name: 'TimeoutError'
2026-10-10T02:00:52.1161383Z }
2026-10-10T02:00:52.1161466Z 
2026-10-10T02:00:52.1161548Z Node.js v22.23.3
2026-10-10T02:00:52.5427004Z verify:smoke: FAIL
2026-10-10T02:00:52.5428211Z {
2026-10-10T02:00:52.5429019Z   "scope": "browser",
2026-10-10T02:00:52.5429495Z   "testedCommit": "2a9fec86f8d537247b05c18e40b879a60a79f44c",
2026-10-10T02:00:52.5429922Z   "status": "FAIL",
2026-10-10T02:00:52.5430253Z   "exitCode": 1,
2026-10-10T02:00:52.5430436Z   "before": {
2026-10-10T02:00:52.5430750Z     "source": "a2f059278d2707cf7e3b3bf3d157f874c72a54d791f9fb8003a88c057dbda1a9",
2026-10-10T02:00:52.5431215Z     "index": "3d55b60a65611fe3958e57a09f58a029939a3399bee4aaef86e2a90774e0f578",
2026-10-10T02:00:52.5431625Z     "head": "2a9fec86f8d537247b05c18e40b879a60a79f44c",
2026-10-10T02:00:52.5431879Z     "branch": null
2026-10-10T02:00:52.5432053Z   },
2026-10-10T02:00:52.5432230Z   "after": {
2026-10-10T02:00:52.5432533Z     "source": "a2f059278d2707cf7e3b3bf3d157f874c72a54d791f9fb8003a88c057dbda1a9",
2026-10-10T02:00:52.5432969Z     "index": "3d55b60a65611fe3958e57a09f58a029939a3399bee4aaef86e2a90774e0f578",
2026-10-10T02:00:52.5433337Z     "head": "2a9fec86f8d537247b05c18e40b879a60a79f44c",
2026-10-10T02:00:52.5433578Z     "branch": null
2026-10-10T02:00:52.5433749Z   },
2026-10-10T02:00:52.5433906Z   "steps": [
2026-10-10T02:00:52.5434062Z     {
2026-10-10T02:00:52.5434221Z       "name": "build",
2026-10-10T02:00:52.5434415Z       "status": "PASS",
2026-10-10T02:00:52.5434610Z       "childExitCode": 0,
2026-10-10T02:00:52.5434807Z       "elapsedMs": 17601
2026-10-10T02:00:52.5434993Z     },
2026-10-10T02:00:52.5435177Z     {
2026-10-10T02:00:52.5435337Z       "name": "verify:smoke",
2026-10-10T02:00:52.5435553Z       "status": "FAIL",
2026-10-10T02:00:52.5435766Z       "childExitCode": 1,
2026-10-10T02:00:52.5435960Z       "elapsedMs": 82351,
2026-10-10T02:00:52.5436358Z       "reason": "child exited 1"
2026-10-10T02:00:52.5436677Z     }
2026-10-10T02:00:52.5436915Z   ],
2026-10-10T02:00:52.5437143Z   "notIncluded": [
2026-10-10T02:00:52.5437414Z     {
2026-10-10T02:00:52.5437716Z       "name": "extended browser/recovery/fault/asset/simulation diagnostics",
2026-10-10T02:00:52.5438074Z       "status": "NOT_INCLUDED",
2026-10-10T02:00:52.5438535Z       "reason": "run the existing specific command only when its domain changes; P00 removes repeated default execution"
2026-10-10T02:00:52.5438954Z     },
2026-10-10T02:00:52.5439126Z     {
2026-10-10T02:00:52.5439340Z       "name": "balance/benchmark acceptance",
2026-10-10T02:00:52.5439625Z       "status": "NOT_INCLUDED",
2026-10-10T02:00:52.5439960Z       "reason": "later work packages; no gameplay approval inferred from checks"
2026-10-10T02:00:52.5440269Z     },
2026-10-10T02:00:52.5440432Z     {
2026-10-10T02:00:52.5440651Z       "name": "physical devices / human / art approval",
2026-10-10T02:00:52.5440926Z       "status": "NOT_RUN"
2026-10-10T02:00:52.5441393Z     }
2026-10-10T02:00:52.5441541Z   ]
2026-10-10T02:00:52.5441707Z }
2026-10-10T02:00:52.5588794Z ##[error]Process completed with exit code 1.
2026-10-10T02:00:52.5663808Z ##[group]Run actions/upload-artifact@v4
2026-10-10T02:00:52.5664091Z with:
2026-10-10T02:00:52.5664262Z   name: browser-38015204310
2026-10-10T02:00:52.5664517Z   path: shots/ci/
shots/desktop-*.png
shots/mobile-*.png

2026-10-10T02:00:52.5664776Z   retention-days: 14
2026-10-10T02:00:52.5664957Z   if-no-files-found: warn
2026-10-10T02:00:52.5665142Z   compression-level: 6
2026-10-10T02:00:52.5665320Z   overwrite: false
2026-10-10T02:00:52.5665500Z   include-hidden-files: false
2026-10-10T02:00:52.5665696Z ##[endgroup]
2026-10-10T02:00:52.5669123Z ##[command]/usr/bin/docker exec  6226a35528752a5152d9bc3077d97f7644747dbcb42f0cef9e885c8cc854a751 sh -c "cat /etc/*release | grep ^ID"
2026-10-10T02:00:52.7824671Z (node:498) [DEP0040] DeprecationWarning: The `punycode` module is deprecated. Please use a userland alternative instead.
2026-10-10T02:00:52.7825853Z (Use `node --trace-deprecation ...` to show where the warning was created)
2026-10-10T02:00:52.7903962Z With the provided path, there will be 1 file uploaded
2026-10-10T02:00:52.7917359Z Artifact name is valid!
2026-10-10T02:00:52.7918033Z Root directory input is valid!
2026-10-10T02:00:53.1277331Z Beginning upload of artifact content to blob storage
2026-10-10T02:00:53.1418170Z (node:498) [DEP0169] DeprecationWarning: `url.parse()` behavior is not standardized and prone to errors that have security implications. Use the WHATWG URL API instead. CVEs are not issued for `url.parse()` vulnerabilities.
2026-10-10T02:00:53.3482845Z Uploaded bytes 732
2026-10-10T02:00:53.4051708Z Finished uploading artifact content to blob storage!
2026-10-10T02:00:53.4052611Z SHA256 digest of uploaded artifact zip is adfa6b606b5105dc4f4ef95b83752f5407acc9585df0eeb5338d3fff8c47ae47
2026-10-10T02:00:53.4053260Z Finalizing artifact upload
2026-10-10T02:00:53.6608088Z Artifact browser-38015204310.zip successfully finalized. Artifact ID 11655805715
2026-10-10T02:00:53.6609200Z Artifact browser-38015204310 has been successfully uploaded! Final size is 732 bytes. Artifact ID is 11655805715
2026-10-10T02:00:53.6614116Z Artifact download URL: https://github.com/big-dimple/dachoupai/actions/runs/38015204310/artifacts/11655805715
2026-10-10T02:00:53.6818688Z Post job cleanup.
2026-10-10T02:00:53.6824882Z ##[command]/usr/bin/docker exec  6226a35528752a5152d9bc3077d97f7644747dbcb42f0cef9e885c8cc854a751 sh -c "cat /etc/*release | grep ^ID"
2026-10-10T02:00:53.8276549Z [command]/usr/bin/git version
2026-10-10T02:00:53.8309773Z git version 2.43.0
2026-10-10T02:00:53.8337318Z Copying '/github/home/.gitconfig' to '/__w/_temp/61ecd5e5-a03e-4f4f-8fef-6d2a1a54ea54/.gitconfig'
2026-10-10T02:00:53.8347741Z Temporarily overriding HOME='/__w/_temp/61ecd5e5-a03e-4f4f-8fef-6d2a1a54ea54' before making global git config changes
2026-10-10T02:00:53.8352833Z Adding repository directory to the temporary git global config as a safe directory
2026-10-10T02:00:53.8353471Z [command]/usr/bin/git config --global --add safe.directory /__w/dachoupai/dachoupai
2026-10-10T02:00:53.8388936Z [command]/usr/bin/git config --local --name-only --get-regexp core\.sshCommand
2026-10-10T02:00:53.8418706Z [command]/usr/bin/git submodule foreach --recursive sh -c "git config --local --name-only --get-regexp 'core\.sshCommand' && git config --local --unset-all 'core.sshCommand' || :"
2026-10-10T02:00:53.8662782Z [command]/usr/bin/git config --local --name-only --get-regexp http\.https\:\/\/github\.com\/\.extraheader
2026-10-10T02:00:53.8682218Z http.https://github.com/.extraheader
2026-10-10T02:00:53.8691868Z [command]/usr/bin/git config --local --unset-all http.https://github.com/.extraheader
2026-10-10T02:00:53.8719694Z [command]/usr/bin/git submodule foreach --recursive sh -c "git config --local --name-only --get-regexp 'http\.https\:\/\/github\.com\/\.extraheader' && git config --local --unset-all 'http.https://github.com/.extraheader' || :"
2026-10-10T02:00:53.9030687Z [command]/usr/bin/git config --local --name-only --get-regexp ^includeIf\.gitdir:
2026-10-10T02:00:53.9082429Z [command]/usr/bin/git submodule foreach --recursive git config --local --show-origin --name-only --get-regexp remote.origin.url
2026-10-10T02:00:53.9465951Z Stop and remove container: 8b7ad734077b43b4b96af30ea8b5a80c_mcrmicrosoftcomplaywrightv1630noblesha256eff16c30e6f3f4af0a03fa4b706120d5e9b0891c344a27d64559aff5900a4a27_92efda
2026-10-10T02:00:53.9470364Z ##[command]/usr/bin/docker rm --force 6226a35528752a5152d9bc3077d97f7644747dbcb42f0cef9e885c8cc854a751
2026-10-10T02:00:54.0330898Z 6226a35528752a5152d9bc3077d97f7644747dbcb42f0cef9e885c8cc854a751
2026-10-10T02:00:54.0356832Z Remove container network: github_network_84e63f6bd1794f2181417ab0e018f335
2026-10-10T02:00:54.0360629Z ##[command]/usr/bin/docker network rm github_network_84e63f6bd1794f2181417ab0e018f335
2026-10-10T02:00:54.1273108Z github_network_84e63f6bd1794f2181417ab0e018f335
2026-10-10T02:00:54.1333081Z Cleaning up orphan processes
2026-10-10T02:00:54.1595169Z ##[warning]Node.js 20 is deprecated. The following actions target Node.js 20 but are being forced to run on Node.js 24: actions/checkout@v4, actions/setup-node@v4, actions/upload-artifact@v4. For more information see: https://github.blog/changelog/2025-09-19-deprecation-of-node-20-on-github-actions-runners/
