2026-10-10T00:03:12.4172819Z Current runner version: '2.337.0'
2026-10-10T00:03:12.4193935Z ##[group]Runner Image Provisioner
2026-10-10T00:03:12.4194627Z Hosted Compute Agent
2026-10-10T00:03:12.4195171Z Version: 20261002.596
2026-10-10T00:03:12.4195692Z Commit: c3d12f3313a95f25162a1503be624f3b0617f8c0
2026-10-10T00:03:12.4196339Z Build Date: 2026-10-02T22:28:27Z
2026-10-10T00:03:12.4197122Z Worker ID: {6d796f25-7c29-4820-b7a0-e5f1df0fcd33}
2026-10-10T00:03:12.4197733Z Region: westus3
2026-10-10T00:03:12.4198227Z Cloud: Azure
2026-10-10T00:03:12.4198669Z ##[endgroup]
2026-10-10T00:03:12.4199802Z ##[group]Operating System
2026-10-10T00:03:12.4200415Z Ubuntu
2026-10-10T00:03:12.4200846Z 24.04.5
2026-10-10T00:03:12.4201297Z LTS
2026-10-10T00:03:12.4201736Z ##[endgroup]
2026-10-10T00:03:12.4202198Z ##[group]Runner Image
2026-10-10T00:03:12.4202787Z Image: ubuntu-24.04
2026-10-10T00:03:12.4203253Z Version: 20261004.327.1
2026-10-10T00:03:12.4204331Z Included Software: https://github.com/actions/runner-images/blob/ubuntu24/20261004.327/images/ubuntu/Ubuntu2404-Readme.md
2026-10-10T00:03:12.4205554Z Image Release: https://github.com/actions/runner-images/releases/tag/ubuntu24%2F20261004.327
2026-10-10T00:03:12.4206413Z ##[endgroup]
2026-10-10T00:03:12.4207409Z ##[group]GITHUB_TOKEN Permissions
2026-10-10T00:03:12.4208982Z Contents: read
2026-10-10T00:03:12.4209472Z Metadata: read
2026-10-10T00:03:12.4209997Z ##[endgroup]
2026-10-10T00:03:12.4211682Z Secret source: Actions
2026-10-10T00:03:12.4212510Z Cache mode: write
2026-10-10T00:03:12.4213080Z Prepare workflow directory
2026-10-10T00:03:12.4542753Z Prepare all required actions
2026-10-10T00:03:12.4580918Z Getting action download info
2026-10-10T00:03:12.7315497Z Download action repository 'actions/checkout@v4' (SHA:11d5960a326750d5838078e36cf38b85af677262)
2026-10-10T00:03:12.8094772Z Download action repository 'actions/setup-node@v4' (SHA:49933ea5288caeca8642d1e84afbd3f7d6820020)
2026-10-10T00:03:12.9474612Z Download action repository 'actions/upload-artifact@v4' (SHA:ea165f8d65b6e75b540449e92b4886f43607fa02)
2026-10-10T00:03:13.1591192Z Complete job name: browser
2026-10-10T00:03:13.1994344Z ##[group]Checking docker version
2026-10-10T00:03:13.2004500Z ##[command]/usr/bin/docker version --format '{{.Server.APIVersion}}'
2026-10-10T00:03:13.2804982Z '1.48'
2026-10-10T00:03:13.2813232Z Docker daemon API version: '1.48'
2026-10-10T00:03:13.2813998Z ##[command]/usr/bin/docker version --format '{{.Client.APIVersion}}'
2026-10-10T00:03:13.2940347Z '1.48'
2026-10-10T00:03:13.2950182Z Docker client API version: '1.48'
2026-10-10T00:03:13.2954667Z ##[endgroup]
2026-10-10T00:03:13.2956722Z ##[group]Clean up resources from previous jobs
2026-10-10T00:03:13.2961050Z ##[command]/usr/bin/docker ps --all --quiet --no-trunc --filter "label=b2d0ec"
2026-10-10T00:03:13.3072969Z ##[command]/usr/bin/docker network prune --force --filter "label=b2d0ec"
2026-10-10T00:03:13.3178088Z ##[endgroup]
2026-10-10T00:03:13.3178501Z ##[group]Create local container network
2026-10-10T00:03:13.3186346Z ##[command]/usr/bin/docker network create --label b2d0ec github_network_6bcd5ed9ac7f4e0f8e1dffce428d31c8
2026-10-10T00:03:13.3718278Z f27223f81d736ce96272d13d2a10c81d7148b9c5e8f9c73f42ea633e9d3721b6
2026-10-10T00:03:13.3734576Z ##[endgroup]
2026-10-10T00:03:13.3755233Z ##[group]Starting job container
2026-10-10T00:03:13.3773384Z ##[command]/usr/bin/docker pull mcr.microsoft.com/playwright:v1.63.0-noble@sha256:eff16c30e6f3f4af0a03fa4b706120d5e9b0891c344a27d64559aff5900a4a27
2026-10-10T00:03:13.5749977Z mcr.microsoft.com/playwright@sha256:eff16c30e6f3f4af0a03fa4b706120d5e9b0891c344a27d64559aff5900a4a27: Pulling from playwright
2026-10-10T00:03:13.6615823Z 0926a8eb0e60: Pulling fs layer
2026-10-10T00:03:13.6616418Z e2bfec3c8017: Pulling fs layer
2026-10-10T00:03:13.6616900Z 74c72610aa2d: Pulling fs layer
2026-10-10T00:03:13.6617644Z d8cf7dc1ff62: Pulling fs layer
2026-10-10T00:03:13.6618133Z b4dfe9b5d621: Pulling fs layer
2026-10-10T00:03:13.6618575Z a2ac83a9a562: Pulling fs layer
2026-10-10T00:03:13.6619076Z 1b189482e65c: Pulling fs layer
2026-10-10T00:03:13.6619822Z b4dfe9b5d621: Waiting
2026-10-10T00:03:13.6620218Z a2ac83a9a562: Waiting
2026-10-10T00:03:13.6620674Z 1b189482e65c: Waiting
2026-10-10T00:03:13.6621065Z d8cf7dc1ff62: Waiting
2026-10-10T00:03:13.8841189Z 74c72610aa2d: Verifying Checksum
2026-10-10T00:03:13.8842416Z 74c72610aa2d: Download complete
2026-10-10T00:03:13.9737953Z 0926a8eb0e60: Verifying Checksum
2026-10-10T00:03:13.9739724Z 0926a8eb0e60: Download complete
2026-10-10T00:03:14.3211094Z e2bfec3c8017: Verifying Checksum
2026-10-10T00:03:14.3219474Z e2bfec3c8017: Download complete
2026-10-10T00:03:15.0519668Z a2ac83a9a562: Download complete
2026-10-10T00:03:15.2350161Z d8cf7dc1ff62: Verifying Checksum
2026-10-10T00:03:15.2351021Z d8cf7dc1ff62: Download complete
2026-10-10T00:03:15.4803141Z 0926a8eb0e60: Pull complete
2026-10-10T00:03:15.4905670Z b4dfe9b5d621: Verifying Checksum
2026-10-10T00:03:15.4907722Z b4dfe9b5d621: Download complete
2026-10-10T00:03:15.8814248Z 1b189482e65c: Verifying Checksum
2026-10-10T00:03:15.8814880Z 1b189482e65c: Download complete
2026-10-10T00:03:29.3961845Z e2bfec3c8017: Pull complete
2026-10-10T00:03:29.4316469Z 74c72610aa2d: Pull complete
2026-10-10T00:03:39.2535237Z d8cf7dc1ff62: Pull complete
2026-10-10T00:03:45.3615355Z b4dfe9b5d621: Pull complete
2026-10-10T00:03:48.1287252Z a2ac83a9a562: Pull complete
2026-10-10T00:03:50.8699886Z 1b189482e65c: Pull complete
2026-10-10T00:03:50.8729716Z Digest: sha256:eff16c30e6f3f4af0a03fa4b706120d5e9b0891c344a27d64559aff5900a4a27
2026-10-10T00:03:50.8737670Z Status: Downloaded newer image for mcr.microsoft.com/playwright@sha256:eff16c30e6f3f4af0a03fa4b706120d5e9b0891c344a27d64559aff5900a4a27
2026-10-10T00:03:50.8745208Z mcr.microsoft.com/playwright:v1.63.0-noble@sha256:eff16c30e6f3f4af0a03fa4b706120d5e9b0891c344a27d64559aff5900a4a27
2026-10-10T00:03:50.8832035Z ##[command]/usr/bin/docker create --name 0d144c2d2b754128a5af88937a1fe913_mcrmicrosoftcomplaywrightv1630noblesha256eff16c30e6f3f4af0a03fa4b706120d5e9b0891c344a27d64559aff5900a4a27_cccb47 --label b2d0ec --workdir /__w/dachoupai/dachoupai --network github_network_6bcd5ed9ac7f4e0f8e1dffce428d31c8 --user 1001 --ipc=host -e "HOME=/github/home" -e GITHUB_ACTIONS=true -e CI=true -v "/var/run/docker.sock":"/var/run/docker.sock" -v "/home/runner/work":"/__w" -v "/home/runner/actions-runner/cached/2.337.0/externals":"/__e":ro -v "/home/runner/work/_temp":"/__w/_temp" -v "/home/runner/work/_actions":"/__w/_actions" -v "/opt/hostedtoolcache":"/__t" -v "/home/runner/work/_temp/_github_home":"/github/home" -v "/home/runner/work/_temp/_github_workflow":"/github/workflow" --entrypoint "tail" mcr.microsoft.com/playwright:v1.63.0-noble@sha256:eff16c30e6f3f4af0a03fa4b706120d5e9b0891c344a27d64559aff5900a4a27 "-f" "/dev/null"
2026-10-10T00:03:50.9090306Z 114456dfb4be875c926e7f9eda90d719d4a4d1fe180054119f7436c57be77e49
2026-10-10T00:03:50.9110940Z ##[command]/usr/bin/docker start 114456dfb4be875c926e7f9eda90d719d4a4d1fe180054119f7436c57be77e49
2026-10-10T00:03:51.2048101Z 114456dfb4be875c926e7f9eda90d719d4a4d1fe180054119f7436c57be77e49
2026-10-10T00:03:51.2063700Z ##[command]/usr/bin/docker ps --all --filter id=114456dfb4be875c926e7f9eda90d719d4a4d1fe180054119f7436c57be77e49 --filter status=running --no-trunc --format "{{.ID}} {{.Status}}"
2026-10-10T00:03:51.2166104Z 114456dfb4be875c926e7f9eda90d719d4a4d1fe180054119f7436c57be77e49 Up Less than a second
2026-10-10T00:03:51.2183334Z ##[command]/usr/bin/docker inspect --format "{{range .Config.Env}}{{println .}}{{end}}" 114456dfb4be875c926e7f9eda90d719d4a4d1fe180054119f7436c57be77e49
2026-10-10T00:03:51.2288080Z HOME=/github/home
2026-10-10T00:03:51.2297428Z GITHUB_ACTIONS=true
2026-10-10T00:03:51.2297840Z CI=true
2026-10-10T00:03:51.2298304Z PATH=/usr/local/sbin:/usr/local/bin:/usr/sbin:/usr/bin:/sbin:/bin
2026-10-10T00:03:51.2298768Z LANG=C.UTF-8
2026-10-10T00:03:51.2299010Z LC_ALL=C.UTF-8
2026-10-10T00:03:51.2299317Z PLAYWRIGHT_BROWSERS_PATH=/ms-playwright
2026-10-10T00:03:51.2305960Z ##[endgroup]
2026-10-10T00:03:51.2314283Z ##[group]Waiting for all services to be ready
2026-10-10T00:03:51.2316024Z ##[endgroup]
2026-10-10T00:03:51.2622827Z ##[group]Run actions/checkout@v4
2026-10-10T00:03:51.2623274Z with:
2026-10-10T00:03:51.2623495Z   ref: 6464673099fa74699c77c9157afa93a14253349e
2026-10-10T00:03:51.2623779Z   repository: big-dimple/dachoupai
2026-10-10T00:03:51.2625681Z   token: ***
2026-10-10T00:03:51.2625869Z   ssh-strict: true
2026-10-10T00:03:51.2626056Z   ssh-user: git
2026-10-10T00:03:51.2626255Z   persist-credentials: true
2026-10-10T00:03:51.2626472Z   clean: true
2026-10-10T00:03:51.2626663Z   sparse-checkout-cone-mode: true
2026-10-10T00:03:51.2626877Z   fetch-depth: 1
2026-10-10T00:03:51.2627189Z   fetch-tags: false
2026-10-10T00:03:51.2627372Z   show-progress: true
2026-10-10T00:03:51.2627556Z   lfs: false
2026-10-10T00:03:51.2627733Z   submodules: false
2026-10-10T00:03:51.2627925Z   set-safe-directory: true
2026-10-10T00:03:51.2628142Z   allow-unsafe-pr-checkout: false
2026-10-10T00:03:51.2628506Z ##[endgroup]
2026-10-10T00:03:51.2678104Z ##[command]/usr/bin/docker exec  114456dfb4be875c926e7f9eda90d719d4a4d1fe180054119f7436c57be77e49 sh -c "cat /etc/*release | grep ^ID"
2026-10-10T00:03:51.4307246Z Syncing repository: big-dimple/dachoupai
2026-10-10T00:03:51.4308962Z ##[group]Getting Git version info
2026-10-10T00:03:51.4309447Z Working directory is '/__w/dachoupai/dachoupai'
2026-10-10T00:03:51.4310132Z [command]/usr/bin/git version
2026-10-10T00:03:51.4310462Z git version 2.43.0
2026-10-10T00:03:51.4356683Z ##[endgroup]
2026-10-10T00:03:51.4375066Z Temporarily overriding HOME='/__w/_temp/4bedfabd-9eba-4788-985a-bd1ec479fc23' before making global git config changes
2026-10-10T00:03:51.4376179Z Adding repository directory to the temporary git global config as a safe directory
2026-10-10T00:03:51.4379833Z [command]/usr/bin/git config --global --add safe.directory /__w/dachoupai/dachoupai
2026-10-10T00:03:51.4415160Z Deleting the contents of '/__w/dachoupai/dachoupai'
2026-10-10T00:03:51.4418967Z ##[group]Initializing the repository
2026-10-10T00:03:51.4422725Z [command]/usr/bin/git init /__w/dachoupai/dachoupai
2026-10-10T00:03:51.4457813Z hint: Using 'master' as the name for the initial branch. This default branch name
2026-10-10T00:03:51.4458604Z hint: is subject to change. To configure the initial branch name to use in all
2026-10-10T00:03:51.4459258Z hint: of your new repositories, which will suppress this warning, call:
2026-10-10T00:03:51.4459814Z hint: 
2026-10-10T00:03:51.4460207Z hint: 	git config --global init.defaultBranch <name>
2026-10-10T00:03:51.4460706Z hint: 
2026-10-10T00:03:51.4461132Z hint: Names commonly chosen instead of 'master' are 'main', 'trunk' and
2026-10-10T00:03:51.4461658Z hint: 'development'. The just-created branch can be renamed via this command:
2026-10-10T00:03:51.4462060Z hint: 
2026-10-10T00:03:51.4462364Z hint: 	git branch -m <name>
2026-10-10T00:03:51.4468424Z Initialized empty Git repository in /__w/dachoupai/dachoupai/.git/
2026-10-10T00:03:51.4477126Z [command]/usr/bin/git remote add origin https://github.com/big-dimple/dachoupai
2026-10-10T00:03:51.4508581Z ##[endgroup]
2026-10-10T00:03:51.4509130Z ##[group]Disabling automatic garbage collection
2026-10-10T00:03:51.4511455Z [command]/usr/bin/git config --local gc.auto 0
2026-10-10T00:03:51.4539868Z ##[endgroup]
2026-10-10T00:03:51.4540335Z ##[group]Setting up auth
2026-10-10T00:03:51.4544936Z [command]/usr/bin/git config --local --name-only --get-regexp core\.sshCommand
2026-10-10T00:03:51.4572724Z [command]/usr/bin/git submodule foreach --recursive sh -c "git config --local --name-only --get-regexp 'core\.sshCommand' && git config --local --unset-all 'core.sshCommand' || :"
2026-10-10T00:03:51.4802862Z [command]/usr/bin/git config --local --name-only --get-regexp http\.https\:\/\/github\.com\/\.extraheader
2026-10-10T00:03:51.4832835Z [command]/usr/bin/git submodule foreach --recursive sh -c "git config --local --name-only --get-regexp 'http\.https\:\/\/github\.com\/\.extraheader' && git config --local --unset-all 'http.https://github.com/.extraheader' || :"
2026-10-10T00:03:51.5061832Z [command]/usr/bin/git config --local --name-only --get-regexp ^includeIf\.gitdir:
2026-10-10T00:03:51.5090710Z [command]/usr/bin/git submodule foreach --recursive git config --local --show-origin --name-only --get-regexp remote.origin.url
2026-10-10T00:03:51.5297772Z [command]/usr/bin/git config --local http.https://github.com/.extraheader AUTHORIZATION: basic ***
2026-10-10T00:03:51.5332408Z ##[endgroup]
2026-10-10T00:03:51.5332794Z ##[group]Fetching the repository
2026-10-10T00:03:51.5339595Z [command]/usr/bin/git -c protocol.version=2 fetch --no-tags --prune --no-recurse-submodules --depth=1 origin 6464673099fa74699c77c9157afa93a14253349e
2026-10-10T00:04:04.9094805Z From https://github.com/big-dimple/dachoupai
2026-10-10T00:04:04.9095271Z  * branch            6464673099fa74699c77c9157afa93a14253349e -> FETCH_HEAD
2026-10-10T00:04:04.9111869Z ##[endgroup]
2026-10-10T00:04:04.9112370Z ##[group]Determining the checkout info
2026-10-10T00:04:04.9113775Z ##[endgroup]
2026-10-10T00:04:04.9119134Z [command]/usr/bin/git sparse-checkout disable
2026-10-10T00:04:04.9156118Z [command]/usr/bin/git config --local --unset-all extensions.worktreeConfig
2026-10-10T00:04:04.9183213Z ##[group]Checking out the ref
2026-10-10T00:04:04.9207273Z [command]/usr/bin/git checkout --progress --force 6464673099fa74699c77c9157afa93a14253349e
2026-10-10T00:04:05.9276583Z Updating files:  86% (4678/5425)
2026-10-10T00:04:05.9300022Z Updating files:  87% (4720/5425)
2026-10-10T00:04:05.9323535Z Updating files:  88% (4774/5425)
2026-10-10T00:04:05.9363984Z Updating files:  89% (4829/5425)
2026-10-10T00:04:05.9696415Z Updating files:  90% (4883/5425)
2026-10-10T00:04:05.9760463Z Updating files:  91% (4937/5425)
2026-10-10T00:04:05.9791378Z Updating files:  92% (4991/5425)
2026-10-10T00:04:05.9823633Z Updating files:  93% (5046/5425)
2026-10-10T00:04:05.9854118Z Updating files:  94% (5100/5425)
2026-10-10T00:04:05.9883068Z Updating files:  95% (5154/5425)
2026-10-10T00:04:05.9915761Z Updating files:  96% (5208/5425)
2026-10-10T00:04:05.9946308Z Updating files:  97% (5263/5425)
2026-10-10T00:04:05.9974867Z Updating files:  98% (5317/5425)
2026-10-10T00:04:06.0003448Z Updating files:  99% (5371/5425)
2026-10-10T00:04:06.0003883Z Updating files: 100% (5425/5425)
2026-10-10T00:04:06.0004201Z Updating files: 100% (5425/5425), done.
2026-10-10T00:04:06.0051700Z Note: switching to '6464673099fa74699c77c9157afa93a14253349e'.
2026-10-10T00:04:06.0052082Z 
2026-10-10T00:04:06.0052339Z You are in 'detached HEAD' state. You can look around, make experimental
2026-10-10T00:04:06.0052995Z changes and commit them, and you can discard any commits you make in this
2026-10-10T00:04:06.0053651Z state without impacting any branches by switching back to a branch.
2026-10-10T00:04:06.0054046Z 
2026-10-10T00:04:06.0054295Z If you want to create a new branch to retain commits you create, you may
2026-10-10T00:04:06.0054922Z do so (now or later) by using -c with the switch command. Example:
2026-10-10T00:04:06.0055323Z 
2026-10-10T00:04:06.0055475Z   git switch -c <new-branch-name>
2026-10-10T00:04:06.0055727Z 
2026-10-10T00:04:06.0055868Z Or undo this operation with:
2026-10-10T00:04:06.0056083Z 
2026-10-10T00:04:06.0056192Z   git switch -
2026-10-10T00:04:06.0056360Z 
2026-10-10T00:04:06.0056630Z Turn off this advice by setting config variable advice.detachedHead to false
2026-10-10T00:04:06.0057245Z 
2026-10-10T00:04:06.0057621Z HEAD is now at 6464673 docs: preserve bounded short effects and card purpose evidence with open scope
2026-10-10T00:04:06.0149883Z ##[endgroup]
2026-10-10T00:04:06.0190317Z [command]/usr/bin/git log -1 --format=%H
2026-10-10T00:04:06.0237339Z 6464673099fa74699c77c9157afa93a14253349e
2026-10-10T00:04:06.0415802Z ##[group]Run git config --global --add safe.directory "$GITHUB_WORKSPACE"
2026-10-10T00:04:06.0416307Z [36;1mgit config --global --add safe.directory "$GITHUB_WORKSPACE"[0m
2026-10-10T00:04:06.0419284Z shell: sh -e {0}
2026-10-10T00:04:06.0419505Z ##[endgroup]
2026-10-10T00:04:06.1467472Z ##[group]Run actions/setup-node@v4
2026-10-10T00:04:06.1467884Z with:
2026-10-10T00:04:06.1468052Z   node-version: 22
2026-10-10T00:04:06.1468226Z   cache: npm
2026-10-10T00:04:06.1468389Z   always-auth: false
2026-10-10T00:04:06.1468563Z   check-latest: false
2026-10-10T00:04:06.1470383Z   token: ***
2026-10-10T00:04:06.1470561Z ##[endgroup]
2026-10-10T00:04:06.1475842Z ##[command]/usr/bin/docker exec  114456dfb4be875c926e7f9eda90d719d4a4d1fe180054119f7436c57be77e49 sh -c "cat /etc/*release | grep ^ID"
2026-10-10T00:04:06.3569446Z Found in cache @ /__t/node/22.23.3/x64
2026-10-10T00:04:06.3571567Z (node:153) [DEP0040] DeprecationWarning: The `punycode` module is deprecated. Please use a userland alternative instead.
2026-10-10T00:04:06.3572407Z (Use `node --trace-deprecation ...` to show where the warning was created)
2026-10-10T00:04:06.3574106Z ##[group]Environment details
2026-10-10T00:04:06.6724699Z node: v22.23.3
2026-10-10T00:04:06.6725011Z npm: 10.9.9
2026-10-10T00:04:06.6725366Z yarn: 1.22.22
2026-10-10T00:04:06.6726063Z ##[endgroup]
2026-10-10T00:04:06.6737742Z [command]/__t/node/22.23.3/x64/bin/npm config get cache
2026-10-10T00:04:06.7805184Z /github/home/.npm
2026-10-10T00:04:07.0019422Z Cache hit for: node-cache-Linux-x64-npm-0f079ee01ade4a5835fe99686f334c01324694e20f2d9805b8cc57300ed7c392
2026-10-10T00:04:07.0084385Z (node:153) [DEP0169] DeprecationWarning: `url.parse()` behavior is not standardized and prone to errors that have security implications. Use the WHATWG URL API instead. CVEs are not issued for `url.parse()` vulnerabilities.
2026-10-10T00:04:08.2072496Z Received 38416193 of 59387713 (64.7%), 36.6 MBs/sec
2026-10-10T00:04:08.3235485Z Received 59387713 of 59387713 (100.0%), 50.7 MBs/sec
2026-10-10T00:04:08.3235943Z Cache Size: ~57 MB (59387713 B)
2026-10-10T00:04:08.3284859Z [command]/usr/bin/tar -xf /__w/_temp/cd3cb396-4eb3-46d8-88bf-83c2abed2ea8/cache.tgz -P -C /__w/dachoupai/dachoupai -z
2026-10-10T00:04:08.6079555Z Cache restored successfully
2026-10-10T00:04:08.6110550Z Cache restored from key: node-cache-Linux-x64-npm-0f079ee01ade4a5835fe99686f334c01324694e20f2d9805b8cc57300ed7c392
2026-10-10T00:04:08.6300634Z ##[group]Run npm ci
2026-10-10T00:04:08.6300856Z [36;1mnpm ci[0m
2026-10-10T00:04:08.6301300Z shell: sh -e {0}
2026-10-10T00:04:08.6301473Z ##[endgroup]
2026-10-10T00:04:10.6960215Z npm warn deprecated glob@10.5.0: Old versions of glob are not supported, and contain widely publicized security vulnerabilities, which have been fixed in the current version. Please update. Support for old versions may be purchased (at exorbitant rates) by contacting i@izs.me
2026-10-10T00:04:11.8439601Z 
2026-10-10T00:04:11.8440530Z added 226 packages, and audited 227 packages in 3s
2026-10-10T00:04:11.8440923Z 
2026-10-10T00:04:11.8441156Z 53 packages are looking for funding
2026-10-10T00:04:11.8441551Z   run `npm fund` for details
2026-10-10T00:04:11.8468560Z 
2026-10-10T00:04:11.8469366Z 4 high severity vulnerabilities
2026-10-10T00:04:11.8469748Z 
2026-10-10T00:04:11.8470076Z To address issues that do not require attention, run:
2026-10-10T00:04:11.8470548Z   npm audit fix
2026-10-10T00:04:11.8470806Z 
2026-10-10T00:04:11.8471081Z To address all issues (including breaking changes), run:
2026-10-10T00:04:11.8471387Z   npm audit fix --force
2026-10-10T00:04:11.8471508Z 
2026-10-10T00:04:11.8471617Z Run `npm audit` for details.
2026-10-10T00:04:11.8882701Z ##[group]Run node <<'NODE'
2026-10-10T00:04:11.8883106Z [36;1mnode <<'NODE'[0m
2026-10-10T00:04:11.8883447Z [36;1mconst fs = require('node:fs');[0m
2026-10-10T00:04:11.8883959Z [36;1mconst {chromium, firefox, webkit} = require('playwright');[0m
2026-10-10T00:04:11.8884581Z [36;1mconst version = require('playwright/package.json').version;[0m
2026-10-10T00:04:11.8885450Z [36;1mif (version !== '1.63.0') throw new Error('Update the pinned Playwright image to match package-lock.json: ' + version);[0m
2026-10-10T00:04:11.8886302Z [36;1mfor (const browser of [chromium, firefox, webkit]) {[0m
2026-10-10T00:04:11.8886841Z [36;1m  const executable = browser.executablePath();[0m
2026-10-10T00:04:11.8887980Z [36;1m  fs.accessSync(executable, fs.constants.X_OK);[0m
2026-10-10T00:04:11.8888494Z [36;1m  console.log(browser.name() + ': ' + executable);[0m
2026-10-10T00:04:11.8888933Z [36;1m}[0m
2026-10-10T00:04:11.8889216Z [36;1mNODE[0m
2026-10-10T00:04:11.8889691Z shell: sh -e {0}
2026-10-10T00:04:11.8889985Z ##[endgroup]
2026-10-10T00:04:12.1947649Z chromium: /ms-playwright/chromium-1243/chrome-linux64/chrome
2026-10-10T00:04:12.1948636Z firefox: /ms-playwright/firefox-1543/firefox/firefox
2026-10-10T00:04:12.1949247Z webkit: /ms-playwright/webkit-2359/pw_run.sh
2026-10-10T00:04:12.2396413Z ##[group]Run npm run verify:ci -- --scope=browser
2026-10-10T00:04:12.2396762Z [36;1mnpm run verify:ci -- --scope=browser[0m
2026-10-10T00:04:12.2397742Z shell: sh -e {0}
2026-10-10T00:04:12.2397919Z env:
2026-10-10T00:04:12.2398103Z   SMOKE_BROWSERS: chromium,firefox,webkit
2026-10-10T00:04:12.2398492Z ##[endgroup]
2026-10-10T00:04:12.3877097Z 
2026-10-10T00:04:12.3877784Z > dachoupai@0.1.0 verify:ci
2026-10-10T00:04:12.3878431Z > node scripts/verify-ci.mjs --scope=browser
2026-10-10T00:04:12.3878723Z 
2026-10-10T00:04:12.8944152Z CHECK build: /__t/node/22.23.3/x64/bin/node /__t/node/22.23.3/x64/lib/node_modules/npm/bin/npm-cli.js run build
2026-10-10T00:04:12.9794652Z 
2026-10-10T00:04:12.9795216Z > dachoupai@0.1.0 build
2026-10-10T00:04:12.9795524Z > tsc --noEmit && vite build
2026-10-10T00:04:12.9795787Z 
2026-10-10T00:04:23.3188860Z ##[error]src/game/Catalog.ts(47,316): error TS2322: Type '{ url: string; thumbnailUrl: string | undefined; alt: string; layout: "card"; caption: string; } | undefined' is not assignable to type '(Omit<{ url: string; thumbnailUrl: string | undefined; fallbackUrl: string; alt: string; layout: "card"; }, "fallbackUrl"> & { fallbackUrl?: string | undefined; }) | undefined'.
2026-10-10T00:04:23.3196618Z   Object literal may only specify known properties, and 'caption' does not exist in type 'Omit<{ url: string; thumbnailUrl: string | undefined; fallbackUrl: string; alt: string; layout: "card"; }, "fallbackUrl"> & { fallbackUrl?: string | undefined; }'.
2026-10-10T00:04:23.7734920Z build: FAIL
2026-10-10T00:04:23.7736267Z {
2026-10-10T00:04:23.7736563Z   "scope": "browser",
2026-10-10T00:04:23.7737148Z   "testedCommit": "6464673099fa74699c77c9157afa93a14253349e",
2026-10-10T00:04:23.7737548Z   "status": "FAIL",
2026-10-10T00:04:23.7737810Z   "exitCode": 2,
2026-10-10T00:04:23.7738059Z   "before": {
2026-10-10T00:04:23.7738639Z     "source": "d84a717374efea9ef22be9d099153d3818d2cd0f7acf16da85886b5d49e0904e",
2026-10-10T00:04:23.7739439Z     "index": "0ff5ab06a6b5ac55a7e8f302b35164b8300ae845afccf64c6ebeb2ebfef4654a",
2026-10-10T00:04:23.7740061Z     "head": "6464673099fa74699c77c9157afa93a14253349e",
2026-10-10T00:04:23.7740431Z     "branch": null
2026-10-10T00:04:23.7740688Z   },
2026-10-10T00:04:23.7740901Z   "after": {
2026-10-10T00:04:23.7741459Z     "source": "d84a717374efea9ef22be9d099153d3818d2cd0f7acf16da85886b5d49e0904e",
2026-10-10T00:04:23.7742277Z     "index": "0ff5ab06a6b5ac55a7e8f302b35164b8300ae845afccf64c6ebeb2ebfef4654a",
2026-10-10T00:04:23.7742969Z     "head": "6464673099fa74699c77c9157afa93a14253349e",
2026-10-10T00:04:23.7743402Z     "branch": null
2026-10-10T00:04:23.7743688Z   },
2026-10-10T00:04:23.7743951Z   "steps": [
2026-10-10T00:04:23.7744210Z     {
2026-10-10T00:04:23.7744465Z       "name": "build",
2026-10-10T00:04:23.7744787Z       "status": "FAIL",
2026-10-10T00:04:23.7745097Z       "childExitCode": 2,
2026-10-10T00:04:23.7745393Z       "elapsedMs": 10879,
2026-10-10T00:04:23.7745756Z       "reason": "child exited 2"
2026-10-10T00:04:23.7746085Z     }
2026-10-10T00:04:23.7746304Z   ],
2026-10-10T00:04:23.7746552Z   "notIncluded": [
2026-10-10T00:04:23.7746835Z     {
2026-10-10T00:04:23.7747589Z       "name": "extended browser/recovery/fault/asset/simulation diagnostics",
2026-10-10T00:04:23.7748167Z       "status": "NOT_INCLUDED",
2026-10-10T00:04:23.7748924Z       "reason": "run the existing specific command only when its domain changes; P00 removes repeated default execution"
2026-10-10T00:04:23.7749925Z     },
2026-10-10T00:04:23.7750195Z     {
2026-10-10T00:04:23.7750550Z       "name": "balance/benchmark acceptance",
2026-10-10T00:04:23.7750958Z       "status": "NOT_INCLUDED",
2026-10-10T00:04:23.7751477Z       "reason": "later work packages; no gameplay approval inferred from checks"
2026-10-10T00:04:23.7751956Z     },
2026-10-10T00:04:23.7752184Z     {
2026-10-10T00:04:23.7752539Z       "name": "physical devices / human / art approval",
2026-10-10T00:04:23.7752966Z       "status": "NOT_RUN"
2026-10-10T00:04:23.7753285Z     }
2026-10-10T00:04:23.7753753Z   ]
2026-10-10T00:04:23.7753983Z }
2026-10-10T00:04:23.7890476Z ##[error]Process completed with exit code 2.
2026-10-10T00:04:23.7960727Z ##[group]Run actions/upload-artifact@v4
2026-10-10T00:04:23.7960973Z with:
2026-10-10T00:04:23.7961153Z   name: browser-38007330491
2026-10-10T00:04:23.7961407Z   path: shots/ci/
shots/desktop-*.png
shots/mobile-*.png

2026-10-10T00:04:23.7961672Z   retention-days: 14
2026-10-10T00:04:23.7961886Z   if-no-files-found: warn
2026-10-10T00:04:23.7962080Z   compression-level: 6
2026-10-10T00:04:23.7962267Z   overwrite: false
2026-10-10T00:04:23.7962445Z   include-hidden-files: false
2026-10-10T00:04:23.7962648Z ##[endgroup]
2026-10-10T00:04:23.7965752Z ##[command]/usr/bin/docker exec  114456dfb4be875c926e7f9eda90d719d4a4d1fe180054119f7436c57be77e49 sh -c "cat /etc/*release | grep ^ID"
2026-10-10T00:04:24.0182933Z (node:309) [DEP0040] DeprecationWarning: The `punycode` module is deprecated. Please use a userland alternative instead.
2026-10-10T00:04:24.0200632Z (Use `node --trace-deprecation ...` to show where the warning was created)
2026-10-10T00:04:24.0248386Z With the provided path, there will be 1 file uploaded
2026-10-10T00:04:24.0272838Z Artifact name is valid!
2026-10-10T00:04:24.0273893Z Root directory input is valid!
2026-10-10T00:04:24.3599612Z Beginning upload of artifact content to blob storage
2026-10-10T00:04:24.3743777Z (node:309) [DEP0169] DeprecationWarning: `url.parse()` behavior is not standardized and prone to errors that have security implications. Use the WHATWG URL API instead. CVEs are not issued for `url.parse()` vulnerabilities.
2026-10-10T00:04:24.5918793Z Uploaded bytes 699
2026-10-10T00:04:24.6736234Z Finished uploading artifact content to blob storage!
2026-10-10T00:04:24.6737438Z SHA256 digest of uploaded artifact zip is fac8f3d544d09aeac8f3dd28ac815a2fb4d337ba78707945607562424b4f9e94
2026-10-10T00:04:24.6738378Z Finalizing artifact upload
2026-10-10T00:04:24.9239335Z Artifact browser-38007330491.zip successfully finalized. Artifact ID 11651643199
2026-10-10T00:04:24.9240661Z Artifact browser-38007330491 has been successfully uploaded! Final size is 699 bytes. Artifact ID is 11651643199
2026-10-10T00:04:24.9241850Z Artifact download URL: https://github.com/big-dimple/dachoupai/actions/runs/38007330491/artifacts/11651643199
2026-10-10T00:04:24.9413532Z Post job cleanup.
2026-10-10T00:04:24.9435081Z ##[command]/usr/bin/docker exec  114456dfb4be875c926e7f9eda90d719d4a4d1fe180054119f7436c57be77e49 sh -c "cat /etc/*release | grep ^ID"
2026-10-10T00:04:25.0898659Z [command]/usr/bin/git version
2026-10-10T00:04:25.0935389Z git version 2.43.0
2026-10-10T00:04:25.0964098Z Copying '/github/home/.gitconfig' to '/__w/_temp/96c38bfa-bb85-4d43-8b58-02816c8bdf0e/.gitconfig'
2026-10-10T00:04:25.0973651Z Temporarily overriding HOME='/__w/_temp/96c38bfa-bb85-4d43-8b58-02816c8bdf0e' before making global git config changes
2026-10-10T00:04:25.0974883Z Adding repository directory to the temporary git global config as a safe directory
2026-10-10T00:04:25.0978576Z [command]/usr/bin/git config --global --add safe.directory /__w/dachoupai/dachoupai
2026-10-10T00:04:25.1011297Z [command]/usr/bin/git config --local --name-only --get-regexp core\.sshCommand
2026-10-10T00:04:25.1041243Z [command]/usr/bin/git submodule foreach --recursive sh -c "git config --local --name-only --get-regexp 'core\.sshCommand' && git config --local --unset-all 'core.sshCommand' || :"
2026-10-10T00:04:25.1269541Z [command]/usr/bin/git config --local --name-only --get-regexp http\.https\:\/\/github\.com\/\.extraheader
2026-10-10T00:04:25.1298253Z http.https://github.com/.extraheader
2026-10-10T00:04:25.1305139Z [command]/usr/bin/git config --local --unset-all http.https://github.com/.extraheader
2026-10-10T00:04:25.1332104Z [command]/usr/bin/git submodule foreach --recursive sh -c "git config --local --name-only --get-regexp 'http\.https\:\/\/github\.com\/\.extraheader' && git config --local --unset-all 'http.https://github.com/.extraheader' || :"
2026-10-10T00:04:25.1605377Z [command]/usr/bin/git config --local --name-only --get-regexp ^includeIf\.gitdir:
2026-10-10T00:04:25.1641726Z [command]/usr/bin/git submodule foreach --recursive git config --local --show-origin --name-only --get-regexp remote.origin.url
2026-10-10T00:04:25.2015132Z Stop and remove container: 0d144c2d2b754128a5af88937a1fe913_mcrmicrosoftcomplaywrightv1630noblesha256eff16c30e6f3f4af0a03fa4b706120d5e9b0891c344a27d64559aff5900a4a27_cccb47
2026-10-10T00:04:25.2019236Z ##[command]/usr/bin/docker rm --force 114456dfb4be875c926e7f9eda90d719d4a4d1fe180054119f7436c57be77e49
2026-10-10T00:04:29.6877432Z 114456dfb4be875c926e7f9eda90d719d4a4d1fe180054119f7436c57be77e49
2026-10-10T00:04:29.6902073Z Remove container network: github_network_6bcd5ed9ac7f4e0f8e1dffce428d31c8
2026-10-10T00:04:29.6905505Z ##[command]/usr/bin/docker network rm github_network_6bcd5ed9ac7f4e0f8e1dffce428d31c8
2026-10-10T00:04:29.7921870Z github_network_6bcd5ed9ac7f4e0f8e1dffce428d31c8
2026-10-10T00:04:29.7986174Z Cleaning up orphan processes
2026-10-10T00:04:29.8270227Z ##[warning]Node.js 20 is deprecated. The following actions target Node.js 20 but are being forced to run on Node.js 24: actions/checkout@v4, actions/setup-node@v4, actions/upload-artifact@v4. For more information see: https://github.blog/changelog/2025-09-19-deprecation-of-node-20-on-github-actions-runners/
