
> dachoupai@0.1.0 verify
> npm run typecheck && npm test && npm run build


> dachoupai@0.1.0 typecheck
> tsc --noEmit

npm notice
npm notice New major version of npm available! 11.9.0 -> 12.2.0
npm notice Changelog: https://github.com/npm/cli/releases/tag/v12.2.0
npm notice To update run: npm install -g npm@12.2.0
npm notice

> dachoupai@0.1.0 test
> vitest run


 RUN  v4.1.11 /workspace/dachoupai

 ❯ tests/v00-bot.test.ts (5 tests | 2 failed) 13977ms
     × groups emits only valid ordinary commands on a natural run 6554ms
     × suit emits only valid ordinary commands on a natural run 5588ms

⎯⎯⎯⎯⎯⎯⎯ Failed Tests 2 ⎯⎯⎯⎯⎯⎯⎯

 FAIL  tests/v00-bot.test.ts > V00 policies receive only player-visible information > groups emits only valid ordinary commands on a natural run
 FAIL  tests/v00-bot.test.ts > V00 policies receive only player-visible information > suit emits only valid ordinary commands on a natural run
Error: Test timed out in 5000ms.
If this is a long-running test, pass a timeout value as the last argument or configure it globally with "testTimeout".
 ❯ tests/v00-bot.test.ts:19:51


⎯⎯⎯⎯⎯⎯⎯⎯⎯⎯⎯⎯⎯⎯⎯⎯⎯⎯⎯⎯⎯⎯⎯⎯[1/2]⎯


 Test Files  1 failed | 136 passed (137)
      Tests  2 failed | 2468 passed (2470)
   Start at  12:21:06
   Duration  44.84s (transform 5.56s, setup 0ms, import 19.48s, tests 90.42s, environment 15ms)

npm notice
npm notice New major version of npm available! 11.9.0 -> 12.2.0
npm notice Changelog: https://github.com/npm/cli/releases/tag/v12.2.0
npm notice To update run: npm install -g npm@12.2.0
npm notice
npm notice
npm notice New major version of npm available! 11.9.0 -> 12.2.0
npm notice Changelog: https://github.com/npm/cli/releases/tag/v12.2.0
npm notice To update run: npm install -g npm@12.2.0
npm notice
