
> dachoupai@0.1.0 test
> vitest run tests/tool-change-preview.test.ts tests/tool-target-directory.test.ts tests/tool-inventory-entry.test.ts tests/shop-layout.test.ts tests/layout.test.ts tests/selection-layout.test.ts tests/shop-route-relations.test.ts


 RUN  v4.1.11 /workspace/dachoupai

 ❯ tests/layout.test.ts (53 tests | 1 failed) 121ms
     × keeps three sorting targets and two primary targets within the dynamic safe viewport 14ms
 ❯ tests/shop-layout.test.ts (14 tests | 1 failed) 62ms
   × short landscape has three discoverable goods/copy clear of every action through safe34 8ms

⎯⎯⎯⎯⎯⎯⎯ Failed Tests 2 ⎯⎯⎯⎯⎯⎯⎯

 FAIL  tests/layout.test.ts > CSS layout contract > keeps three sorting targets and two primary targets within the dynamic safe viewport
AssertionError: expected 1120 to be 1208 // Object.is equality

- Expected
+ Received

- 1208
+ 1120

 ❯ tests/layout.test.ts:103:71
    101|       }
    102|       for(let i=0;i<controls.length;i++)for(let j=i+1;j<controls.lengt…
    103|       expect(l.buttons.rank.x).toBe(l.tools.x);expect(l.buttons.ai.x).…
       |                                                                       ^
    104|       if(l.mode!=='portrait')expect(l.tableActions.discard.x).toBeGrea…
    105|       if(l.mode==='portrait'&&!l.handOverflow)expect((l.tableActions.d…

⎯⎯⎯⎯⎯⎯⎯⎯⎯⎯⎯⎯⎯⎯⎯⎯⎯⎯⎯⎯⎯⎯⎯⎯[1/2]⎯

 FAIL  tests/shop-layout.test.ts > short landscape has three discoverable goods/copy clear of every action through safe34
AssertionError: expected true to be false // Object.is equality

- Expected
+ Received

- false
+ true

 ❯ tests/shop-layout.test.ts:32:82
     30|    expect(b.y-l.tabs.y-l.tabs.height).toBeGreaterThanOrEqual(2);
     31|    expect(intersects(tile,toolbar)).toBe(false);expect(intersects(tile…
     32|    for(const action of [l.play,l.reroll,l.build])expect(intersects(til…
       |                                                                                  ^
     33|   }
     34|   for(const b of l.slots)for(const a of [l.play,l.reroll,l.build])expe…

⎯⎯⎯⎯⎯⎯⎯⎯⎯⎯⎯⎯⎯⎯⎯⎯⎯⎯⎯⎯⎯⎯⎯⎯[2/2]⎯


 Test Files  2 failed | 5 passed (7)
      Tests  2 failed | 104 passed (106)
   Start at  15:19:35
   Duration  2.31s (transform 1.56s, setup 0ms, import 2.16s, tests 1.87s, environment 1ms)

npm notice
npm notice New major version of npm available! 11.9.0 -> 12.2.0
npm notice Changelog: https://github.com/npm/cli/releases/tag/v12.2.0
npm notice To update run: npm install -g npm@12.2.0
npm notice
