
> dachoupai@0.1.0 typecheck
> tsc --noEmit

src/game/HeroAbilityCue.ts(29,71): error TS2339: Property 'reason' does not exist on type '{ available: true; remaining: 1; } | { available: false; remaining: 0; reason: "disabled" | "phase" | "character" | "profile" | "used"; }'.
  Property 'reason' does not exist on type '{ available: true; remaining: 1; }'.
src/game/HeroAbilityCue.ts(29,103): error TS2339: Property 'reason' does not exist on type '{ available: true; remaining: 1; } | { available: false; remaining: 0; reason: "disabled" | "phase" | "character" | "profile" | "used"; }'.
  Property 'reason' does not exist on type '{ available: true; remaining: 1; }'.
src/game/JokerExperience.ts(45,61): error TS2339: Property 'assistKind' does not exist on type '{ ids: string[]; kind: "pair" | "three-kind"; multiplier: 4 | 2; }'.
src/game/JokerExperience.ts(45,115): error TS2339: Property 'assistIds' does not exist on type '{ ids: string[]; kind: "pair" | "three-kind"; multiplier: 4 | 2; }'.
src/game/JokerExperience.ts(45,157): error TS2339: Property 'assistMultiplier' does not exist on type '{ ids: string[]; kind: "pair" | "three-kind"; multiplier: 4 | 2; }'.
tests/hero-opening-copy.test.ts(9,161): error TS2339: Property 'play' does not exist on type '{ story: string; taunt: string; accent: string; }'.
tests/hero-opening-copy.test.ts(12,98): error TS2339: Property 'play' does not exist on type '{ story: string; taunt: string; accent: string; }'.
tests/hero-opening-copy.test.ts(12,145): error TS2339: Property 'play' does not exist on type '{ story: string; taunt: string; accent: string; }'.
tests/hero-opening-copy.test.ts(13,28): error TS2339: Property 'play' does not exist on type '{ story: string; taunt: string; accent: string; }'.
tests/hero-opening-copy.test.ts(13,78): error TS2339: Property 'play' does not exist on type '{ story: string; taunt: string; accent: string; }'.
tests/hero-opening-copy.test.ts(14,27): error TS2339: Property 'play' does not exist on type '{ story: string; taunt: string; accent: string; }'.
tests/hero-opening-copy.test.ts(14,82): error TS2339: Property 'play' does not exist on type '{ story: string; taunt: string; accent: string; }'.
npm notice
npm notice New major version of npm available! 11.9.0 -> 12.2.0
npm notice Changelog: https://github.com/npm/cli/releases/tag/v12.2.0
npm notice To update run: npm install -g npm@12.2.0
npm notice
