
> dachoupai@0.1.0 test
> vitest run tests/hero-ability-cue.test.ts tests/hero-opening-copy.test.ts tests/touye-wager.test.ts tests/amo-launch.test.ts tests/erxiang-handoff.test.ts tests/joker-experience.test.ts tests/hero-climax.test.ts


 RUN  v4.1.11 /workspace/dachoupai

 ❯ tests/hero-ability-cue.test.ts (5 tests | 1 failed) 678ms
   × B08 respects the non-scoring Laohuan exception and never advertises disabled scoring abilities 12ms

⎯⎯⎯⎯⎯⎯⎯ Failed Tests 1 ⎯⎯⎯⎯⎯⎯⎯

 FAIL  tests/hero-ability-cue.test.ts > B08 respects the non-scoring Laohuan exception and never advertises disabled scoring abilities
Error: Run invariant: program snapshot
 ❯ check src/domain/r2Run.ts:118:70

 ❯ assertR2Invariants src/domain/r2Run.ts:138:3
 ❯ applyCommand src/domain/run.ts:201:5
 ❯ send tests/hero-ability-cue.test.ts:12:51
 ❯ tests/hero-ability-cue.test.ts:40:349

⎯⎯⎯⎯⎯⎯⎯⎯⎯⎯⎯⎯⎯⎯⎯⎯⎯⎯⎯⎯⎯⎯⎯⎯[1/1]⎯


 Test Files  1 failed | 6 passed (7)
      Tests  1 failed | 55 passed (56)
   Start at  10:23:36
   Duration  2.34s (transform 1.75s, setup 0ms, import 2.91s, tests 2.57s, environment 1ms)

npm notice
npm notice New major version of npm available! 11.9.0 -> 12.2.0
npm notice Changelog: https://github.com/npm/cli/releases/tag/v12.2.0
npm notice To update run: npm install -g npm@12.2.0
npm notice
