
 RUN  v4.1.11 /workspace/dachoupai

 ❯ tests/opening-signature.test.ts (6 tests | 1 failed) 40ms
   × first-shop step follows actual shelf then owned stock without writing state or offering consumed stock 21ms

⎯⎯⎯⎯⎯⎯⎯ Failed Tests 1 ⎯⎯⎯⎯⎯⎯⎯

 FAIL  tests/opening-signature.test.ts > first-shop step follows actual shelf then owned stock without writing state or offering consumed stock
AssertionError: expected undefined to be 'basic-choice/1' // Object.is equality

- Expected:
"basic-choice/1"

+ Received:
undefined

 ❯ tests/opening-signature.test.ts:25:448


⎯⎯⎯⎯⎯⎯⎯⎯⎯⎯⎯⎯⎯⎯⎯⎯⎯⎯⎯⎯⎯⎯⎯⎯[1/1]⎯


 Test Files  1 failed | 1 passed (2)
      Tests  1 failed | 30 passed (31)
   Start at  20:02:08
   Duration  1.72s (transform 1.12s, setup 0ms, import 1.53s, tests 884ms, environment 0ms)

npm notice
npm notice New major version of npm available! 11.9.0 -> 12.2.0
npm notice Changelog: https://github.com/npm/cli/releases/tag/v12.2.0
npm notice To update run: npm install -g npm@12.2.0
npm notice
