2026-10-09T19:59:08.2118663Z Current runner version: '2.337.0'
2026-10-09T19:59:08.2136718Z ##[group]Runner Image Provisioner
2026-10-09T19:59:08.2137254Z Hosted Compute Agent
2026-10-09T19:59:08.2137661Z Version: 20261002.596
2026-10-09T19:59:08.2138086Z Commit: c3d12f3313a95f25162a1503be624f3b0617f8c0
2026-10-09T19:59:08.2138522Z Build Date: 2026-10-02T22:28:27Z
2026-10-09T19:59:08.2139212Z Worker ID: {09aa4e6c-f39c-4d9a-9fc3-7e5072ee887e}
2026-10-09T19:59:08.2139641Z Region: centralus
2026-10-09T19:59:08.2139970Z Cloud: Azure
2026-10-09T19:59:08.2140405Z ##[endgroup]
2026-10-09T19:59:08.2141217Z ##[group]Operating System
2026-10-09T19:59:08.2141621Z Ubuntu
2026-10-09T19:59:08.2141940Z 24.04.5
2026-10-09T19:59:08.2142244Z LTS
2026-10-09T19:59:08.2142636Z ##[endgroup]
2026-10-09T19:59:08.2142971Z ##[group]Runner Image
2026-10-09T19:59:08.2143356Z Image: ubuntu-24.04
2026-10-09T19:59:08.2143716Z Version: 20261004.327.1
2026-10-09T19:59:08.2144508Z Included Software: https://github.com/actions/runner-images/blob/ubuntu24/20261004.327/images/ubuntu/Ubuntu2404-Readme.md
2026-10-09T19:59:08.2145419Z Image Release: https://github.com/actions/runner-images/releases/tag/ubuntu24%2F20261004.327
2026-10-09T19:59:08.2146007Z ##[endgroup]
2026-10-09T19:59:08.2146690Z ##[group]GITHUB_TOKEN Permissions
2026-10-09T19:59:08.2147895Z Contents: read
2026-10-09T19:59:08.2148308Z Metadata: read
2026-10-09T19:59:08.2148635Z ##[endgroup]
2026-10-09T19:59:08.2150114Z Secret source: Actions
2026-10-09T19:59:08.2150670Z Cache mode: write
2026-10-09T19:59:08.2151176Z Prepare workflow directory
2026-10-09T19:59:08.2420292Z Prepare all required actions
2026-10-09T19:59:08.2451626Z Getting action download info
2026-10-09T19:59:08.4794483Z Download action repository 'actions/checkout@v4' (SHA:11d5960a326750d5838078e36cf38b85af677262)
2026-10-09T19:59:08.5637380Z Download action repository 'actions/setup-node@v4' (SHA:49933ea5288caeca8642d1e84afbd3f7d6820020)
2026-10-09T19:59:08.6942496Z Download action repository 'actions/upload-artifact@v4' (SHA:ea165f8d65b6e75b540449e92b4886f43607fa02)
2026-10-09T19:59:08.8916214Z Complete job name: browser
2026-10-09T19:59:08.9236443Z ##[group]Checking docker version
2026-10-09T19:59:08.9244643Z ##[command]/usr/bin/docker version --format '{{.Server.APIVersion}}'
2026-10-09T19:59:09.8900955Z '1.48'
2026-10-09T19:59:09.8915132Z Docker daemon API version: '1.48'
2026-10-09T19:59:09.8916134Z ##[command]/usr/bin/docker version --format '{{.Client.APIVersion}}'
2026-10-09T19:59:09.9080963Z '1.48'
2026-10-09T19:59:09.9094511Z Docker client API version: '1.48'
2026-10-09T19:59:09.9101168Z ##[endgroup]
2026-10-09T19:59:09.9102848Z ##[group]Clean up resources from previous jobs
2026-10-09T19:59:09.9107318Z ##[command]/usr/bin/docker ps --all --quiet --no-trunc --filter "label=a913fc"
2026-10-09T19:59:09.9257297Z ##[command]/usr/bin/docker network prune --force --filter "label=a913fc"
2026-10-09T19:59:09.9358192Z ##[endgroup]
2026-10-09T19:59:09.9359184Z ##[group]Create local container network
2026-10-09T19:59:09.9366843Z ##[command]/usr/bin/docker network create --label a913fc github_network_80cb93d3646d4568bbe034ca664c71a9
2026-10-09T19:59:10.0029403Z 52c9cf84fe0443d3d1467d5541f8c6024bca9ca1d806ca8cf9bb6c26a29dcc83
2026-10-09T19:59:10.0047156Z ##[endgroup]
2026-10-09T19:59:10.0066870Z ##[group]Starting job container
2026-10-09T19:59:10.0082875Z ##[command]/usr/bin/docker pull mcr.microsoft.com/playwright:v1.63.0-noble@sha256:eff16c30e6f3f4af0a03fa4b706120d5e9b0891c344a27d64559aff5900a4a27
2026-10-09T19:59:10.1522164Z mcr.microsoft.com/playwright@sha256:eff16c30e6f3f4af0a03fa4b706120d5e9b0891c344a27d64559aff5900a4a27: Pulling from playwright
2026-10-09T19:59:10.1968038Z 0926a8eb0e60: Pulling fs layer
2026-10-09T19:59:10.1969337Z e2bfec3c8017: Pulling fs layer
2026-10-09T19:59:10.1969901Z 74c72610aa2d: Pulling fs layer
2026-10-09T19:59:10.1970372Z d8cf7dc1ff62: Pulling fs layer
2026-10-09T19:59:10.1970753Z b4dfe9b5d621: Pulling fs layer
2026-10-09T19:59:10.1971111Z a2ac83a9a562: Pulling fs layer
2026-10-09T19:59:10.1971462Z 1b189482e65c: Pulling fs layer
2026-10-09T19:59:10.1972385Z d8cf7dc1ff62: Waiting
2026-10-09T19:59:10.2657873Z b4dfe9b5d621: Waiting
2026-10-09T19:59:10.2659223Z a2ac83a9a562: Waiting
2026-10-09T19:59:10.2659488Z 1b189482e65c: Waiting
2026-10-09T19:59:10.2659729Z 74c72610aa2d: Verifying Checksum
2026-10-09T19:59:10.3537284Z 0926a8eb0e60: Verifying Checksum
2026-10-09T19:59:10.3537818Z 0926a8eb0e60: Download complete
2026-10-09T19:59:10.7155868Z e2bfec3c8017: Verifying Checksum
2026-10-09T19:59:10.7156328Z e2bfec3c8017: Download complete
2026-10-09T19:59:11.2791917Z a2ac83a9a562: Download complete
2026-10-09T19:59:11.3133069Z 0926a8eb0e60: Pull complete
2026-10-09T19:59:11.9361371Z d8cf7dc1ff62: Verifying Checksum
2026-10-09T19:59:11.9362121Z d8cf7dc1ff62: Download complete
2026-10-09T19:59:12.0084037Z b4dfe9b5d621: Verifying Checksum
2026-10-09T19:59:12.0085246Z b4dfe9b5d621: Download complete
2026-10-09T19:59:12.1575140Z 1b189482e65c: Verifying Checksum
2026-10-09T19:59:12.1575972Z 1b189482e65c: Download complete
2026-10-09T19:59:23.6640054Z e2bfec3c8017: Pull complete
2026-10-09T19:59:23.6986080Z 74c72610aa2d: Pull complete
2026-10-09T19:59:33.0135496Z d8cf7dc1ff62: Pull complete
2026-10-09T19:59:39.0928325Z b4dfe9b5d621: Pull complete
2026-10-09T19:59:41.8244999Z a2ac83a9a562: Pull complete
2026-10-09T19:59:44.4638354Z 1b189482e65c: Pull complete
2026-10-09T19:59:44.4667783Z Digest: sha256:eff16c30e6f3f4af0a03fa4b706120d5e9b0891c344a27d64559aff5900a4a27
2026-10-09T19:59:44.4674364Z Status: Downloaded newer image for mcr.microsoft.com/playwright@sha256:eff16c30e6f3f4af0a03fa4b706120d5e9b0891c344a27d64559aff5900a4a27
2026-10-09T19:59:44.4681477Z mcr.microsoft.com/playwright:v1.63.0-noble@sha256:eff16c30e6f3f4af0a03fa4b706120d5e9b0891c344a27d64559aff5900a4a27
2026-10-09T19:59:44.4739701Z ##[command]/usr/bin/docker create --name 50cb5a3afdff465aa3030c8eced6d98c_mcrmicrosoftcomplaywrightv1630noblesha256eff16c30e6f3f4af0a03fa4b706120d5e9b0891c344a27d64559aff5900a4a27_6135e5 --label a913fc --workdir /__w/dachoupai/dachoupai --network github_network_80cb93d3646d4568bbe034ca664c71a9 --user 1001 --ipc=host -e "HOME=/github/home" -e GITHUB_ACTIONS=true -e CI=true -v "/var/run/docker.sock":"/var/run/docker.sock" -v "/home/runner/work":"/__w" -v "/home/runner/actions-runner/cached/2.337.0/externals":"/__e":ro -v "/home/runner/work/_temp":"/__w/_temp" -v "/home/runner/work/_actions":"/__w/_actions" -v "/opt/hostedtoolcache":"/__t" -v "/home/runner/work/_temp/_github_home":"/github/home" -v "/home/runner/work/_temp/_github_workflow":"/github/workflow" --entrypoint "tail" mcr.microsoft.com/playwright:v1.63.0-noble@sha256:eff16c30e6f3f4af0a03fa4b706120d5e9b0891c344a27d64559aff5900a4a27 "-f" "/dev/null"
2026-10-09T19:59:44.5132988Z 498193e2694625ef4f46dfee7d34851e921b74a088151b2bd7cccc1de426246d
2026-10-09T19:59:44.5154764Z ##[command]/usr/bin/docker start 498193e2694625ef4f46dfee7d34851e921b74a088151b2bd7cccc1de426246d
2026-10-09T19:59:45.2686139Z 498193e2694625ef4f46dfee7d34851e921b74a088151b2bd7cccc1de426246d
2026-10-09T19:59:45.2702012Z ##[command]/usr/bin/docker ps --all --filter id=498193e2694625ef4f46dfee7d34851e921b74a088151b2bd7cccc1de426246d --filter status=running --no-trunc --format "{{.ID}} {{.Status}}"
2026-10-09T19:59:45.2832572Z 498193e2694625ef4f46dfee7d34851e921b74a088151b2bd7cccc1de426246d Up Less than a second
2026-10-09T19:59:45.2850941Z ##[command]/usr/bin/docker inspect --format "{{range .Config.Env}}{{println .}}{{end}}" 498193e2694625ef4f46dfee7d34851e921b74a088151b2bd7cccc1de426246d
2026-10-09T19:59:45.2939560Z HOME=/github/home
2026-10-09T19:59:45.2939917Z GITHUB_ACTIONS=true
2026-10-09T19:59:45.2940048Z CI=true
2026-10-09T19:59:45.2940241Z PATH=/usr/local/sbin:/usr/local/bin:/usr/sbin:/usr/bin:/sbin:/bin
2026-10-09T19:59:45.2940485Z LANG=C.UTF-8
2026-10-09T19:59:45.2940597Z LC_ALL=C.UTF-8
2026-10-09T19:59:45.2940767Z PLAYWRIGHT_BROWSERS_PATH=/ms-playwright
2026-10-09T19:59:45.2957487Z ##[endgroup]
2026-10-09T19:59:45.2964559Z ##[group]Waiting for all services to be ready
2026-10-09T19:59:45.2965740Z ##[endgroup]
2026-10-09T19:59:45.3223829Z ##[group]Run actions/checkout@v4
2026-10-09T19:59:45.3224111Z with:
2026-10-09T19:59:45.3224248Z   ref: 09454a27a36c51cbfc19bef605407e5122901821
2026-10-09T19:59:45.3224430Z   repository: big-dimple/dachoupai
2026-10-09T19:59:45.3225838Z   token: ***
2026-10-09T19:59:45.3225954Z   ssh-strict: true
2026-10-09T19:59:45.3226071Z   ssh-user: git
2026-10-09T19:59:45.3226192Z   persist-credentials: true
2026-10-09T19:59:45.3226325Z   clean: true
2026-10-09T19:59:45.3226445Z   sparse-checkout-cone-mode: true
2026-10-09T19:59:45.3226588Z   fetch-depth: 1
2026-10-09T19:59:45.3226702Z   fetch-tags: false
2026-10-09T19:59:45.3226822Z   show-progress: true
2026-10-09T19:59:45.3226947Z   lfs: false
2026-10-09T19:59:45.3227052Z   submodules: false
2026-10-09T19:59:45.3227173Z   set-safe-directory: true
2026-10-09T19:59:45.3227311Z   allow-unsafe-pr-checkout: false
2026-10-09T19:59:45.3227527Z ##[endgroup]
2026-10-09T19:59:45.3267309Z ##[command]/usr/bin/docker exec  498193e2694625ef4f46dfee7d34851e921b74a088151b2bd7cccc1de426246d sh -c "cat /etc/*release | grep ^ID"
2026-10-09T19:59:45.4658303Z Syncing repository: big-dimple/dachoupai
2026-10-09T19:59:45.4659890Z ##[group]Getting Git version info
2026-10-09T19:59:45.4660189Z Working directory is '/__w/dachoupai/dachoupai'
2026-10-09T19:59:45.4660661Z [command]/usr/bin/git version
2026-10-09T19:59:45.4660880Z git version 2.43.0
2026-10-09T19:59:45.4661665Z ##[endgroup]
2026-10-09T19:59:45.4675149Z Temporarily overriding HOME='/__w/_temp/94051cac-60a2-4765-9daf-e40035d55d49' before making global git config changes
2026-10-09T19:59:45.4675989Z Adding repository directory to the temporary git global config as a safe directory
2026-10-09T19:59:45.4677208Z [command]/usr/bin/git config --global --add safe.directory /__w/dachoupai/dachoupai
2026-10-09T19:59:45.4708459Z Deleting the contents of '/__w/dachoupai/dachoupai'
2026-10-09T19:59:45.4715827Z ##[group]Initializing the repository
2026-10-09T19:59:45.4719241Z [command]/usr/bin/git init /__w/dachoupai/dachoupai
2026-10-09T19:59:45.4753702Z hint: Using 'master' as the name for the initial branch. This default branch name
2026-10-09T19:59:45.4754170Z hint: is subject to change. To configure the initial branch name to use in all
2026-10-09T19:59:45.4754469Z hint: of your new repositories, which will suppress this warning, call:
2026-10-09T19:59:45.4754666Z hint: 
2026-10-09T19:59:45.4754881Z hint: 	git config --global init.defaultBranch <name>
2026-10-09T19:59:45.4755056Z hint: 
2026-10-09T19:59:45.4755234Z hint: Names commonly chosen instead of 'master' are 'main', 'trunk' and
2026-10-09T19:59:45.4755506Z hint: 'development'. The just-created branch can be renamed via this command:
2026-10-09T19:59:45.4755713Z hint: 
2026-10-09T19:59:45.4826480Z hint: 	git branch -m <name>
2026-10-09T19:59:45.4826865Z Initialized empty Git repository in /__w/dachoupai/dachoupai/.git/
2026-10-09T19:59:45.4838911Z [command]/usr/bin/git remote add origin https://github.com/big-dimple/dachoupai
2026-10-09T19:59:45.4919881Z ##[endgroup]
2026-10-09T19:59:45.4920257Z ##[group]Disabling automatic garbage collection
2026-10-09T19:59:45.4922982Z [command]/usr/bin/git config --local gc.auto 0
2026-10-09T19:59:45.4951027Z ##[endgroup]
2026-10-09T19:59:45.4951359Z ##[group]Setting up auth
2026-10-09T19:59:45.4956328Z [command]/usr/bin/git config --local --name-only --get-regexp core\.sshCommand
2026-10-09T19:59:45.4983692Z [command]/usr/bin/git submodule foreach --recursive sh -c "git config --local --name-only --get-regexp 'core\.sshCommand' && git config --local --unset-all 'core.sshCommand' || :"
2026-10-09T19:59:45.5205978Z [command]/usr/bin/git config --local --name-only --get-regexp http\.https\:\/\/github\.com\/\.extraheader
2026-10-09T19:59:45.5234996Z [command]/usr/bin/git submodule foreach --recursive sh -c "git config --local --name-only --get-regexp 'http\.https\:\/\/github\.com\/\.extraheader' && git config --local --unset-all 'http.https://github.com/.extraheader' || :"
2026-10-09T19:59:45.5429668Z [command]/usr/bin/git config --local --name-only --get-regexp ^includeIf\.gitdir:
2026-10-09T19:59:45.5457049Z [command]/usr/bin/git submodule foreach --recursive git config --local --show-origin --name-only --get-regexp remote.origin.url
2026-10-09T19:59:45.5650670Z [command]/usr/bin/git config --local http.https://github.com/.extraheader AUTHORIZATION: basic ***
2026-10-09T19:59:45.5687503Z ##[endgroup]
2026-10-09T19:59:45.5687820Z ##[group]Fetching the repository
2026-10-09T19:59:45.5694861Z [command]/usr/bin/git -c protocol.version=2 fetch --no-tags --prune --no-recurse-submodules --depth=1 origin 09454a27a36c51cbfc19bef605407e5122901821
2026-10-09T19:59:56.7604333Z From https://github.com/big-dimple/dachoupai
2026-10-09T19:59:56.7604657Z  * branch            09454a27a36c51cbfc19bef605407e5122901821 -> FETCH_HEAD
2026-10-09T19:59:56.7625241Z ##[endgroup]
2026-10-09T19:59:56.7625577Z ##[group]Determining the checkout info
2026-10-09T19:59:56.7625951Z ##[endgroup]
2026-10-09T19:59:56.7627649Z [command]/usr/bin/git sparse-checkout disable
2026-10-09T19:59:56.7663309Z [command]/usr/bin/git config --local --unset-all extensions.worktreeConfig
2026-10-09T19:59:56.7690266Z ##[group]Checking out the ref
2026-10-09T19:59:56.7692919Z [command]/usr/bin/git checkout --progress --force 09454a27a36c51cbfc19bef605407e5122901821
2026-10-09T19:59:57.6604290Z Note: switching to '09454a27a36c51cbfc19bef605407e5122901821'.
2026-10-09T19:59:57.6604586Z 
2026-10-09T19:59:57.6604764Z You are in 'detached HEAD' state. You can look around, make experimental
2026-10-09T19:59:57.6605188Z changes and commit them, and you can discard any commits you make in this
2026-10-09T19:59:57.6605591Z state without impacting any branches by switching back to a branch.
2026-10-09T19:59:57.6605829Z 
2026-10-09T19:59:57.6606088Z If you want to create a new branch to retain commits you create, you may
2026-10-09T19:59:57.6606477Z do so (now or later) by using -c with the switch command. Example:
2026-10-09T19:59:57.6606697Z 
2026-10-09T19:59:57.6606830Z   git switch -c <new-branch-name>
2026-10-09T19:59:57.6606996Z 
2026-10-09T19:59:57.6607087Z Or undo this operation with:
2026-10-09T19:59:57.6607223Z 
2026-10-09T19:59:57.6607300Z   git switch -
2026-10-09T19:59:57.6607413Z 
2026-10-09T19:59:57.6607597Z Turn off this advice by setting config variable advice.detachedHead to false
2026-10-09T19:59:57.6607862Z 
2026-10-09T19:59:57.6608124Z HEAD is now at 09454a2 Document paid basic choice boundaries natural tradeoff and preserved failures
2026-10-09T19:59:57.6713186Z ##[endgroup]
2026-10-09T19:59:57.6753030Z [command]/usr/bin/git log -1 --format=%H
2026-10-09T19:59:57.6777494Z 09454a27a36c51cbfc19bef605407e5122901821
2026-10-09T19:59:57.6968494Z ##[group]Run git config --global --add safe.directory "$GITHUB_WORKSPACE"
2026-10-09T19:59:57.6969025Z [36;1mgit config --global --add safe.directory "$GITHUB_WORKSPACE"[0m
2026-10-09T19:59:57.6971518Z shell: sh -e {0}
2026-10-09T19:59:57.6971649Z ##[endgroup]
2026-10-09T19:59:57.7655375Z ##[group]Run actions/setup-node@v4
2026-10-09T19:59:57.7655536Z with:
2026-10-09T19:59:57.7655665Z   node-version: 22
2026-10-09T19:59:57.7655779Z   cache: npm
2026-10-09T19:59:57.7655888Z   always-auth: false
2026-10-09T19:59:57.7656008Z   check-latest: false
2026-10-09T19:59:57.7657374Z   token: ***
2026-10-09T19:59:57.7657488Z ##[endgroup]
2026-10-09T19:59:57.7661765Z ##[command]/usr/bin/docker exec  498193e2694625ef4f46dfee7d34851e921b74a088151b2bd7cccc1de426246d sh -c "cat /etc/*release | grep ^ID"
2026-10-09T19:59:57.9700712Z (node:153) [DEP0040] DeprecationWarning: The `punycode` module is deprecated. Please use a userland alternative instead.
2026-10-09T19:59:57.9701526Z Found in cache @ /__t/node/22.23.3/x64
2026-10-09T19:59:57.9701989Z ##[group]Environment details
2026-10-09T19:59:57.9702321Z (Use `node --trace-deprecation ...` to show where the warning was created)
2026-10-09T20:00:00.7172835Z node: v22.23.3
2026-10-09T20:00:00.7173145Z npm: 10.9.9
2026-10-09T20:00:00.7173449Z yarn: 1.22.22
2026-10-09T20:00:00.7174687Z ##[endgroup]
2026-10-09T20:00:00.7183592Z [command]/__t/node/22.23.3/x64/bin/npm config get cache
2026-10-09T20:00:00.9791973Z /github/home/.npm
2026-10-09T20:00:01.1209342Z Cache hit for: node-cache-Linux-x64-npm-0f079ee01ade4a5835fe99686f334c01324694e20f2d9805b8cc57300ed7c392
2026-10-09T20:00:01.1284085Z (node:153) [DEP0169] DeprecationWarning: `url.parse()` behavior is not standardized and prone to errors that have security implications. Use the WHATWG URL API instead. CVEs are not issued for `url.parse()` vulnerabilities.
2026-10-09T20:00:02.0837564Z Received 59387713 of 59387713 (100.0%), 68.3 MBs/sec
2026-10-09T20:00:02.0837911Z Cache Size: ~57 MB (59387713 B)
2026-10-09T20:00:02.0855553Z [command]/usr/bin/tar -xf /__w/_temp/9d78b2e2-a307-48e1-a2d5-7e7f65048a3f/cache.tgz -P -C /__w/dachoupai/dachoupai -z
2026-10-09T20:00:02.3260624Z Cache restored successfully
2026-10-09T20:00:02.3292143Z Cache restored from key: node-cache-Linux-x64-npm-0f079ee01ade4a5835fe99686f334c01324694e20f2d9805b8cc57300ed7c392
2026-10-09T20:00:02.3457809Z ##[group]Run npm ci
2026-10-09T20:00:02.3457985Z [36;1mnpm ci[0m
2026-10-09T20:00:02.3458422Z shell: sh -e {0}
2026-10-09T20:00:02.3458542Z ##[endgroup]
2026-10-09T20:00:04.9188250Z npm warn deprecated glob@10.5.0: Old versions of glob are not supported, and contain widely publicized security vulnerabilities, which have been fixed in the current version. Please update. Support for old versions may be purchased (at exorbitant rates) by contacting i@izs.me
2026-10-09T20:00:05.8126899Z 
2026-10-09T20:00:05.8127826Z added 226 packages, and audited 227 packages in 3s
2026-10-09T20:00:05.8128107Z 
2026-10-09T20:00:05.8128259Z 53 packages are looking for funding
2026-10-09T20:00:05.8128541Z   run `npm fund` for details
2026-10-09T20:00:05.8149671Z 
2026-10-09T20:00:05.8150303Z 4 high severity vulnerabilities
2026-10-09T20:00:05.8150704Z 
2026-10-09T20:00:05.8151064Z To address issues that do not require attention, run:
2026-10-09T20:00:05.8151421Z   npm audit fix
2026-10-09T20:00:05.8151623Z 
2026-10-09T20:00:05.8151814Z To address all issues (including breaking changes), run:
2026-10-09T20:00:05.8152139Z   npm audit fix --force
2026-10-09T20:00:05.8152278Z 
2026-10-09T20:00:05.8152386Z Run `npm audit` for details.
2026-10-09T20:00:05.8517605Z ##[group]Run node <<'NODE'
2026-10-09T20:00:05.8517802Z [36;1mnode <<'NODE'[0m
2026-10-09T20:00:05.8517939Z [36;1mconst fs = require('node:fs');[0m
2026-10-09T20:00:05.8518144Z [36;1mconst {chromium, firefox, webkit} = require('playwright');[0m
2026-10-09T20:00:05.8518397Z [36;1mconst version = require('playwright/package.json').version;[0m
2026-10-09T20:00:05.8518748Z [36;1mif (version !== '1.63.0') throw new Error('Update the pinned Playwright image to match package-lock.json: ' + version);[0m
2026-10-09T20:00:05.8519302Z [36;1mfor (const browser of [chromium, firefox, webkit]) {[0m
2026-10-09T20:00:05.8519522Z [36;1m  const executable = browser.executablePath();[0m
2026-10-09T20:00:05.8519729Z [36;1m  fs.accessSync(executable, fs.constants.X_OK);[0m
2026-10-09T20:00:05.8519933Z [36;1m  console.log(browser.name() + ': ' + executable);[0m
2026-10-09T20:00:05.8520117Z [36;1m}[0m
2026-10-09T20:00:05.8520224Z [36;1mNODE[0m
2026-10-09T20:00:05.8520473Z shell: sh -e {0}
2026-10-09T20:00:05.8520588Z ##[endgroup]
2026-10-09T20:00:06.1467708Z chromium: /ms-playwright/chromium-1243/chrome-linux64/chrome
2026-10-09T20:00:06.1468518Z firefox: /ms-playwright/firefox-1543/firefox/firefox
2026-10-09T20:00:06.1470033Z webkit: /ms-playwright/webkit-2359/pw_run.sh
2026-10-09T20:00:06.1971708Z ##[group]Run npm run verify:ci -- --scope=browser
2026-10-09T20:00:06.1971968Z [36;1mnpm run verify:ci -- --scope=browser[0m
2026-10-09T20:00:06.1972493Z shell: sh -e {0}
2026-10-09T20:00:06.1972674Z env:
2026-10-09T20:00:06.1972869Z   SMOKE_BROWSERS: chromium,firefox,webkit
2026-10-09T20:00:06.1973117Z ##[endgroup]
2026-10-09T20:00:06.3101507Z 
2026-10-09T20:00:06.3102127Z > dachoupai@0.1.0 verify:ci
2026-10-09T20:00:06.3102479Z > node scripts/verify-ci.mjs --scope=browser
2026-10-09T20:00:06.3102616Z 
2026-10-09T20:00:06.6949764Z CHECK build: /__t/node/22.23.3/x64/bin/node /__t/node/22.23.3/x64/lib/node_modules/npm/bin/npm-cli.js run build
2026-10-09T20:00:06.7644914Z 
2026-10-09T20:00:06.7645462Z > dachoupai@0.1.0 build
2026-10-09T20:00:06.7645702Z > tsc --noEmit && vite build
2026-10-09T20:00:06.7645805Z 
2026-10-09T20:00:15.8668700Z [36mvite v7.3.6 [32mbuilding client environment for production...[36m[39m
2026-10-09T20:00:15.9039150Z transforming...
2026-10-09T20:00:19.8852139Z [32m✓[39m 214 modules transformed.
2026-10-09T20:00:20.6701340Z rendering chunks...
2026-10-09T20:00:20.6830109Z computing gzip size...
2026-10-09T20:00:20.7245611Z [2mdist/[22m[32mbuild-info.json            [39m[1m[2m    0.17 kB[22m[1m[22m[2m │ gzip:   0.15 kB[22m
2026-10-09T20:00:20.7246545Z [2mdist/[22m[32mindex.html                 [39m[1m[2m    0.55 kB[22m[1m[22m[2m │ gzip:   0.36 kB[22m
2026-10-09T20:00:20.7247656Z [2mdist/[22m[2massets/[22m[35mindex-BrJci4hf.css  [39m[1m[2m   48.82 kB[22m[1m[22m[2m │ gzip:  10.22 kB[22m
2026-10-09T20:00:20.7249057Z [33m
2026-10-09T20:00:20.7249435Z (!) Some chunks are larger than 500 kB after minification. Consider:
2026-10-09T20:00:20.7249918Z - Using dynamic import() to code-split the application
2026-10-09T20:00:20.7250644Z - Use build.rollupOptions.output.manualChunks to improve chunking: https://rollupjs.org/configuration-options/#output-manualchunks
2026-10-09T20:00:20.7251502Z - Adjust chunk size limit for this warning via build.chunkSizeWarningLimit.[39m
2026-10-09T20:00:20.7252217Z [2mdist/[22m[2massets/[22m[36mindex-G0src_va.js   [39m[1m[33m2,438.46 kB[39m[22m[2m │ gzip: 704.99 kB[22m
2026-10-09T20:00:20.7257071Z [32m✓ built in 4.84s[39m
2026-10-09T20:00:21.1260910Z build: PASS
2026-10-09T20:00:21.1261578Z CHECK verify:smoke: /__t/node/22.23.3/x64/bin/node /__t/node/22.23.3/x64/lib/node_modules/npm/bin/npm-cli.js run verify:smoke
2026-10-09T20:00:21.1899274Z 
2026-10-09T20:00:21.1899884Z > dachoupai@0.1.0 verify:smoke
2026-10-09T20:00:21.1900233Z > node harness/screenshot.mjs --verify-smoke
2026-10-09T20:00:21.1900356Z 
2026-10-09T20:00:26.2888537Z [33m
2026-10-09T20:00:26.2889190Z (!) Some chunks are larger than 500 kB after minification. Consider:
2026-10-09T20:00:26.2889624Z - Using dynamic import() to code-split the application
2026-10-09T20:00:26.2890183Z - Use build.rollupOptions.output.manualChunks to improve chunking: https://rollupjs.org/configuration-options/#output-manualchunks
2026-10-09T20:00:26.2890757Z - Adjust chunk size limit for this warning via build.chunkSizeWarningLimit.[39m
2026-10-09T20:00:34.8723107Z {"phase":"shop","commandSeq":1,"controller":"idle","playing":false,"presenting":false,"renderFps":20.62127685546875,"hidden":false,"selectedIds":[],"discardEnabled":false,"pointers":[{"id":0,"touch":false,"x":943,"y":644},{"id":1,"touch":false,"x":0,"y":0}]}
2026-10-09T20:00:34.9048124Z node:internal/modules/run_main:123
2026-10-09T20:00:34.9048513Z     triggerUncaughtException(
2026-10-09T20:00:34.9048746Z     ^
2026-10-09T20:00:34.9049053Z 
2026-10-09T20:00:34.9049309Z AssertionError [ERR_ASSERTION]: Expected values to be strictly equal:
2026-10-09T20:00:34.9051825Z + actual - expected
2026-10-09T20:00:34.9051965Z 
2026-10-09T20:00:34.9052105Z + 'quality-r2-basic-tool-choice-v1'
2026-10-09T20:00:34.9052383Z - 'quality-r2-basic-tool-supply-v1'
2026-10-09T20:00:34.9052683Z                          ^
2026-10-09T20:00:34.9052915Z 
2026-10-09T20:00:34.9053643Z     at file:///__w/dachoupai/dachoupai/harness/screenshot.mjs:64:12 {
2026-10-09T20:00:34.9054164Z   generatedMessage: true,
2026-10-09T20:00:34.9054482Z   code: 'ERR_ASSERTION',
2026-10-09T20:00:34.9054886Z   actual: 'quality-r2-basic-tool-choice-v1',
2026-10-09T20:00:34.9055345Z   expected: 'quality-r2-basic-tool-supply-v1',
2026-10-09T20:00:34.9055783Z   operator: 'strictEqual',
2026-10-09T20:00:34.9056096Z   diff: 'simple'
2026-10-09T20:00:34.9056353Z }
2026-10-09T20:00:34.9056508Z 
2026-10-09T20:00:34.9056625Z Node.js v22.23.3
2026-10-09T20:00:35.2988915Z verify:smoke: FAIL
2026-10-09T20:00:35.2990918Z {
2026-10-09T20:00:35.2991117Z   "scope": "browser",
2026-10-09T20:00:35.2991567Z   "testedCommit": "09454a27a36c51cbfc19bef605407e5122901821",
2026-10-09T20:00:35.2991965Z   "status": "FAIL",
2026-10-09T20:00:35.2992159Z   "exitCode": 1,
2026-10-09T20:00:35.2992335Z   "before": {
2026-10-09T20:00:35.2992708Z     "source": "45154e53e253632d4bf6e8856325c2fc7a370448972e093307a7aa8a74ccb39c",
2026-10-09T20:00:35.2993251Z     "index": "0a3c8e255bb408017e49befce667229407ae483a0e999caed79a0da04eab5077",
2026-10-09T20:00:35.2993698Z     "head": "09454a27a36c51cbfc19bef605407e5122901821",
2026-10-09T20:00:35.2993999Z     "branch": null
2026-10-09T20:00:35.2994183Z   },
2026-10-09T20:00:35.2994397Z   "after": {
2026-10-09T20:00:35.2994727Z     "source": "45154e53e253632d4bf6e8856325c2fc7a370448972e093307a7aa8a74ccb39c",
2026-10-09T20:00:35.2995257Z     "index": "0a3c8e255bb408017e49befce667229407ae483a0e999caed79a0da04eab5077",
2026-10-09T20:00:35.2995700Z     "head": "09454a27a36c51cbfc19bef605407e5122901821",
2026-10-09T20:00:35.2996006Z     "branch": null
2026-10-09T20:00:35.2996186Z   },
2026-10-09T20:00:35.2996395Z   "steps": [
2026-10-09T20:00:35.2996563Z     {
2026-10-09T20:00:35.2996783Z       "name": "build",
2026-10-09T20:00:35.2997022Z       "status": "PASS",
2026-10-09T20:00:35.2997264Z       "childExitCode": 0,
2026-10-09T20:00:35.2997488Z       "elapsedMs": 14431
2026-10-09T20:00:35.2997676Z     },
2026-10-09T20:00:35.2997850Z     {
2026-10-09T20:00:35.2998062Z       "name": "verify:smoke",
2026-10-09T20:00:35.2998317Z       "status": "FAIL",
2026-10-09T20:00:35.2998549Z       "childExitCode": 1,
2026-10-09T20:00:35.2998941Z       "elapsedMs": 14173,
2026-10-09T20:00:35.2999172Z       "reason": "child exited 1"
2026-10-09T20:00:35.2999422Z     }
2026-10-09T20:00:35.2999588Z   ],
2026-10-09T20:00:35.2999788Z   "notIncluded": [
2026-10-09T20:00:35.2999996Z     {
2026-10-09T20:00:35.3000303Z       "name": "extended browser/recovery/fault/asset/simulation diagnostics",
2026-10-09T20:00:35.3000711Z       "status": "NOT_INCLUDED",
2026-10-09T20:00:35.3020251Z       "reason": "run the existing specific command only when its domain changes; P00 removes repeated default execution"
2026-10-09T20:00:35.3020939Z     },
2026-10-09T20:00:35.3021225Z     {
2026-10-09T20:00:35.3021610Z       "name": "balance/benchmark acceptance",
2026-10-09T20:00:35.3022100Z       "status": "NOT_INCLUDED",
2026-10-09T20:00:35.3022516Z       "reason": "later work packages; no gameplay approval inferred from checks"
2026-10-09T20:00:35.3022860Z     },
2026-10-09T20:00:35.3023024Z     {
2026-10-09T20:00:35.3023268Z       "name": "physical devices / human / art approval",
2026-10-09T20:00:35.3023555Z       "status": "NOT_RUN"
2026-10-09T20:00:35.3023752Z     }
2026-10-09T20:00:35.3023908Z   ]
2026-10-09T20:00:35.3024073Z }
2026-10-09T20:00:35.3177824Z ##[error]Process completed with exit code 1.
2026-10-09T20:00:35.3237675Z ##[group]Run actions/upload-artifact@v4
2026-10-09T20:00:35.3237837Z with:
2026-10-09T20:00:35.3237961Z   name: browser-37983905140
2026-10-09T20:00:35.3238135Z   path: shots/ci/
shots/desktop-*.png
shots/mobile-*.png

2026-10-09T20:00:35.3238317Z   retention-days: 14
2026-10-09T20:00:35.3238444Z   if-no-files-found: warn
2026-10-09T20:00:35.3238571Z   compression-level: 6
2026-10-09T20:00:35.3238691Z   overwrite: false
2026-10-09T20:00:35.3239172Z   include-hidden-files: false
2026-10-09T20:00:35.3239321Z ##[endgroup]
2026-10-09T20:00:35.3241609Z ##[command]/usr/bin/docker exec  498193e2694625ef4f46dfee7d34851e921b74a088151b2bd7cccc1de426246d sh -c "cat /etc/*release | grep ^ID"
2026-10-09T20:00:35.5004797Z (node:487) [DEP0040] DeprecationWarning: The `punycode` module is deprecated. Please use a userland alternative instead.
2026-10-09T20:00:35.5005619Z (Use `node --trace-deprecation ...` to show where the warning was created)
2026-10-09T20:00:35.5065361Z With the provided path, there will be 1 file uploaded
2026-10-09T20:00:35.5066247Z Artifact name is valid!
2026-10-09T20:00:35.5066642Z Root directory input is valid!
2026-10-09T20:00:35.7485163Z Beginning upload of artifact content to blob storage
2026-10-09T20:00:35.7596155Z (node:487) [DEP0169] DeprecationWarning: `url.parse()` behavior is not standardized and prone to errors that have security implications. Use the WHATWG URL API instead. CVEs are not issued for `url.parse()` vulnerabilities.
2026-10-09T20:00:35.8758695Z Uploaded bytes 731
2026-10-09T20:00:35.9097735Z Finished uploading artifact content to blob storage!
2026-10-09T20:00:35.9099020Z SHA256 digest of uploaded artifact zip is cbf4651b280f1d13eddc96808bace4904db0268c4b13ad77b6a842ed345d02f3
2026-10-09T20:00:35.9099623Z Finalizing artifact upload
2026-10-09T20:00:36.1169755Z Artifact browser-37983905140.zip successfully finalized. Artifact ID 11641558151
2026-10-09T20:00:36.1170564Z Artifact browser-37983905140 has been successfully uploaded! Final size is 731 bytes. Artifact ID is 11641558151
2026-10-09T20:00:36.1171532Z Artifact download URL: https://github.com/big-dimple/dachoupai/actions/runs/37983905140/artifacts/11641558151
2026-10-09T20:00:36.1371961Z Post job cleanup.
2026-10-09T20:00:36.1379349Z ##[command]/usr/bin/docker exec  498193e2694625ef4f46dfee7d34851e921b74a088151b2bd7cccc1de426246d sh -c "cat /etc/*release | grep ^ID"
2026-10-09T20:00:36.2659844Z [command]/usr/bin/git version
2026-10-09T20:00:36.2680496Z git version 2.43.0
2026-10-09T20:00:36.2708718Z Copying '/github/home/.gitconfig' to '/__w/_temp/76998d4f-6980-49fa-8a11-2bba408f057e/.gitconfig'
2026-10-09T20:00:36.2716365Z Temporarily overriding HOME='/__w/_temp/76998d4f-6980-49fa-8a11-2bba408f057e' before making global git config changes
2026-10-09T20:00:36.2729831Z Adding repository directory to the temporary git global config as a safe directory
2026-10-09T20:00:36.2730604Z [command]/usr/bin/git config --global --add safe.directory /__w/dachoupai/dachoupai
2026-10-09T20:00:36.2757008Z [command]/usr/bin/git config --local --name-only --get-regexp core\.sshCommand
2026-10-09T20:00:36.2802033Z [command]/usr/bin/git submodule foreach --recursive sh -c "git config --local --name-only --get-regexp 'core\.sshCommand' && git config --local --unset-all 'core.sshCommand' || :"
2026-10-09T20:00:36.3053916Z [command]/usr/bin/git config --local --name-only --get-regexp http\.https\:\/\/github\.com\/\.extraheader
2026-10-09T20:00:36.3076842Z http.https://github.com/.extraheader
2026-10-09T20:00:36.3090328Z [command]/usr/bin/git config --local --unset-all http.https://github.com/.extraheader
2026-10-09T20:00:36.3132236Z [command]/usr/bin/git submodule foreach --recursive sh -c "git config --local --name-only --get-regexp 'http\.https\:\/\/github\.com\/\.extraheader' && git config --local --unset-all 'http.https://github.com/.extraheader' || :"
2026-10-09T20:00:36.3400525Z [command]/usr/bin/git config --local --name-only --get-regexp ^includeIf\.gitdir:
2026-10-09T20:00:36.3425879Z [command]/usr/bin/git submodule foreach --recursive git config --local --show-origin --name-only --get-regexp remote.origin.url
2026-10-09T20:00:36.3756783Z Stop and remove container: 50cb5a3afdff465aa3030c8eced6d98c_mcrmicrosoftcomplaywrightv1630noblesha256eff16c30e6f3f4af0a03fa4b706120d5e9b0891c344a27d64559aff5900a4a27_6135e5
2026-10-09T20:00:36.3760659Z ##[command]/usr/bin/docker rm --force 498193e2694625ef4f46dfee7d34851e921b74a088151b2bd7cccc1de426246d
2026-10-09T20:00:36.4728008Z 498193e2694625ef4f46dfee7d34851e921b74a088151b2bd7cccc1de426246d
2026-10-09T20:00:36.4770228Z Remove container network: github_network_80cb93d3646d4568bbe034ca664c71a9
2026-10-09T20:00:36.4773534Z ##[command]/usr/bin/docker network rm github_network_80cb93d3646d4568bbe034ca664c71a9
2026-10-09T20:00:36.5675265Z github_network_80cb93d3646d4568bbe034ca664c71a9
2026-10-09T20:00:36.5730143Z Cleaning up orphan processes
2026-10-09T20:00:36.5948317Z ##[warning]Node.js 20 is deprecated. The following actions target Node.js 20 but are being forced to run on Node.js 24: actions/checkout@v4, actions/setup-node@v4, actions/upload-artifact@v4. For more information see: https://github.blog/changelog/2025-09-19-deprecation-of-node-20-on-github-actions-runners/

