
 RUN  v4.1.11 /workspace/dachoupai

 ❯ tests/joker-plain-copy.test.ts (15 tests | 3 failed) 221ms
   × new growth is for later plays while already saved growth is the current contribution 11ms
   × growth headroom and capped default facts agree with actual trace in each content identity 4ms
   × growth headroom remains separate from a suppressed current read 1ms
 ❯ tests/joker-experience.test.ts (7 tests | 1 failed) 138ms
   × first-layer growth feedback retains cap clipping and zero-headroom facts 10ms

⎯⎯⎯⎯⎯⎯⎯ Failed Tests 4 ⎯⎯⎯⎯⎯⎯⎯

 FAIL  tests/joker-experience.test.ts > first-layer growth feedback retains cap clipping and zero-headroom facts
AssertionError: expected '现存+95 热度 · 上限+100\n成长条件可用：公开成长条件可用，成功…' to contain '上限100'

- Expected
+ Received

- 上限100
+ 现存+95 热度 · 上限+100
+ 成长条件可用：公开成长条件可用，成功出牌并保存后才新增。
+ 热度最多+5
+ 只有成功保存才兑现；新成长从后续读取生效。

 ❯ tests/joker-experience.test.ts:50:21


⎯⎯⎯⎯⎯⎯⎯⎯⎯⎯⎯⎯⎯⎯⎯⎯⎯⎯⎯⎯⎯⎯⎯⎯[1/4]⎯

 FAIL  tests/joker-plain-copy.test.ts > new growth is for later plays while already saved growth is the current contribution
AssertionError: expected '现存+40 热度；可成长，热度最多+10' to contain '本次用已存热度+40'

Expected: "本次用已存热度+40"
Received: "现存+40 热度；可成长，热度最多+10"

 ❯ tests/joker-plain-copy.test.ts:34:288


⎯⎯⎯⎯⎯⎯⎯⎯⎯⎯⎯⎯⎯⎯⎯⎯⎯⎯⎯⎯⎯⎯⎯⎯[2/4]⎯

 FAIL  tests/joker-plain-copy.test.ts > growth headroom and capped default facts agree with actual trace in each content identity
AssertionError: expected '现存+0 热度；可成长，热度最多+5' to contain '上限50'

Expected: "上限50"
Received: "现存+0 热度；可成长，热度最多+5"

 ❯ tests/joker-plain-copy.test.ts:72:21


⎯⎯⎯⎯⎯⎯⎯⎯⎯⎯⎯⎯⎯⎯⎯⎯⎯⎯⎯⎯⎯⎯⎯⎯[3/4]⎯

 FAIL  tests/joker-plain-copy.test.ts > growth headroom remains separate from a suppressed current read
AssertionError: expected '本手计分停用；现存+95 热度；可成长，热度最多+5' to contain '本手不计入'

Expected: "本手不计入"
Received: "本手计分停用；现存+95 热度；可成长，热度最多+5"

 ❯ tests/joker-plain-copy.test.ts:90:19
     88|  const identity=identities.at(-1)!,j=r2CreateJoker('b10','limited-grow…
     89|  const p=jokerAbilityCopyForRun(identity,'b10',j,ctx({scoringLimited:t…
     90|  expect(p.status).toContain('本手不计入');expect(p.status).toContain('最多新增+…
       |                   ^
     91| });
     92|

⎯⎯⎯⎯⎯⎯⎯⎯⎯⎯⎯⎯⎯⎯⎯⎯⎯⎯⎯⎯⎯⎯⎯⎯[4/4]⎯


 Test Files  2 failed | 2 passed (4)
      Tests  4 failed | 30 passed (34)
   Start at  12:10:42
   Duration  1.31s (transform 1.56s, setup 0ms, import 2.23s, tests 510ms, environment 0ms)

npm notice
npm notice New major version of npm available! 11.9.0 -> 12.2.0
npm notice Changelog: https://github.com/npm/cli/releases/tag/v12.2.0
npm notice To update run: npm install -g npm@12.2.0
npm notice
