
> dachoupai@0.1.0 verify
> npm run typecheck && npm test && npm run build


> dachoupai@0.1.0 typecheck
> tsc --noEmit

npm notice
npm notice New major version of npm available! 11.9.0 -> 12.2.0
npm notice Changelog: https://github.com/npm/cli/releases/tag/v12.2.0
npm notice To update run: npm install -g npm@12.2.0
npm notice

> dachoupai@0.1.0 test
> vitest run


 RUN  v4.1.11 /workspace/dachoupai

 ❯ tests/v00-bot.test.ts (5 tests | 1 failed) 11547ms
     × groups emits only valid ordinary commands on a natural run 5075ms

⎯⎯⎯⎯⎯⎯⎯ Failed Tests 1 ⎯⎯⎯⎯⎯⎯⎯

 FAIL  tests/v00-bot.test.ts > V00 policies receive only player-visible information > groups emits only valid ordinary commands on a natural run
Error: Test timed out in 5000ms.
If this is a long-running test, pass a timeout value as the last argument or configure it globally with "testTimeout".
 ❯ tests/v00-bot.test.ts:19:51


⎯⎯⎯⎯⎯⎯⎯⎯⎯⎯⎯⎯⎯⎯⎯⎯⎯⎯⎯⎯⎯⎯⎯⎯[1/1]⎯


 Test Files  1 failed | 134 passed (135)
      Tests  1 failed | 2454 passed (2455)
   Start at  09:29:54
   Duration  34.40s (transform 4.60s, setup 0ms, import 16.07s, tests 66.01s, environment 22ms)

npm notice
npm notice New major version of npm available! 11.9.0 -> 12.2.0
npm notice Changelog: https://github.com/npm/cli/releases/tag/v12.2.0
npm notice To update run: npm install -g npm@12.2.0
npm notice
npm notice
npm notice New major version of npm available! 11.9.0 -> 12.2.0
npm notice Changelog: https://github.com/npm/cli/releases/tag/v12.2.0
npm notice To update run: npm install -g npm@12.2.0
npm notice
