C00 UI visual inspection — existing compiled shots/smoke-build, no rebuild
URL http://127.0.0.1:5215/?harness=1&seed=c00-hand-8 (5199 connection refused; approved read-only preview fallback)
Viewport 390x740, devicePixelRatio 3, IAB ordinary coordinate click; CDP Input.dispatchTouchEvent unsupported. Touch-specific input NOT_RUN in this manual check; physical device NOT_RUN.
Natural UI path: title-start -> amo -> confirm-character -> d06 purchase details -> confirm 6 gold purchase -> start-stage -> hand-next four times -> click ninth card.
Read-only result: commandSeq 4, stage.handLimit 9, handOrder [spades-6,clubs-11,spades-4,diamonds-9,diamonds-2,spades-8,hearts-4,clubs-5,clubs-6], selectedIds [clubs-6], handStart 4, visibleCardCount 5.
Visible independent hit widths 41.785714px for first four; 102.857143px for ninth; navigation 44px. Dynamic count reads hand 9/9, window 5-9.
Visual result: new d06 motif is visible in shop/detail/rack. Purchase detail explicitly labels mechanism illustration (机制示意); formal art remains A03 pending. Accepted old art is unchanged.
Screenshot: shots/c00-ui-nine-selected.png (47,543 bytes).
Scoped navigation/select/motif result PASS; full Play chain is not marked PASS. Root smoke reports mobile Play hang at characterScore and diagnosis follows.

Actual touchscreen reproduction:
{
  "scenario": "p00-core-ui",
  "selected": "spades-13",
  "samples": [
    {
      "seconds": 0,
      "now": 51529.89999999106,
      "visibility": "visible",
      "sceneActive": true,
      "commandSeq": 8,
      "domainPhase": "await-input",
      "controllerStatus": "idle",
      "playing": true,
      "presentation": true,
      "resultText": "打出 · 高牌",
      "H": "40",
      "M": "× 1.5",
      "product": "325",
      "displayHeat": "0",
      "domainScore": "325",
      "effects": {
        "generation": 3,
        "remaining": 5,
        "aborted": false,
        "promise": true
      },
      "role": {
        "active": true,
        "y": 38,
        "angle": 0,
        "scaleX": 1,
        "scaleY": 1,
        "children": 2
      },
      "loop": {
        "running": true,
        "frame": 156,
        "actualFps": 3.0020350349508957,
        "delta": 16.666666666666664
      },
      "tweenManager": {
        "time": 28.864,
        "paused": false,
        "timeScale": 1,
        "processing": false
      },
      "tweens": [
        {
          "state": 21,
          "paused": false,
          "elapsed": 0,
          "totalElapsed": 0,
          "duration": 420,
          "progress": 0,
          "targets": [
            "playCount"
          ],
          "data": [
            {
              "key": "scaleX",
              "state": 5,
              "start": 1.6,
              "end": 1,
              "current": 1.6,
              "elapsed": 0,
              "duration": 420,
              "progress": 0
            }
          ]
        },
        {
          "state": 21,
          "paused": false,
          "elapsed": 0,
          "totalElapsed": 0,
          "duration": 420,
          "progress": 0,
          "targets": [
            "Graphics"
          ],
          "data": [
            {
              "key": "scaleX",
              "state": 5,
              "start": 0.75,
              "end": 1.45,
              "current": 0.75,
              "elapsed": 0,
              "duration": 420,
              "progress": 0
            },
            {
              "key": "alpha",
              "state": 5,
              "start": 1,
              "end": 0,
              "current": 1,
              "elapsed": 0,
              "duration": 420,
              "progress": 0
            }
          ]
        },
        {
          "state": 21,
          "paused": false,
          "elapsed": 0,
          "totalElapsed": 0,
          "duration": 230,
          "progress": 0,
          "targets": [
            "plain"
          ],
          "data": [
            {
              "key": "t",
              "state": 5,
              "start": 0,
              "end": 1,
              "current": 0,
              "elapsed": 0,
              "duration": 230,
              "progress": 0
            }
          ]
        }
      ],
      "timers": {
        "now": 51118.2,
        "paused": false,
        "timeScale": 1,
        "active": [],
        "pending": 0
      },
      "savedTrace": [
        {
          "id": "run/p00-core-ui/amo/hand/run/p00-core-ui/amo/command/8/event/0",
          "phase": "base",
          "operation": "base",
          "source": "run/p00-core-ui/amo"
        },
        {
          "id": "run/p00-core-ui/amo/hand/run/p00-core-ui/amo/command/8/event/1",
          "phase": "onCardScore",
          "operation": "add-heat",
          "source": "spades-13"
        },
        {
          "id": "run/p00-core-ui/amo/hand/run/p00-core-ui/amo/command/8/event/2",
          "phase": "characterScore",
          "operation": "multiply-multiplier",
          "source": "run/p00-core-ui/amo/character"
        },
        {
          "id": "run/p00-core-ui/amo/hand/run/p00-core-ui/amo/command/8/event/3",
          "phase": "jokerScore",
          "operation": "add-multiplier",
          "source": "run/p00-core-ui/amo/joker/run/p00-core-ui/amo/command/2"
        },
        {
          "id": "run/p00-core-ui/amo/hand/run/p00-core-ui/amo/command/8/event/4",
          "phase": "finalScore",
          "operation": "final-score",
          "source": "run/p00-core-ui/amo"
        }
      ]
    },
    {
      "seconds": 1,
      "now": 52288.19999998808,
      "visibility": "visible",
      "sceneActive": true,
      "commandSeq": 8,
      "domainPhase": "await-input",
      "controllerStatus": "idle",
      "playing": true,
      "presentation": true,
      "resultText": "打出 · 高牌",
      "H": "40",
      "M": "× 1.5",
      "product": "325",
      "displayHeat": "0",
      "domainScore": "325",
      "effects": {
        "generation": 3,
        "remaining": 5,
        "aborted": false,
        "promise": true
      },
      "role": {
        "active": true,
        "y": 38,
        "angle": 0,
        "scaleX": 1,
        "scaleY": 1,
        "children": 2
      },
      "loop": {
        "running": true,
        "frame": 158,
        "actualFps": 3.0015262762131716,
        "delta": 16.666666666666664
      },
      "tweenManager": {
        "time": 29.632,
        "paused": false,
        "timeScale": 1,
        "processing": false
      },
      "tweens": [
        {
          "state": 21,
          "paused": false,
          "elapsed": 0,
          "totalElapsed": 0,
          "duration": 110,
          "progress": 0,
          "targets": [
            "Container"
          ],
          "data": [
            {
              "key": "scaleX",
              "state": 5,
              "start": 0.6390277777777778,
              "end": 0.5972222222222222,
              "current": 0.6390277777777778,
              "elapsed": 0,
              "duration": 110,
              "progress": 0
            },
            {
              "key": "scaleY",
              "state": 5,
              "start": 0.5375,
              "end": 0.5972222222222222,
              "current": 0.5375,
              "elapsed": 0,
              "duration": 110,
              "progress": 0
            }
          ]
        }
      ],
      "timers": {
        "now": 51901.5,
        "paused": false,
        "timeScale": 1,
        "active": [],
        "pending": 0
      },
      "savedTrace": [
        {
          "id": "run/p00-core-ui/amo/hand/run/p00-core-ui/amo/command/8/event/0",
          "phase": "base",
          "operation": "base",
          "source": "run/p00-core-ui/amo"
        },
        {
          "id": "run/p00-core-ui/amo/hand/run/p00-core-ui/amo/command/8/event/1",
          "phase": "onCardScore",
          "operation": "add-heat",
          "source": "spades-13"
        },
        {
          "id": "run/p00-core-ui/amo/hand/run/p00-core-ui/amo/command/8/event/2",
          "phase": "characterScore",
          "operation": "multiply-multiplier",
          "source": "run/p00-core-ui/amo/character"
        },
        {
          "id": "run/p00-core-ui/amo/hand/run/p00-core-ui/amo/command/8/event/3",
          "phase": "jokerScore",
          "operation": "add-multiplier",
          "source": "run/p00-core-ui/amo/joker/run/p00-core-ui/amo/command/2"
        },
        {
          "id": "run/p00-core-ui/amo/hand/run/p00-core-ui/amo/command/8/event/4",
          "phase": "finalScore",
          "operation": "final-score",
          "source": "run/p00-core-ui/amo"
        }
      ]
    },
    {
      "seconds": 3,
      "now": 54516.19999998808,
      "visibility": "visible",
      "sceneActive": true,
      "commandSeq": 8,
      "domainPhase": "await-input",
      "controllerStatus": "idle",
      "playing": true,
      "presentation": true,
      "resultText": "打出 · 高牌",
      "H": "40",
      "M": "× 1.5",
      "product": "60",
      "displayHeat": "0",
      "domainScore": "325",
      "effects": {
        "generation": 3,
        "remaining": 4,
        "aborted": false,
        "promise": true
      },
      "role": {
        "active": true,
        "y": 38,
        "angle": 0,
        "scaleX": 1,
        "scaleY": 1,
        "children": 2
      },
      "loop": {
        "running": true,
        "frame": 164,
        "actualFps": 3.000858530369909,
        "delta": 16.666666666666664
      },
      "tweenManager": {
        "time": 31.871,
        "paused": false,
        "timeScale": 1,
        "processing": false
      },
      "tweens": [],
      "timers": {
        "now": 54134.7,
        "paused": false,
        "timeScale": 1,
        "active": [
          {
            "delay": 460,
            "elapsed": 83.33333333333331,
            "hasDispatched": false,
            "callback": "N",
            "repeat": 0,
            "repeatCount": 0,
            "paused": false
          }
        ],
        "pending": 0
      },
      "savedTrace": [
        {
          "id": "run/p00-core-ui/amo/hand/run/p00-core-ui/amo/command/8/event/0",
          "phase": "base",
          "operation": "base",
          "source": "run/p00-core-ui/amo"
        },
        {
          "id": "run/p00-core-ui/amo/hand/run/p00-core-ui/amo/command/8/event/1",
          "phase": "onCardScore",
          "operation": "add-heat",
          "source": "spades-13"
        },
        {
          "id": "run/p00-core-ui/amo/hand/run/p00-core-ui/amo/command/8/event/2",
          "phase": "characterScore",
          "operation": "multiply-multiplier",
          "source": "run/p00-core-ui/amo/character"
        },
        {
          "id": "run/p00-core-ui/amo/hand/run/p00-core-ui/amo/command/8/event/3",
          "phase": "jokerScore",
          "operation": "add-multiplier",
          "source": "run/p00-core-ui/amo/joker/run/p00-core-ui/amo/command/2"
        },
        {
          "id": "run/p00-core-ui/amo/hand/run/p00-core-ui/amo/command/8/event/4",
          "phase": "finalScore",
          "operation": "final-score",
          "source": "run/p00-core-ui/amo"
        }
      ]
    },
    {
      "seconds": 8,
      "now": 59290.89999999106,
      "visibility": "visible",
      "sceneActive": true,
      "commandSeq": 8,
      "domainPhase": "await-input",
      "controllerStatus": "idle",
      "playing": true,
      "presentation": true,
      "resultText": "打出 · 高牌",
      "H": "40",
      "M": "× 1.5",
      "product": "60",
      "displayHeat": "0",
      "domainScore": "325",
      "effects": {
        "generation": 3,
        "remaining": 4,
        "aborted": false,
        "promise": true
      },
      "role": {
        "active": true,
        "y": 38,
        "angle": 0,
        "scaleX": 1,
        "scaleY": 1,
        "children": 2
      },
      "loop": {
        "running": true,
        "frame": 177,
        "actualFps": 3.000271644374854,
        "delta": 16.666666666666664
      },
      "tweenManager": {
        "time": 36.639,
        "paused": false,
        "timeScale": 1,
        "processing": false
      },
      "tweens": [],
      "timers": {
        "now": 58901.2,
        "paused": false,
        "timeScale": 1,
        "active": [
          {
            "delay": 460,
            "elapsed": 299.99999999999994,
            "hasDispatched": false,
            "callback": "N",
            "repeat": 0,
            "repeatCount": 0,
            "paused": false
          }
        ],
        "pending": 0
      },
      "savedTrace": [
        {
          "id": "run/p00-core-ui/amo/hand/run/p00-core-ui/amo/command/8/event/0",
          "phase": "base",
          "operation": "base",
          "source": "run/p00-core-ui/amo"
        },
        {
          "id": "run/p00-core-ui/amo/hand/run/p00-core-ui/amo/command/8/event/1",
          "phase": "onCardScore",
          "operation": "add-heat",
          "source": "spades-13"
        },
        {
          "id": "run/p00-core-ui/amo/hand/run/p00-core-ui/amo/command/8/event/2",
          "phase": "characterScore",
          "operation": "multiply-multiplier",
          "source": "run/p00-core-ui/amo/character"
        },
        {
          "id": "run/p00-core-ui/amo/hand/run/p00-core-ui/amo/command/8/event/3",
          "phase": "jokerScore",
          "operation": "add-multiplier",
          "source": "run/p00-core-ui/amo/joker/run/p00-core-ui/amo/command/2"
        },
        {
          "id": "run/p00-core-ui/amo/hand/run/p00-core-ui/amo/command/8/event/4",
          "phase": "finalScore",
          "operation": "final-score",
          "source": "run/p00-core-ui/amo"
        }
      ]
    },
    {
      "seconds": 15,
      "now": 66194.5,
      "visibility": "visible",
      "sceneActive": true,
      "commandSeq": 8,
      "domainPhase": "await-input",
      "controllerStatus": "idle",
      "playing": true,
      "presentation": true,
      "eventId": "run/p00-core-ui/amo/hand/run/p00-core-ui/amo/command/8/event/1",
      "eventPhase": "windup",
      "resultText": "K♠ · +10 热度",
      "H": "40",
      "M": "× 1.5",
      "product": "60",
      "displayHeat": "0",
      "domainScore": "325",
      "effects": {
        "generation": 3,
        "remaining": 3,
        "aborted": false,
        "promise": true
      },
      "role": {
        "active": true,
        "y": 38,
        "angle": 0,
        "scaleX": 1,
        "scaleY": 1,
        "children": 2
      },
      "loop": {
        "running": true,
        "frame": 195,
        "actualFps": 3.0000483468626147,
        "delta": 16.666666666666664
      },
      "tweenManager": {
        "time": 43.532,
        "paused": false,
        "timeScale": 1,
        "processing": false
      },
      "tweens": [
        {
          "state": 21,
          "paused": false,
          "elapsed": 0,
          "totalElapsed": 0,
          "duration": 110,
          "progress": 0,
          "targets": [
            "plain"
          ],
          "data": [
            {
              "key": "t",
              "state": 5,
              "start": 0,
              "end": 1,
              "current": 0,
              "elapsed": 0,
              "duration": 110,
              "progress": 0
            }
          ]
        },
        {
          "state": 21,
          "paused": false,
          "elapsed": 0,
          "totalElapsed": 0,
          "duration": 110,
          "progress": 0,
          "targets": [
            "Graphics"
          ],
          "data": [
            {
              "key": "alpha",
              "state": 5,
              "start": 1,
              "end": 0,
              "current": 1,
              "elapsed": 0,
              "duration": 110,
              "progress": 0
            }
          ]
        }
      ],
      "timers": {
        "now": 65800.9,
        "paused": false,
        "timeScale": 1,
        "active": [
          {
            "delay": 220,
            "elapsed": 133.3333333333333,
            "hasDispatched": false,
            "callback": "N",
            "repeat": 0,
            "repeatCount": 0,
            "paused": false
          },
          {
            "delay": 110,
            "elapsed": 99.99999999999997,
            "hasDispatched": false,
            "callback": "N",
            "repeat": 0,
            "repeatCount": 0,
            "paused": false
          }
        ],
        "pending": 0
      },
      "savedTrace": [
        {
          "id": "run/p00-core-ui/amo/hand/run/p00-core-ui/amo/command/8/event/0",
          "phase": "base",
          "operation": "base",
          "source": "run/p00-core-ui/amo"
        },
        {
          "id": "run/p00-core-ui/amo/hand/run/p00-core-ui/amo/command/8/event/1",
          "phase": "onCardScore",
          "operation": "add-heat",
          "source": "spades-13"
        },
        {
          "id": "run/p00-core-ui/amo/hand/run/p00-core-ui/amo/command/8/event/2",
          "phase": "characterScore",
          "operation": "multiply-multiplier",
          "source": "run/p00-core-ui/amo/character"
        },
        {
          "id": "run/p00-core-ui/amo/hand/run/p00-core-ui/amo/command/8/event/3",
          "phase": "jokerScore",
          "operation": "add-multiplier",
          "source": "run/p00-core-ui/amo/joker/run/p00-core-ui/amo/command/2"
        },
        {
          "id": "run/p00-core-ui/amo/hand/run/p00-core-ui/amo/command/8/event/4",
          "phase": "finalScore",
          "operation": "final-score",
          "source": "run/p00-core-ui/amo"
        }
      ]
    }
  ],
  "errors": []
}
Root-authorized targeted correction after actual low-FPS touch RED: GameScene.wait now resolves nonpositive/aborted waits immediately and uses a nonvisual token tween via existing animate for positive waits. No rule state/RNG, event duration, source ordering, harness wait or score golden changed.
Observed root cause: around 3 FPS, Scene Clock loop.delta remained 16.666667 ms per frame. The 460ms presentation wait had elapsed83.333333 at wall+3s and elapsed300 at wall+8s. TweenManager uses Date.now delta instead; effect queue was still progressing, not a lost domain commit. Touch path domain score325/commandSeq8, no pageerrors. Full pre-fix observer snapshots retained in c00-ui-touch-play-hang.json and screenshot retained.
Post-fix typecheck PASS and owned diff --check PASS. Post-fix browser/build NOT_RUN by child; root owns unified affected rerun. Physical device NOT_RUN.
