
 RUN  v4.1.11 D:/ai/dachoupai/dachoupai

··············xx··········

⎯⎯⎯⎯⎯⎯⎯ Failed Tests 2 ⎯⎯⎯⎯⎯⎯⎯

 FAIL  tests/c00-transactions.test.ts > C00 actual command transactions and lifecycle > persists actual B08/E07/E01 clear rewards in source order without changing the score or rewarding retries
AssertionError: expected [] to deeply equal [ [ 'b08', 'owned/b08', …(4) ], …(2) ]

- Expected
+ Received

- [
-   [
-     "b08",
-     "owned/b08",
-     "add-gold",
-     {
-       "d": "1",
-       "n": "3",
-     },
-     11,
-     14,
-   ],
-   [
-     "e07",
-     "owned/e07",
-     "add-gold",
-     {
-       "d": "1",
-       "n": "4",
-     },
-     14,
-     18,
-   ],
-   [
-     "e01",
-     "owned/e01",
-     "add-gold",
-     {
-       "d": "1",
-       "n": "2",
-     },
-     18,
-     20,
-   ],
- ]
+ []

 ❯ tests/c00-transactions.test.ts:165:124


⎯⎯⎯⎯⎯⎯⎯⎯⎯⎯⎯⎯⎯⎯⎯⎯⎯⎯⎯⎯⎯⎯⎯⎯[1/2]⎯

 FAIL  tests/c00-transactions.test.ts > C00 actual command transactions and lifecycle > rolls back score and gold together if clear reward sources exceed the trace budget
AssertionError: expected true to be false // Object.is equality

- Expected
+ Received

- false
+ true

 ❯ tests/c00-transactions.test.ts:178:25
    176|       // Pair scoring has six events; three actual reward sources woul…
    177|       Object.assign(SCORE_LIMITS,{eventCount:8});const result=applyCom…
    178|       expect(result.ok).toBe(false);if(!result.ok){expect(result.code)…
       |                         ^
    179|       expect(result.state).toBe(rigged);expect(JSON.stringify(rigged))…
    180|     }finally{Object.assign(SCORE_LIMITS,{eventCount:cap});}

⎯⎯⎯⎯⎯⎯⎯⎯⎯⎯⎯⎯⎯⎯⎯⎯⎯⎯⎯⎯⎯⎯⎯⎯[2/2]⎯


 Test Files  1 failed (1)
      Tests  2 failed | 24 passed (26)
   Start at  01:58:55
   Duration  927ms (transform 318ms, setup 0ms, import 391ms, tests 243ms, environment 0ms)
