PASS [
  {
    spec: { width: 320, height: 568, bottom: 12 },
    status: 'PASS',
    safeGap: 12,
    close: 56,
    heldChanges: false,
    managers: 0
  },
  {
    spec: { width: 320, height: 568, bottom: 34 },
    status: 'PASS',
    safeGap: 12,
    close: 56,
    heldChanges: false,
    managers: 0
  },
  {
    spec: { width: 740, height: 390, bottom: 34 },
    status: 'PASS',
    safeGap: 12,
    close: 56,
    heldChanges: undefined,
    managers: 2
  },
  {
    spec: { width: 360, height: 640, bottom: 34 },
    status: 'PASS',
    safeGap: 12,
    close: 56,
    heldChanges: undefined,
    managers: 0
  },
  {
    spec: { width: 390, height: 740, bottom: 34 },
    status: 'PASS',
    safeGap: 12,
    close: 56,
    heldChanges: undefined,
    managers: 0
  },
  {
    spec: { width: 844, height: 300, bottom: 34 },
    status: 'PASS',
    safeGap: 12,
    close: 56,
    heldChanges: undefined,
    managers: 0
  },
  {
    spec: { width: 1280, height: 720, bottom: 0 },
    status: 'PASS',
    safeGap: 12,
    close: 56,
    heldChanges: undefined,
    managers: 0
  },
  {
    spec: { width: 1366, height: 768, bottom: 0 },
    status: 'PASS',
    safeGap: 12,
    close: 56,
    heldChanges: undefined,
    managers: 0
  },
  {
    spec: { width: 1920, height: 1080, bottom: 0 },
    status: 'PASS',
    safeGap: 150,
    close: 56,
    heldChanges: undefined,
    managers: 0
  },
  {
    spec: { width: 811, height: 390, bottom: 34 },
    status: 'PASS',
    safeGap: 12,
    close: 56,
    heldChanges: undefined,
    managers: 0
  },
  {
    spec: { width: 812, height: 390, bottom: 34 },
    status: 'PASS',
    safeGap: 12,
    close: 56,
    heldChanges: undefined,
    managers: 0
  }
]
