
> dachoupai@0.1.0 verify
> npm run typecheck && npm test && npm run build


> dachoupai@0.1.0 typecheck
> tsc --noEmit

npm notice
npm notice New major version of npm available! 11.9.0 -> 12.2.0
npm notice Changelog: https://github.com/npm/cli/releases/tag/v12.2.0
npm notice To update run: npm install -g npm@12.2.0
npm notice

> dachoupai@0.1.0 test
> vitest run


 RUN  v4.1.11 /workspace/dachoupai


 Test Files  139 passed (139)
      Tests  2480 passed (2480)
   Start at  14:10:52
   Duration  44.45s (transform 5.84s, setup 0ms, import 21.39s, tests 85.16s, environment 20ms)

npm notice
npm notice New major version of npm available! 11.9.0 -> 12.2.0
npm notice Changelog: https://github.com/npm/cli/releases/tag/v12.2.0
npm notice To update run: npm install -g npm@12.2.0
npm notice

> dachoupai@0.1.0 build
> tsc --noEmit && vite build

vite v7.3.6 building client environment for production...
transforming...
✓ 145 modules transformed.
rendering chunks...
computing gzip size...
dist/build-info.json                0.17 kB │ gzip:   0.15 kB
dist/index.html                     0.55 kB │ gzip:   0.36 kB
dist/assets/index-BFycGLpZ.css     31.77 kB │ gzip:   7.23 kB
dist/assets/index-Dglc2rCo.js   2,167.83 kB │ gzip: 611.37 kB

(!) Some chunks are larger than 500 kB after minification. Consider:
- Using dynamic import() to code-split the application
- Use build.rollupOptions.output.manualChunks to improve chunking: https://rollupjs.org/configuration-options/#output-manualchunks
- Adjust chunk size limit for this warning via build.chunkSizeWarningLimit.
✓ built in 5.78s
npm notice
npm notice New major version of npm available! 11.9.0 -> 12.2.0
npm notice Changelog: https://github.com/npm/cli/releases/tag/v12.2.0
npm notice To update run: npm install -g npm@12.2.0
npm notice
npm notice
npm notice New major version of npm available! 11.9.0 -> 12.2.0
npm notice Changelog: https://github.com/npm/cli/releases/tag/v12.2.0
npm notice To update run: npm install -g npm@12.2.0
npm notice
