PASS [
  {
    spec: { width: 1280, height: 720, bottom: 0 },
    kind: 'jokers',
    status: 'PASS'
  },
  {
    spec: { width: 1280, height: 720, bottom: 0 },
    kind: 'tools',
    status: 'PASS'
  },
  {
    spec: { width: 1280, height: 720, bottom: 0 },
    kind: 'items',
    status: 'PASS'
  },
  {
    spec: { width: 1366, height: 768, bottom: 0 },
    kind: 'jokers',
    status: 'PASS'
  },
  {
    spec: { width: 1366, height: 768, bottom: 0 },
    kind: 'tools',
    status: 'PASS'
  },
  {
    spec: { width: 1366, height: 768, bottom: 0 },
    kind: 'items',
    status: 'PASS'
  },
  {
    spec: { width: 1920, height: 1080, bottom: 0 },
    kind: 'jokers',
    status: 'PASS'
  },
  {
    spec: { width: 1920, height: 1080, bottom: 0 },
    kind: 'tools',
    status: 'PASS'
  },
  {
    spec: { width: 1920, height: 1080, bottom: 0 },
    kind: 'items',
    status: 'PASS'
  },
  {
    spec: { width: 320, height: 740, bottom: 34 },
    kind: 'jokers',
    status: 'PASS'
  },
  {
    spec: { width: 320, height: 740, bottom: 34 },
    kind: 'tools',
    status: 'PASS'
  },
  {
    spec: { width: 320, height: 740, bottom: 34 },
    kind: 'items',
    status: 'PASS'
  },
  {
    spec: { width: 390, height: 740, bottom: 34 },
    kind: 'jokers',
    status: 'PASS'
  },
  {
    spec: { width: 390, height: 740, bottom: 34 },
    kind: 'tools',
    status: 'PASS'
  },
  {
    spec: { width: 390, height: 740, bottom: 34 },
    kind: 'items',
    status: 'PASS'
  },
  {
    spec: { width: 740, height: 390, bottom: 34 },
    kind: 'jokers',
    status: 'PASS'
  },
  {
    spec: { width: 740, height: 390, bottom: 34 },
    kind: 'tools',
    status: 'PASS'
  },
  {
    spec: { width: 740, height: 390, bottom: 34 },
    kind: 'items',
    status: 'PASS'
  }
]
