
> dachoupai@0.1.0 verify
> npm run typecheck && npm test && npm run build


> dachoupai@0.1.0 typecheck
> tsc --noEmit

npm notice
npm notice New major version of npm available! 11.9.0 -> 12.2.0
npm notice Changelog: https://github.com/npm/cli/releases/tag/v12.2.0
npm notice To update run: npm install -g npm@12.2.0
npm notice

> dachoupai@0.1.0 test
> vitest run


 RUN  v4.1.11 /workspace/dachoupai


 Test Files  136 passed (136)
      Tests  2463 passed (2463)
   Start at  11:23:43
   Duration  37.67s (transform 4.84s, setup 0ms, import 17.74s, tests 72.93s, environment 14ms)

npm notice
npm notice New major version of npm available! 11.9.0 -> 12.2.0
npm notice Changelog: https://github.com/npm/cli/releases/tag/v12.2.0
npm notice To update run: npm install -g npm@12.2.0
npm notice

> dachoupai@0.1.0 build
> tsc --noEmit && vite build

vite v7.3.6 building client environment for production...
transforming...
✓ 142 modules transformed.
rendering chunks...
computing gzip size...
dist/build-info.json                0.17 kB │ gzip:   0.15 kB
dist/index.html                     0.55 kB │ gzip:   0.36 kB
dist/assets/index-7M164BGR.css     31.21 kB │ gzip:   7.15 kB
dist/assets/index-D38PwvG5.js   2,158.57 kB │ gzip: 608.00 kB

(!) Some chunks are larger than 500 kB after minification. Consider:
- Using dynamic import() to code-split the application
- Use build.rollupOptions.output.manualChunks to improve chunking: https://rollupjs.org/configuration-options/#output-manualchunks
- Adjust chunk size limit for this warning via build.chunkSizeWarningLimit.
✓ built in 6.44s
npm notice
npm notice New major version of npm available! 11.9.0 -> 12.2.0
npm notice Changelog: https://github.com/npm/cli/releases/tag/v12.2.0
npm notice To update run: npm install -g npm@12.2.0
npm notice
npm notice
npm notice New major version of npm available! 11.9.0 -> 12.2.0
npm notice Changelog: https://github.com/npm/cli/releases/tag/v12.2.0
npm notice To update run: npm install -g npm@12.2.0
npm notice
