
 RUN  v4.1.11 /tmp/w6-cap-original

 ❯ tests/joker-plain-copy.test.ts (15 tests | 3 failed | 12 skipped) 28ms
   × old growth identities keep their three exact types instead of adopting the new group rule 12ms
   × growth headroom and capped default facts agree with actual trace in each content identity 7ms
   × current capped resource heat and its limit are visible before expanding rules 7ms
 ❯ tests/joker-experience.test.ts (7 tests | 1 failed | 6 skipped) 24ms
   × first-layer growth feedback retains cap clipping and zero-headroom facts 22ms

⎯⎯⎯⎯⎯⎯⎯ Failed Tests 4 ⎯⎯⎯⎯⎯⎯⎯

 FAIL  tests/joker-experience.test.ts > first-layer growth feedback retains cap clipping and zero-headroom facts
AssertionError: expected '对子等同点组合出牌后 → 热度成长+10；新增下次用\n本次用已存热度+9…' to contain '上限100'

- Expected
+ Received

- 上限100
+ 对子等同点组合出牌后 → 热度成长+10；新增下次用
+ 本次用已存热度+95；新增到对应时点检查；所选对子可在结算后增长
+ 本次出牌使用旧值；新成长从下一次出牌起生效，每次出牌只长一次，额外计分不会多长。
+ 普通顺子、普通同花不增长。
+ 计分收益须成功出牌与保存。

 ❯ tests/joker-experience.test.ts:50:21


⎯⎯⎯⎯⎯⎯⎯⎯⎯⎯⎯⎯⎯⎯⎯⎯⎯⎯⎯⎯⎯⎯⎯⎯[1/4]⎯

 FAIL  tests/joker-plain-copy.test.ts > old growth identities keep their three exact types instead of adopting the new group rule
AssertionError: expected '对子/两对/三条出牌后 → 倍率成长+0.25；新增下次用' to be '每手加上已攒的倍率；打出对子、两对、三条后，再攒 0.25，最多攒 3。' // Object.is equality

Expected: "每手加上已攒的倍率；打出对子、两对、三条后，再攒 0.25，最多攒 3。"
Received: "对子/两对/三条出牌后 → 倍率成长+0.25；新增下次用"

 ❯ tests/joker-plain-copy.test.ts:60:18


⎯⎯⎯⎯⎯⎯⎯⎯⎯⎯⎯⎯⎯⎯⎯⎯⎯⎯⎯⎯⎯⎯⎯⎯[2/4]⎯

 FAIL  tests/joker-plain-copy.test.ts > growth headroom and capped default facts agree with actual trace in each content identity
AssertionError: expected '本次用已存热度+0；新增到对应时点检查；所选对子可在结算后增长' to contain '上限50'

Expected: "上限50"
Received: "本次用已存热度+0；新增到对应时点检查；所选对子可在结算后增长"

 ❯ tests/joker-plain-copy.test.ts:72:21


⎯⎯⎯⎯⎯⎯⎯⎯⎯⎯⎯⎯⎯⎯⎯⎯⎯⎯⎯⎯⎯⎯⎯⎯[3/4]⎯

 FAIL  tests/joker-plain-copy.test.ts > current capped resource heat and its limit are visible before expanding rules
AssertionError: expected '每次出牌 → 每1金热度+2（不花金币）' to contain '上限60'

Expected: "上限60"
Received: "每次出牌 → 每1金热度+2（不花金币）"

 ❯ tests/joker-plain-copy.test.ts:83:19


⎯⎯⎯⎯⎯⎯⎯⎯⎯⎯⎯⎯⎯⎯⎯⎯⎯⎯⎯⎯⎯⎯⎯⎯[4/4]⎯


 Test Files  2 failed (2)
      Tests  4 failed | 18 skipped (22)
   Start at  07:51:59
   Duration  729ms (transform 819ms, setup 0ms, import 1.09s, tests 51ms, environment 0ms)

