node:internal/modules/run_main:107
    triggerUncaughtException(
    ^

AssertionError [ERR_ASSERTION]: Expected values to be strictly deep-equal:
+ actual - expected
... Skipped lines

  {
    boss: {
      definitionId: 'B01',
      disabledSuit: null
    },
...
        commandId: 'hero-stage/azao/command/4',
+       fingerprint: 'json-fnv-v1:30afc2bb6d009d47',
-       fingerprint: 'json-fnv-v1:6c1188b461e0b758',
        seq: 4
      }
    ],
    rng: {
      challenge: {

    at file:///workspace/dachoupai/harness/hero-stage-continuity.mjs:18:114 {
  generatedMessage: true,
  code: 'ERR_ASSERTION',
  actual: {
    schemaVersion: 2,
    rulesVersion: 'r2',
    contentVersion: 'quality-r2-basic-tool-choice-v1',
    contentHash: 'json-fnv-v1:74a532e990d14b0d',
    runId: 'hero-stage/azao',
    seed: 'hero-stage-continuity',
    commandSeq: 4,
    difficulty: 0,
    characterId: 'azao',
    openingRoute: 'group',
    openingShow: {
      handsScored: 1,
      rootId: 'hero-stage/azao/hand/hero-stage/azao/command/4',
      eventId: 'hero-stage/azao/hand/hero-stage/azao/command/4/event/6',
      reason: 'score'
    },
    routeStarter: { instanceId: null, rootId: null, eventId: null },
    mode: 'standard',
    challengeId: null,
    programsEnabled: false,
    programRerollCoupon: false,
    chapterDisabledJokerId: null,
    chapter: 1,
    stageIndex: 1,
    phase: 'stage-cleared',
    deckInstances: [
      { id: 'spades-2', suit: 'spades', rank: 2 },
      { id: 'spades-3', suit: 'spades', rank: 3 },
      { id: 'spades-4', suit: 'spades', rank: 4 },
      { id: 'spades-5', suit: 'spades', rank: 5 },
      { id: 'spades-6', suit: 'spades', rank: 6 },
      { id: 'spades-7', suit: 'spades', rank: 7 },
      { id: 'spades-8', suit: 'spades', rank: 8 },
      { id: 'spades-9', suit: 'spades', rank: 9 },
      { id: 'spades-10', suit: 'spades', rank: 10 },
      { id: 'spades-11', suit: 'spades', rank: 11 },
      { id: 'spades-12', suit: 'spades', rank: 12 },
      { id: 'spades-13', suit: 'spades', rank: 13 },
      { id: 'spades-14', suit: 'spades', rank: 14 },
      { id: 'hearts-2', suit: 'hearts', rank: 2 },
      { id: 'hearts-3', suit: 'hearts', rank: 3 },
      { id: 'hearts-4', suit: 'hearts', rank: 4 },
      { id: 'hearts-5', suit: 'hearts', rank: 5 },
      { id: 'hearts-6', suit: 'hearts', rank: 6 },
      { id: 'hearts-7', suit: 'hearts', rank: 7 },
      { id: 'hearts-8', suit: 'hearts', rank: 8 },
      { id: 'hearts-9', suit: 'hearts', rank: 9 },
      { id: 'hearts-10', suit: 'hearts', rank: 10 },
      { id: 'hearts-11', suit: 'hearts', rank: 11 },
      { id: 'hearts-12', suit: 'hearts', rank: 12 },
      { id: 'hearts-13', suit: 'hearts', rank: 13 },
      { id: 'hearts-14', suit: 'hearts', rank: 14 },
      { id: 'clubs-2', suit: 'clubs', rank: 2 },
      { id: 'clubs-3', suit: 'clubs', rank: 3 },
      { id: 'clubs-4', suit: 'clubs', rank: 4 },
      { id: 'clubs-5', suit: 'clubs', rank: 5 },
      { id: 'clubs-6', suit: 'clubs', rank: 6 },
      { id: 'clubs-7', suit: 'clubs', rank: 7 },
      { id: 'clubs-8', suit: 'clubs', rank: 8 },
      { id: 'clubs-9', suit: 'clubs', rank: 9 },
      { id: 'clubs-10', suit: 'clubs', rank: 10 },
      { id: 'clubs-11', suit: 'clubs', rank: 11 },
      { id: 'clubs-12', suit: 'clubs', rank: 12 },
      { id: 'clubs-13', suit: 'clubs', rank: 13 },
      { id: 'clubs-14', suit: 'clubs', rank: 14 },
      { id: 'diamonds-2', suit: 'diamonds', rank: 2 },
      { id: 'diamonds-3', suit: 'diamonds', rank: 3 },
      { id: 'diamonds-4', suit: 'diamonds', rank: 4 },
      { id: 'diamonds-5', suit: 'diamonds', rank: 5 },
      { id: 'diamonds-6', suit: 'diamonds', rank: 6 },
      { id: 'diamonds-7', suit: 'diamonds', rank: 7 },
      { id: 'diamonds-8', suit: 'diamonds', rank: 8 },
      { id: 'diamonds-9', suit: 'diamonds', rank: 9 },
      { id: 'diamonds-10', suit: 'diamonds', rank: 10 },
      { id: 'diamonds-11', suit: 'diamonds', rank: 11 },
      { id: 'diamonds-12', suit: 'diamonds', rank: 12 },
      { id: 'diamonds-13', suit: 'diamonds', rank: 13 },
      { id: 'diamonds-14', suit: 'diamonds', rank: 14 }
    ],
    drawPile: [
      'spades-5',    'spades-6',    'spades-7',
      'spades-8',    'spades-9',    'spades-10',
      'spades-11',   'spades-14',   'hearts-2',
      'hearts-3',    'hearts-4',    'hearts-5',
      'hearts-6',    'hearts-7',    'hearts-8',
      'hearts-9',    'hearts-10',   'hearts-11',
      'hearts-14',   'clubs-2',     'clubs-3',
      'clubs-4',     'clubs-5',     'clubs-6',
      'clubs-7',     'clubs-8',     'clubs-9',
      'clubs-10',    'clubs-11',    'clubs-12',
      'clubs-14',    'diamonds-2',  'diamonds-3',
      'diamonds-4',  'diamonds-5',  'diamonds-6',
      'diamonds-7',  'diamonds-8',  'diamonds-9',
      'diamonds-10', 'diamonds-11', 'diamonds-12',
      'diamonds-13', 'diamonds-14'
    ],
    handOrder: [ 'spades-2', 'spades-3', 'spades-4' ],
    playedPile: [ 'spades-13', 'hearts-13', 'clubs-13', 'spades-12', 'hearts-12' ],
    discardPile: [],
    destroyedIds: [],
    stage: {
      azaoCharge: { charge: 0, previousQualifiedType: null },
      openingDiscard: null,
      index: 0,
      targetHeat: '400',
      initialTargetHeat: '400',
      heat: '1300',
      handsLeft: 3,
      initialHands: 4,
      discardsLeft: 3,
      initialDiscards: 3,
      discardSpent: 0,
      discardGained: 0,
      doubleDiscardBeforeFirstPlay: false,
      discardsUsed: 0,
      skipResult: null,
      playIndex: 1,
      previousHandType: 'full-house',
      previousHandScore: '1300',
      handLimit: 8,
      initialHandLimit: 8,
      boss: null,
      initialJokerIds: [],
      sealedJokerIds: [],
      challengeDisabledJokerId: null,
      rescueUsed: false,
      clearId: 'hero-stage/azao/clear/0',
      goldEarned: 9,
      disabledIds: [],
      wagerSelected: false,
      wagerUsed: false,
      maxPlayedCount: 5,
      ordinaryStraightSeen: false,
      ordinaryFlushSeen: false,
      quadRefundUsed: false,
      jokerSold: false
    },
    totalHeat: '1300',
    gold: 21,
    jokers: [],
    consumables: [],
    longTermItems: [],
    program: null,
    boss: { definitionId: 'B01', disabledSuit: null },
    seenBossIds: [ 'B01' ],
    chapterSkipConsumable: 'T03',
    purchaseCoupons: 0,
    safetyNetUsed: false,
    shop: null,
    spectralModifiers: { handsPenalty: 0, handPenalty: 0, cleanSlateBonus: 0 },
    supplyRewardClaimed: false,
    chapterHandUsage: { 'full-house': 1 },
    normalClearClaimed: true,
    tourMode: 'normal',
    normalCompletion: null,
    rng: {
      deck: { algorithm: 'fnv1a-mulberry32-v1', state: 1325327466 },
      rule: { algorithm: 'fnv1a-mulberry32-v1', state: 2929551829 },
      shop: { algorithm: 'fnv1a-mulberry32-v1', state: 112737884 },
      reward: { algorithm: 'fnv1a-mulberry32-v1', state: 1224250774 },
      program: { algorithm: 'fnv1a-mulberry32-v1', state: 1398897712 },
      challenge: { algorithm: 'fnv1a-mulberry32-v1', state: 3153399181 }
    },
    receipts: [
      {
        commandId: 'hero-stage/azao/start',
        fingerprint: 'json-fnv-v1:ad30e6024b29b106',
        seq: 1
      },
      {
        commandId: 'hero-stage/azao/command/2',
        fingerprint: 'json-fnv-v1:955e1e698a5eb8ad',
        seq: 2
      },
      {
        commandId: 'hero-stage/azao/command/3',
        fingerprint: 'json-fnv-v1:f97a77fa466c221e',
        seq: 3
      },
      {
        commandId: 'hero-stage/azao/command/4',
        fingerprint: 'json-fnv-v1:30afc2bb6d009d47',
        seq: 4
      }
    ],
    lastTrace: {
      azaoCharge: {
        before: { charge: 0, previousQualifiedType: null },
        release: false,
        after: { charge: 1, previousQualifiedType: 'full-house' },
        multiplier: null
      },
      rulesVersion: 'r2',
      rootId: 'hero-stage/azao/hand/hero-stage/azao/command/4',
      handType: 'full-house',
      level: 1,
      sets: {
        playedIds: [
          'spades-13',
          'hearts-13',
          'clubs-13',
          'spades-12',
          'hearts-12'
        ],
        scoringIds: [
          'spades-13',
          'hearts-13',
          'clubs-13',
          'spades-12',
          'hearts-12'
        ],
        activeScoringIds: [
          'spades-13',
          'hearts-13',
          'clubs-13',
          'spades-12',
          'hearts-12'
        ],
        heldIds: [ 'spades-2', 'spades-3', 'spades-4' ]
      },
      finalScore: '1300',
      accumulator: { H: { n: '260', d: '1' }, M: { n: '5', d: '1' } },
      events: [
        {
          eventId: 'hero-stage/azao/hand/hero-stage/azao/command/4/event/0',
          rootId: 'hero-stage/azao/hand/hero-stage/azao/command/4',
          rootEventId: 'hero-stage/azao/hand/hero-stage/azao/command/4/event/0',
          phase: 'base',
          sourceType: 'rule',
          sourceDefinitionId: 'full-house',
          sourceInstanceId: 'hero-stage/azao',
          operation: 'base',
          value: { n: '210', d: '1' },
          before: { H: [Object], M: [Object] },
          after: { H: [Object], M: [Object] },
          reasonKey: 'full-house.base',
          visibleCondition: { kind: 'always' },
          retriggerDepth: 0
        },
        {
          eventId: 'hero-stage/azao/hand/hero-stage/azao/command/4/event/1',
          rootId: 'hero-stage/azao/hand/hero-stage/azao/command/4',
          rootEventId: 'hero-stage/azao/hand/hero-stage/azao/command/4/event/1',
          phase: 'onCardScore',
          sourceType: 'card',
          sourceDefinitionId: 'rank-13',
          sourceInstanceId: 'spades-13',
          targetCardId: 'spades-13',
          operation: 'add-heat',
          value: { n: '10', d: '1' },
          before: { H: [Object], M: [Object] },
          after: { H: [Object], M: [Object] },
          reasonKey: 'rank-13.add-heat',
          visibleCondition: { kind: 'always' },
          retriggerDepth: 0
        },
        {
          eventId: 'hero-stage/azao/hand/hero-stage/azao/command/4/event/2',
          rootId: 'hero-stage/azao/hand/hero-stage/azao/command/4',
          rootEventId: 'hero-stage/azao/hand/hero-stage/azao/command/4/event/2',
          phase: 'onCardScore',
          sourceType: 'card',
          sourceDefinitionId: 'rank-13',
          sourceInstanceId: 'hearts-13',
          targetCardId: 'hearts-13',
          operation: 'add-heat',
          value: { n: '10', d: '1' },
          before: { H: [Object], M: [Object] },
          after: { H: [Object], M: [Object] },
          reasonKey: 'rank-13.add-heat',
          visibleCondition: { kind: 'always' },
          retriggerDepth: 0
        },
        {
          eventId: 'hero-stage/azao/hand/hero-stage/azao/command/4/event/3',
          rootId: 'hero-stage/azao/hand/hero-stage/azao/command/4',
          rootEventId: 'hero-stage/azao/hand/hero-stage/azao/command/4/event/3',
          phase: 'onCardScore',
          sourceType: 'card',
          sourceDefinitionId: 'rank-13',
          sourceInstanceId: 'clubs-13',
          targetCardId: 'clubs-13',
          operation: 'add-heat',
          value: { n: '10', d: '1' },
          before: { H: [Object], M: [Object] },
          after: { H: [Object], M: [Object] },
          reasonKey: 'rank-13.add-heat',
          visibleCondition: { kind: 'always' },
          retriggerDepth: 0
        },
        {
          eventId: 'hero-stage/azao/hand/hero-stage/azao/command/4/event/4',
          rootId: 'hero-stage/azao/hand/hero-stage/azao/command/4',
          rootEventId: 'hero-stage/azao/hand/hero-stage/azao/command/4/event/4',
          phase: 'onCardScore',
          sourceType: 'card',
          sourceDefinitionId: 'rank-12',
          sourceInstanceId: 'spades-12',
          targetCardId: 'spades-12',
          operation: 'add-heat',
          value: { n: '10', d: '1' },
          before: { H: [Object], M: [Object] },
          after: { H: [Object], M: [Object] },
          reasonKey: 'rank-12.add-heat',
          visibleCondition: { kind: 'always' },
          retriggerDepth: 0
        },
        {
          eventId: 'hero-stage/azao/hand/hero-stage/azao/command/4/event/5',
          rootId: 'hero-stage/azao/hand/hero-stage/azao/command/4',
          rootEventId: 'hero-stage/azao/hand/hero-stage/azao/command/4/event/5',
          phase: 'onCardScore',
          sourceType: 'card',
          sourceDefinitionId: 'rank-12',
          sourceInstanceId: 'hearts-12',
          targetCardId: 'hearts-12',
          operation: 'add-heat',
          value: { n: '10', d: '1' },
          before: { H: [Object], M: [Object] },
          after: { H: [Object], M: [Object] },
          reasonKey: 'rank-12.add-heat',
          visibleCondition: { kind: 'always' },
          retriggerDepth: 0
        },
        {
          eventId: 'hero-stage/azao/hand/hero-stage/azao/command/4/event/6',
          rootId: 'hero-stage/azao/hand/hero-stage/azao/command/4',
          rootEventId: 'hero-stage/azao/hand/hero-stage/azao/command/4/event/6',
          phase: 'finalScore',
          sourceType: 'rule',
          sourceDefinitionId: 'full-house',
          sourceInstanceId: 'hero-stage/azao',
          operation: 'final-score',
          value: { n: '1300', d: '1' },
          before: { H: [Object], M: [Object] },
          after: { H: [Object], M: [Object] },
          reasonKey: 'full-house.final-score',
          visibleCondition: { kind: 'always' },
          retriggerDepth: 0
        }
      ],
      jokers: [],
      rng: { algorithm: 'fnv1a-mulberry32-v1', state: 2929551829 },
      goldDelta: 0,
      destroyedCardIds: [],
      destroyedJokerIds: [],
      cards: [
        { id: 'spades-13', suit: 'spades', rank: 13 },
        { id: 'hearts-13', suit: 'hearts', rank: 13 },
        { id: 'clubs-13', suit: 'clubs', rank: 13 },
        { id: 'spades-12', suit: 'spades', rank: 12 },
        { id: 'hearts-12', suit: 'hearts', rank: 12 },
        { id: 'spades-2', suit: 'spades', rank: 2 },
        { id: 'spades-3', suit: 'spades', rank: 3 },
        { id: 'spades-4', suit: 'spades', rank: 4 }
      ],
      sourceJokers: [],
      bossContext: {
        boss: null,
        previousHandType: null,
        sealedJokerIds: [],
        challengeDisabledJokerId: null
      },
      combo: { goldBeforeRewards: 12 }
    },
    handLevels: { 'full-house': 1 },
    outcome: null
  },
  expected: {
    schemaVersion: 2,
    rulesVersion: 'r2',
    contentVersion: 'quality-r2-basic-tool-choice-v1',
    contentHash: 'json-fnv-v1:74a532e990d14b0d',
    runId: 'hero-stage/azao',
    seed: 'hero-stage-continuity',
    commandSeq: 4,
    difficulty: 0,
    characterId: 'azao',
    openingRoute: 'group',
    openingShow: {
      handsScored: 1,
      rootId: 'hero-stage/azao/hand/hero-stage/azao/command/4',
      eventId: 'hero-stage/azao/hand/hero-stage/azao/command/4/event/6',
      reason: 'score'
    },
    routeStarter: { instanceId: null, rootId: null, eventId: null },
    mode: 'standard',
    challengeId: null,
    programsEnabled: false,
    programRerollCoupon: false,
    chapterDisabledJokerId: null,
    chapter: 1,
    stageIndex: 1,
    phase: 'stage-cleared',
    deckInstances: [
      { id: 'spades-2', suit: 'spades', rank: 2 },
      { id: 'spades-3', suit: 'spades', rank: 3 },
      { id: 'spades-4', suit: 'spades', rank: 4 },
      { id: 'spades-5', suit: 'spades', rank: 5 },
      { id: 'spades-6', suit: 'spades', rank: 6 },
      { id: 'spades-7', suit: 'spades', rank: 7 },
      { id: 'spades-8', suit: 'spades', rank: 8 },
      { id: 'spades-9', suit: 'spades', rank: 9 },
      { id: 'spades-10', suit: 'spades', rank: 10 },
      { id: 'spades-11', suit: 'spades', rank: 11 },
      { id: 'spades-12', suit: 'spades', rank: 12 },
      { id: 'spades-13', suit: 'spades', rank: 13 },
      { id: 'spades-14', suit: 'spades', rank: 14 },
      { id: 'hearts-2', suit: 'hearts', rank: 2 },
      { id: 'hearts-3', suit: 'hearts', rank: 3 },
      { id: 'hearts-4', suit: 'hearts', rank: 4 },
      { id: 'hearts-5', suit: 'hearts', rank: 5 },
      { id: 'hearts-6', suit: 'hearts', rank: 6 },
      { id: 'hearts-7', suit: 'hearts', rank: 7 },
      { id: 'hearts-8', suit: 'hearts', rank: 8 },
      { id: 'hearts-9', suit: 'hearts', rank: 9 },
      { id: 'hearts-10', suit: 'hearts', rank: 10 },
      { id: 'hearts-11', suit: 'hearts', rank: 11 },
      { id: 'hearts-12', suit: 'hearts', rank: 12 },
      { id: 'hearts-13', suit: 'hearts', rank: 13 },
      { id: 'hearts-14', suit: 'hearts', rank: 14 },
      { id: 'clubs-2', suit: 'clubs', rank: 2 },
      { id: 'clubs-3', suit: 'clubs', rank: 3 },
      { id: 'clubs-4', suit: 'clubs', rank: 4 },
      { id: 'clubs-5', suit: 'clubs', rank: 5 },
      { id: 'clubs-6', suit: 'clubs', rank: 6 },
      { id: 'clubs-7', suit: 'clubs', rank: 7 },
      { id: 'clubs-8', suit: 'clubs', rank: 8 },
      { id: 'clubs-9', suit: 'clubs', rank: 9 },
      { id: 'clubs-10', suit: 'clubs', rank: 10 },
      { id: 'clubs-11', suit: 'clubs', rank: 11 },
      { id: 'clubs-12', suit: 'clubs', rank: 12 },
      { id: 'clubs-13', suit: 'clubs', rank: 13 },
      { id: 'clubs-14', suit: 'clubs', rank: 14 },
      { id: 'diamonds-2', suit: 'diamonds', rank: 2 },
      { id: 'diamonds-3', suit: 'diamonds', rank: 3 },
      { id: 'diamonds-4', suit: 'diamonds', rank: 4 },
      { id: 'diamonds-5', suit: 'diamonds', rank: 5 },
      { id: 'diamonds-6', suit: 'diamonds', rank: 6 },
      { id: 'diamonds-7', suit: 'diamonds', rank: 7 },
      { id: 'diamonds-8', suit: 'diamonds', rank: 8 },
      { id: 'diamonds-9', suit: 'diamonds', rank: 9 },
      { id: 'diamonds-10', suit: 'diamonds', rank: 10 },
      { id: 'diamonds-11', suit: 'diamonds', rank: 11 },
      { id: 'diamonds-12', suit: 'diamonds', rank: 12 },
      { id: 'diamonds-13', suit: 'diamonds', rank: 13 },
      { id: 'diamonds-14', suit: 'diamonds', rank: 14 }
    ],
    drawPile: [
      'spades-5',    'spades-6',    'spades-7',
      'spades-8',    'spades-9',    'spades-10',
      'spades-11',   'spades-14',   'hearts-2',
      'hearts-3',    'hearts-4',    'hearts-5',
      'hearts-6',    'hearts-7',    'hearts-8',
      'hearts-9',    'hearts-10',   'hearts-11',
      'hearts-14',   'clubs-2',     'clubs-3',
      'clubs-4',     'clubs-5',     'clubs-6',
      'clubs-7',     'clubs-8',     'clubs-9',
      'clubs-10',    'clubs-11',    'clubs-12',
      'clubs-14',    'diamonds-2',  'diamonds-3',
      'diamonds-4',  'diamonds-5',  'diamonds-6',
      'diamonds-7',  'diamonds-8',  'diamonds-9',
      'diamonds-10', 'diamonds-11', 'diamonds-12',
      'diamonds-13', 'diamonds-14'
    ],
    handOrder: [ 'spades-2', 'spades-3', 'spades-4' ],
    playedPile: [ 'spades-13', 'hearts-13', 'clubs-13', 'spades-12', 'hearts-12' ],
    discardPile: [],
    destroyedIds: [],
    stage: {
      azaoCharge: { charge: 0, previousQualifiedType: null },
      openingDiscard: null,
      index: 0,
      targetHeat: '400',
      initialTargetHeat: '400',
      heat: '1300',
      handsLeft: 3,
      initialHands: 4,
      discardsLeft: 3,
      initialDiscards: 3,
      discardSpent: 0,
      discardGained: 0,
      doubleDiscardBeforeFirstPlay: false,
      discardsUsed: 0,
      skipResult: null,
      playIndex: 1,
      previousHandType: 'full-house',
      previousHandScore: '1300',
      handLimit: 8,
      initialHandLimit: 8,
      boss: null,
      initialJokerIds: [],
      sealedJokerIds: [],
      challengeDisabledJokerId: null,
      rescueUsed: false,
      clearId: 'hero-stage/azao/clear/0',
      goldEarned: 9,
      disabledIds: [],
      wagerSelected: false,
      wagerUsed: false,
      maxPlayedCount: 5,
      ordinaryStraightSeen: false,
      ordinaryFlushSeen: false,
      quadRefundUsed: false,
      jokerSold: false
    },
    totalHeat: '1300',
    gold: 21,
    jokers: [],
    consumables: [],
    longTermItems: [],
    program: null,
    boss: { definitionId: 'B01', disabledSuit: null },
    seenBossIds: [ 'B01' ],
    chapterSkipConsumable: 'T03',
    purchaseCoupons: 0,
    safetyNetUsed: false,
    shop: null,
    spectralModifiers: { handsPenalty: 0, handPenalty: 0, cleanSlateBonus: 0 },
    supplyRewardClaimed: false,
    chapterHandUsage: { 'full-house': 1 },
    normalClearClaimed: true,
    tourMode: 'normal',
    normalCompletion: null,
    rng: {
      deck: { algorithm: 'fnv1a-mulberry32-v1', state: 1325327466 },
      rule: { algorithm: 'fnv1a-mulberry32-v1', state: 2929551829 },
      shop: { algorithm: 'fnv1a-mulberry32-v1', state: 112737884 },
      reward: { algorithm: 'fnv1a-mulberry32-v1', state: 1224250774 },
      program: { algorithm: 'fnv1a-mulberry32-v1', state: 1398897712 },
      challenge: { algorithm: 'fnv1a-mulberry32-v1', state: 3153399181 }
    },
    receipts: [
      {
        commandId: 'hero-stage/azao/start',
        fingerprint: 'json-fnv-v1:ad30e6024b29b106',
        seq: 1
      },
      {
        commandId: 'hero-stage/azao/command/2',
        fingerprint: 'json-fnv-v1:955e1e698a5eb8ad',
        seq: 2
      },
      {
        commandId: 'hero-stage/azao/command/3',
        fingerprint: 'json-fnv-v1:f97a77fa466c221e',
        seq: 3
      },
      {
        commandId: 'hero-stage/azao/command/4',
        fingerprint: 'json-fnv-v1:6c1188b461e0b758',
        seq: 4
      }
    ],
    lastTrace: {
      azaoCharge: {
        before: { charge: 0, previousQualifiedType: null },
        release: false,
        after: { charge: 1, previousQualifiedType: 'full-house' },
        multiplier: null
      },
      rulesVersion: 'r2',
      rootId: 'hero-stage/azao/hand/hero-stage/azao/command/4',
      handType: 'full-house',
      level: 1,
      sets: {
        playedIds: [
          'spades-13',
          'hearts-13',
          'clubs-13',
          'spades-12',
          'hearts-12'
        ],
        scoringIds: [
          'spades-13',
          'hearts-13',
          'clubs-13',
          'spades-12',
          'hearts-12'
        ],
        activeScoringIds: [
          'spades-13',
          'hearts-13',
          'clubs-13',
          'spades-12',
          'hearts-12'
        ],
        heldIds: [ 'spades-2', 'spades-3', 'spades-4' ]
      },
      finalScore: '1300',
      accumulator: { H: { n: '260', d: '1' }, M: { n: '5', d: '1' } },
      events: [
        {
          eventId: 'hero-stage/azao/hand/hero-stage/azao/command/4/event/0',
          rootId: 'hero-stage/azao/hand/hero-stage/azao/command/4',
          rootEventId: 'hero-stage/azao/hand/hero-stage/azao/command/4/event/0',
          phase: 'base',
          sourceType: 'rule',
          sourceDefinitionId: 'full-house',
          sourceInstanceId: 'hero-stage/azao',
          operation: 'base',
          value: { n: '210', d: '1' },
          before: { H: [Object], M: [Object] },
          after: { H: [Object], M: [Object] },
          reasonKey: 'full-house.base',
          visibleCondition: { kind: 'always' },
          retriggerDepth: 0
        },
        {
          eventId: 'hero-stage/azao/hand/hero-stage/azao/command/4/event/1',
          rootId: 'hero-stage/azao/hand/hero-stage/azao/command/4',
          rootEventId: 'hero-stage/azao/hand/hero-stage/azao/command/4/event/1',
          phase: 'onCardScore',
          sourceType: 'card',
          sourceDefinitionId: 'rank-13',
          sourceInstanceId: 'spades-13',
          targetCardId: 'spades-13',
          operation: 'add-heat',
          value: { n: '10', d: '1' },
          before: { H: [Object], M: [Object] },
          after: { H: [Object], M: [Object] },
          reasonKey: 'rank-13.add-heat',
          visibleCondition: { kind: 'always' },
          retriggerDepth: 0
        },
        {
          eventId: 'hero-stage/azao/hand/hero-stage/azao/command/4/event/2',
          rootId: 'hero-stage/azao/hand/hero-stage/azao/command/4',
          rootEventId: 'hero-stage/azao/hand/hero-stage/azao/command/4/event/2',
          phase: 'onCardScore',
          sourceType: 'card',
          sourceDefinitionId: 'rank-13',
          sourceInstanceId: 'hearts-13',
          targetCardId: 'hearts-13',
          operation: 'add-heat',
          value: { n: '10', d: '1' },
          before: { H: [Object], M: [Object] },
          after: { H: [Object], M: [Object] },
          reasonKey: 'rank-13.add-heat',
          visibleCondition: { kind: 'always' },
          retriggerDepth: 0
        },
        {
          eventId: 'hero-stage/azao/hand/hero-stage/azao/command/4/event/3',
          rootId: 'hero-stage/azao/hand/hero-stage/azao/command/4',
          rootEventId: 'hero-stage/azao/hand/hero-stage/azao/command/4/event/3',
          phase: 'onCardScore',
          sourceType: 'card',
          sourceDefinitionId: 'rank-13',
          sourceInstanceId: 'clubs-13',
          targetCardId: 'clubs-13',
          operation: 'add-heat',
          value: { n: '10', d: '1' },
          before: { H: [Object], M: [Object] },
          after: { H: [Object], M: [Object] },
          reasonKey: 'rank-13.add-heat',
          visibleCondition: { kind: 'always' },
          retriggerDepth: 0
        },
        {
          eventId: 'hero-stage/azao/hand/hero-stage/azao/command/4/event/4',
          rootId: 'hero-stage/azao/hand/hero-stage/azao/command/4',
          rootEventId: 'hero-stage/azao/hand/hero-stage/azao/command/4/event/4',
          phase: 'onCardScore',
          sourceType: 'card',
          sourceDefinitionId: 'rank-12',
          sourceInstanceId: 'spades-12',
          targetCardId: 'spades-12',
          operation: 'add-heat',
          value: { n: '10', d: '1' },
          before: { H: [Object], M: [Object] },
          after: { H: [Object], M: [Object] },
          reasonKey: 'rank-12.add-heat',
          visibleCondition: { kind: 'always' },
          retriggerDepth: 0
        },
        {
          eventId: 'hero-stage/azao/hand/hero-stage/azao/command/4/event/5',
          rootId: 'hero-stage/azao/hand/hero-stage/azao/command/4',
          rootEventId: 'hero-stage/azao/hand/hero-stage/azao/command/4/event/5',
          phase: 'onCardScore',
          sourceType: 'card',
          sourceDefinitionId: 'rank-12',
          sourceInstanceId: 'hearts-12',
          targetCardId: 'hearts-12',
          operation: 'add-heat',
          value: { n: '10', d: '1' },
          before: { H: [Object], M: [Object] },
          after: { H: [Object], M: [Object] },
          reasonKey: 'rank-12.add-heat',
          visibleCondition: { kind: 'always' },
          retriggerDepth: 0
        },
        {
          eventId: 'hero-stage/azao/hand/hero-stage/azao/command/4/event/6',
          rootId: 'hero-stage/azao/hand/hero-stage/azao/command/4',
          rootEventId: 'hero-stage/azao/hand/hero-stage/azao/command/4/event/6',
          phase: 'finalScore',
          sourceType: 'rule',
          sourceDefinitionId: 'full-house',
          sourceInstanceId: 'hero-stage/azao',
          operation: 'final-score',
          value: { n: '1300', d: '1' },
          before: { H: [Object], M: [Object] },
          after: { H: [Object], M: [Object] },
          reasonKey: 'full-house.final-score',
          visibleCondition: { kind: 'always' },
          retriggerDepth: 0
        }
      ],
      jokers: [],
      rng: { algorithm: 'fnv1a-mulberry32-v1', state: 2929551829 },
      goldDelta: 0,
      destroyedCardIds: [],
      destroyedJokerIds: [],
      cards: [
        { id: 'spades-13', suit: 'spades', rank: 13 },
        { id: 'hearts-13', suit: 'hearts', rank: 13 },
        { id: 'clubs-13', suit: 'clubs', rank: 13 },
        { id: 'spades-12', suit: 'spades', rank: 12 },
        { id: 'hearts-12', suit: 'hearts', rank: 12 },
        { id: 'spades-2', suit: 'spades', rank: 2 },
        { id: 'spades-3', suit: 'spades', rank: 3 },
        { id: 'spades-4', suit: 'spades', rank: 4 }
      ],
      sourceJokers: [],
      bossContext: {
        boss: null,
        previousHandType: null,
        sealedJokerIds: [],
        challengeDisabledJokerId: null
      },
      combo: { goldBeforeRewards: 12 }
    },
    handLevels: { 'full-house': 1 },
    outcome: null
  },
  operator: 'deepStrictEqual',
  diff: 'simple'
}

Node.js v24.19.0
