
> dachoupai@0.1.0 build
> tsc --noEmit && vite build

vite v7.3.6 building client environment for production...
transforming...
✓ 223 modules transformed.
rendering chunks...
computing gzip size...
dist/build-info.json                0.32 kB │ gzip:   0.24 kB
dist/index.html                     0.55 kB │ gzip:   0.36 kB
dist/assets/index-C0x64eKQ.css     51.39 kB │ gzip:  10.58 kB
dist/assets/index-BulOa9T4.js   2,461.01 kB │ gzip: 712.61 kB

(!) Some chunks are larger than 500 kB after minification. Consider:
- Using dynamic import() to code-split the application
- Use build.rollupOptions.output.manualChunks to improve chunking: https://rollupjs.org/configuration-options/#output-manualchunks
- Adjust chunk size limit for this warning via build.chunkSizeWarningLimit.
✓ built in 5.61s
npm notice
npm notice New major version of npm available! 11.9.0 -> 12.2.0
npm notice Changelog: https://github.com/npm/cli/releases/tag/v12.2.0
npm notice To update run: npm install -g npm@12.2.0
npm notice
